--- Job model.gms Start 02/13/26 13:15:44 52.4.0 d810124c WEX-WEI x86 64bit/MS Windows
--- Applying:
    E:\Apps\GAMS_LATEST\52\gmsprmNT.txt
--- GAMS Parameters defined
    Input C:\Users\wcl-1\AppData\Local\Temp\tmprq_dxzkr\model.gms
    Output C:\Users\wcl-1\AppData\Local\Temp\tmprq_dxzkr\output.lst
    ScrDir C:\Users\wcl-1\AppData\Local\Temp\tmprq_dxzkr\225a\
    SysDir E:\Apps\GAMS_LATEST\52\
    CurDir C:\Users\wcl-1\AppData\Local\Temp\tmprq_dxzkr\
    LogOption 3
    AppendLog 1
Licensee: David Bernal / SECQUOIA Research Group         G251008+0003Ac-GEN
          Purdue University, Davidson School of Chemical EngineeringDCE4838
          225a\gamslice.dat
          5a82958a-fbca-4a23
          node:23501303 mem:32 cores:14 ipport:64427 v:2                   
          Evaluation license: Not for commercial or production use
          The time-limited license stops working on : Jun 30, 2027
System information: 14 physical cores and 32 Gb physical memory detected
GAMS 52.4.0   Copyright (C) 1987-2026 GAMS Development. All rights reserved
--- Starting compilation
--- model.gms(10514) 3 Mb
--- $echo File C:\Users\wcl-1\AppData\Local\Temp\tmprq_dxzkr\dicopt.opt
--- model.gms(15416) 4 Mb
--- Starting execution: elapsed 0:00:00.046
--- model.gms(10513) 5 Mb
--- Generating MINLP model GAMS_MODEL
--- model.gms(10520) 8 Mb
--- Reset Solvelink = 2
---   3,134 rows  1,709 columns  8,646 non-zeroes
---   16,185 nl-code  2,184 nl-non-zeroes
---   27 discrete-columns
--- Range statistics (absolute non-zero finite values)
--- RHS       [min, max] : [ 1.000E+00, 1.000E+00] - Zero values observed as well
--- Bound     [min, max] : [ 1.000E+00, 3.000E+02] - Zero values observed as well
--- Matrix    [min, max] : [ 5.000E-02, 3.000E+02] - Zero values observed as well
--- model.gms(10520) 6 Mb
--- Executing DICOPT (Solvelink=2): elapsed 0:00:00.062
-------------------------------------------------------------------------------
Dicopt 2         52.4.0 d810124c Jan 14, 2026          WEI x86 64bit/MS Window
-------------------------------------------------------------------------------
Reading parameter(s) from "C:\Users\wcl-1\AppData\Local\Temp\tmprq_dxzkr\dicopt.opt"
>>  stop 1
Finished reading from "C:\Users\wcl-1\AppData\Local\Temp\tmprq_dxzkr\dicopt.opt"

--- DICOPT: Starting major iteration 1
--- DICOPT: Setting up first (relaxed) NLP.

CONOPT 4         52.4.0 d810124c Jan 14, 2026          WEI x86 64bit/MS Window

 
 
    C O N O P T   version 4.39.0
    Copyright (C) GAMS Software GmbH
                  GAMS Development Corporation
 
    Will use up to 4 threads.
 
 
    The user model has 3134 constraints and 1709 variables
    with 8646 Jacobian elements, 2184 of which are nonlinear.
    The Hessian of the Lagrangian has 824 elements on the diagonal,
    915 elements below the diagonal, and 1284 nonlinear variables.
 
    Iter Phase   Ninf   Infeasibility   RGmax      NSB   Step  InItr MX OK
       0   0          2.0000000000E+01 (Input point)
 
    The pre-triangular part of the model has 737 constraints and 230 variables.
    The post-triangular part of the model has 10 constraints and variables.
    There are 185 definitional constraints and defined variables.
 
    Preprocessed model has 2202 constraints and 1284 variables
    with 6394 Jacobian elements, 1549 of which are nonlinear.
 
    Iter Phase   Ninf   Infeasibility   RGmax      NSB   Step  InItr MX OK
                      1.0218780335E+02 (Full preprocessed model)
                      5.1435343737E+00 (After scaling)
                      2.7675920511E+00 (After adjusting individual variables)
       1   0          2.4137336672E+00                 1.0E+00     1 T  T
       2   1       2  2.4108292805E+00 4.8E+00       2 1.2E-03     2 F  F
       3   1       2  1.2664502652E+00 6.4E+00       2 7.3E-01     2 F  F
       4   1       2  3.7625297788E-01 3.6E+00       4 7.3E-01     4 T  T
       5   1       1  4.9016414038E-02 3.0E+01       4 1.0E+00     4 T  T
 
 ** Feasible solution. Value of objective =  -0.417628768254
 
    Iter Phase   Ninf     Objective     RGmax      NSB   Step  InItr MX OK
       6   3         -4.7428463197E-01 6.7E+01       3 1.0E+00    25 T  T
       7   3         -4.7902876839E-01 1.4E+00     181 1.4E-03    25 T  T
       8   3         -1.5027518696E+00 3.8E+00     180 1.5E-01    10 F  F
       9   3         -5.5212890283E+00 4.7E+01     181 4.0E-01    15 F  F
      10   3         -1.1018497326E+01 4.0E+00     181 1.0E+00    22 T  T
      11   3         -1.7090048471E+01 7.1E+00     170 8.6E-01    22 F  F
      12   3         -2.0098945650E+01 3.5E+01     172 1.0E+00    25 T  T
      13   3         -2.1338522655E+01 3.6E+01      23 1.0E+00    25 T  T
      14   3         -2.2504551143E+01 3.8E+01     158 1.0E+00    25 T  T
      15   3         -2.3766947253E+01 3.3E+01     145 1.0E+00    25 T  T
 
    Iter Phase   Ninf     Objective     RGmax      NSB   Step  InItr MX OK
      16   3         -2.5379171731E+01 3.0E+01      21 1.0E+00    25 T  T
      17   3         -2.7174911655E+01 3.8E+01     139 1.0E+00    25 T  T
      18   3         -2.8527756313E+01 4.0E+01     133 1.0E+00    25 T  T
      19   3         -2.9491365759E+01 1.3E+02     133 6.5E-01    25 F  F
      20   3         -2.9949783643E+01 4.3E+01     134 1.0E+00    25 T  T
      21   3         -3.0561068115E+01 4.8E+01     134 1.0E+00    27 T  T
      22   3         -3.0954418344E+01 7.6E+01     133 8.9E-01    32 F  F
      23   3         -3.1121158050E+01 5.5E+01     135 1.0E+00    25 T  T
      24   3         -3.1577567653E+01 1.2E+02     132 1.0E+00    35 T  T
      25   3         -3.2299965692E+01 7.2E+01     126 1.0E+00    41 T  T
 
    Iter Phase   Ninf     Objective     RGmax      NSB   Step  InItr MX OK
      26   3         -3.2932431142E+01 5.7E+01     118 9.2E-01    41 F  F
      27   3         -3.3064770230E+01 7.8E+01     120 1.0E+00    25 T  T
      28   3         -3.3205482342E+01 7.9E+01     118 1.0E+00    25 T  T
      29   3         -3.3603497196E+01 7.4E+01     114 1.0E+00    35 T  T
      30   3         -3.4378392404E+01 6.2E+01     112 1.0E+00    49 T  T
      31   3         -3.5051242765E+01 8.8E+01     107 1.0E+00    49 T  T
      32   3         -3.5786182335E+01 7.6E+01      98 1.0E+00    50 T  T
      33   3         -3.6579888365E+01 7.4E+01      93 1.0E+00    50 T  T
      34   3         -3.7291526022E+01 7.2E+01      88 1.0E+00    50 T  T
      35   3         -3.8047252849E+01 7.3E+01      87 1.0E+00    50 T  T
 
    Iter Phase   Ninf     Objective     RGmax      NSB   Step  InItr MX OK
      36   3         -3.8769350470E+01 8.0E+01      84 1.0E+00    50 T  T
      37   3         -3.9619649059E+01 7.2E+01      80 1.0E+00    50 T  T
      38   3         -4.0414337719E+01 8.8E+01      72 1.0E+00    48 T  T
      39   3         -4.1094481972E+01 7.7E+01      66 9.9E-01    45 T  T
      40   3         -4.1566501498E+01 7.8E+01      66 1.0E+00    25 T  T
      41   3         -4.2056820531E+01 8.0E+01      54 1.0E+00    25 T  T
      42   3         -4.2799201896E+01 8.0E+01      46 1.0E+00    30 T  T
      43   3         -4.3490473979E+01 8.1E+01      39 1.0E+00    27 T  T
      44   3         -4.4094097993E+01 9.2E+01      29 1.0E+00    18 T  T
      45   3         -4.4624164050E+01 9.0E+01      22 1.0E+00    12 T  T
 
    Iter Phase   Ninf     Objective     RGmax      NSB   Step  InItr MX OK
      46   3         -4.5104003391E+01 8.3E+01      19 1.0E+00    11 T  T
      47   3         -4.5660862966E+01 8.4E+01      16 1.0E+00     9 T  T
      48   3         -4.6197335638E+01 8.6E+01      14 1.0E+00    10 T  T
      49   3         -4.7167426569E+01 8.7E+01      11 1.0E+00     6 T  T
      50   3         -4.9130374052E+01 8.8E+01      11 1.0E+00    11 T  T
      51   3         -5.2083245284E+01 8.7E+01      11 1.0E+00    13 T  T
      52   3         -5.4999792554E+01 8.7E+01      11 1.0E+00     9 T  T
      53   3         -6.0174821651E+01 8.6E+01      10 1.0E+00    17 T  T
      54   3         -6.5353660862E+01 8.6E+01       7 1.0E+00    11 T  T
      55   3         -7.0619529948E+01 8.5E+01       8 1.0E+00    14 T  T
 
    Iter Phase   Ninf     Objective     RGmax      NSB   Step  InItr MX OK
      56   3         -7.3429080755E+01 4.3E+01       5 1.0E+00    10 T  T
      57   3         -7.7605344618E+01 1.3E+01       7 1.0E+00    10 T  T
      58   3         -8.3074961819E+01 1.6E+01       7 1.0E+00    11 T  T
      59   3         -8.8604919437E+01 1.7E+01       8 1.0E+00     9 T  T
      60   3         -9.4117429935E+01 1.2E+01       6 1.0E+00    10 T  T
      61   3         -9.9152600436E+01 1.1E+01       6 9.5E-01     8 T  T
      62   3         -9.9656407310E+01 1.5E+01      26 6.5E-01    27 F  F
      63   3         -9.9892851286E+01 1.2E+01      20 1.0E+00    36 T  T
      64   3         -9.9982967440E+01 3.2E+02      36 4.3E-01    45 F  F
      65   3         -1.0001675131E+02 1.5E+01      18 1.0E+00    25 T  T
 
    Iter Phase   Ninf     Objective     RGmax      NSB   Step  InItr MX OK
      66   3         -1.0005180918E+02 2.1E+01      13 1.0E+00    27 T  T
      67   3         -1.0010095962E+02 1.4E+01      24 1.0E+00    27 T  T
      68   3         -1.0019271258E+02 6.8E+00      15 1.0E+00    10 T  T
      69   3         -1.0032151365E+02 6.8E+00       6 1.0E+00    11 T  T
      70   3         -1.0046272749E+02 6.8E+00       4 1.1E+00     2 T  T
      71   3         -1.0065540995E+02 6.4E+00       5 1.0E+00    19 T  T
      72   3         -1.0083896191E+02 6.3E+00       3 1.0E+00     1 T  T
      73   3         -1.0120170178E+02 5.3E+00       2 1.0E+00     2 T  T
      74   3         -1.0189813135E+02 4.9E+00       3 1.0E+00    11 T  T
      75   3         -1.0302277643E+02 2.3E+01       9 1.0E+00     9 T  T
 
    Iter Phase   Ninf     Objective     RGmax      NSB   Step  InItr MX OK
      76   3         -1.0363760814E+02 1.0E+04      28 1.0E+00    19 T  T
      77   3         -1.0476025077E+02 3.3E+00       7 1.0E+00    11 T  T
      78   3         -1.0578832033E+02 4.6E+00       7 1.0E+00     9 T  T
      79   3         -1.0671344545E+02 1.0E+01       5 7.2E-01     3 T  T
      80   3         -1.0713108537E+02 1.3E+01       7 1.0E+00     6 T  T
      81   3         -1.0773221654E+02 8.8E+00       3 1.0E+00     4 T  T
      82   3         -1.0842713637E+02 1.2E+01       9 1.0E+00    10 T  T
      83   3         -1.0964283360E+02 3.9E+00      10 1.0E+00     8 T  T
      84   3         -1.1030837503E+02 3.7E+00       7 1.1E+00     1 F  F
      85   3         -1.1085437332E+02 3.6E+00       1 1.2E+00     1 T  T
 
    Iter Phase   Ninf     Objective     RGmax      NSB   Step  InItr MX OK
      86   3         -1.1130574964E+02 3.4E+00       3 1.2E+00    12 T  T
      87   3         -1.1138851033E+02 1.9E-01       3 1.0E+00     6 T  T
      88   3         -1.1141189603E+02 2.1E-01       5 1.0E+00     5 T  T
      89   3         -1.1142637884E+02 2.3E+00       2 1.0E+00     3 T  T
      91   4         -1.1142637884E+02 0.0E+00       0
 
 ** Optimal solution. There are no superbasic variables.
 
--- DICOPT: Setting up first MIP

IBM ILOG CPLEX   52.4.0 d810124c Jan 14, 2026          WEI x86 64bit/MS Window

--- GAMS/CPLEX licensed for continuous and discrete problems.
--- GMO setup time: 0.00s
--- Space for names approximately 0.09 Mb
--- Use option 'names no' to turn use of names off
--- GMO memory 1.17 Mb (peak 1.19 Mb)
--- Dictionary memory 0.00 Mb
--- Cplex 22.1.2.0 link memory 0.09 Mb (peak 0.35 Mb)
--- Starting Cplex

Version identifier: 22.1.2.0 | 2024-11-25 | 0edbb82fd
CPXPARAM_Advance                                 0
CPXPARAM_MIP_Display                             4
CPXPARAM_MIP_Pool_Capacity                       0
CPXPARAM_TimeLimit                               899.51599999999996
CPXPARAM_MIP_Tolerances_AbsMIPGap                0
CPXPARAM_MIP_Tolerances_MIPGap                   0
Generic callback                                 0x50
Tried aggregator 3 times.
MIP Presolve eliminated 790 rows and 506 columns.
MIP Presolve modified 1 coefficients.
Aggregator did 213 substitutions.
Reduced MIP has 2131 rows, 2085 columns, and 6948 nonzeros.
Reduced MIP has 2 binaries, 0 generals, 0 SOSs, and 0 indicators.
Presolve time = 0.02 sec. (11.19 ticks)
Found incumbent of value 753616.408834 after 0.02 sec. (14.46 ticks)
Probing time = 0.00 sec. (0.37 ticks)
Tried aggregator 1 time.
Detecting symmetries...
Reduced MIP has 2131 rows, 2085 columns, and 6948 nonzeros.
Reduced MIP has 2 binaries, 0 generals, 0 SOSs, and 0 indicators.
Presolve time = 0.00 sec. (4.64 ticks)
Probing time = 0.00 sec. (0.37 ticks)
Clique table members: 1.
MIP emphasis: balance optimality and feasibility.
MIP search method: dynamic search.
Parallel mode: deterministic, using up to 18 threads.
Parallel mode: deterministic, using up to 3 threads for parallel tasks at root LP.
Parallel mode: deterministic, using up to 15 threads for concurrent optimization:
 * Starting dual Simplex on 1 thread...
 * Starting Barrier on 13 threads...
 * Starting primal Simplex on 1 thread...
Initializing dual steep norms . . .

Iteration log . . .
Iteration:     1   Dual objective     =          -192.098010
Perturbation started.
Iteration:   101   Dual objective     =          -192.098010
Iteration:   333   Dual objective     =          -190.271951
Iteration:   526   Dual objective     =          -188.966777
Iteration:   690   Dual objective     =          -188.951724
Iteration:   805   Dual objective     =          -188.148512
Iteration:   958   Dual objective     =          -158.318668
Iteration:  1052   Dual objective     =          -140.733844
Iteration:  1149   Dual objective     =          -119.288850
Iteration:  1228   Dual objective     =          -113.579538
Removing perturbation.

Dual simplex solved model.

Root relaxation solution time = 0.03 sec. (46.11 ticks)

        Nodes                                         Cuts/
   Node  Left     Objective  IInf  Best Integer    Best Bound    ItCnt     Gap

*     0+    0                       753616.4088     -192.0980           100.03%
Found incumbent of value 753616.408834 after 0.05 sec. (69.94 ticks)
*     0+    0                            2.2835     -192.0980              --- 
Found incumbent of value 2.283460 after 0.05 sec. (69.97 ticks)
      0     0     -111.4264     2        2.2835     -111.4264     1257     --- 
      0     0      -53.7623     1        2.2835       Cuts: 4     1514     --- 
      0     0      -52.4101     1        2.2835       Cuts: 7     1518     --- 
      0     0      -52.4101     1        2.2835    MIRcuts: 2     1519     --- 
      0     0      -52.4101     1        2.2835    MIRcuts: 1     1520     --- 
*     0+    0                            2.2835      -46.4636              --- 
Found incumbent of value 2.283458 after 0.17 sec. (154.40 ticks)
      0     0        cutoff              2.2835        2.2835     1520   -0.00%
Elapsed time = 0.17 sec. (157.24 ticks, tree = 0.01 MB)

Flow cuts applied:  2
Mixed integer rounding cuts applied:  4
Gomory fractional cuts applied:  1

Root node processing (before b&c):
  Real time             =    0.17 sec. (157.32 ticks)
Parallel b&c, 18 threads:
  Real time             =    0.00 sec. (0.00 ticks)
  Sync time (average)   =    0.00 sec.
  Wait time (average)   =    0.00 sec.
                          ------------
Total (root+branch&cut) =    0.17 sec. (157.32 ticks)

--- MIP status (101): integer optimal solution.
--- Cplex Time: 0.17sec (det. 157.33 ticks)

--- Returning a primal only solution to GAMS (marginals all set to NA).
--- Fixing integer variables and solving final LP...

Version identifier: 22.1.2.0 | 2024-11-25 | 0edbb82fd
CPXPARAM_Advance                                 2
CPXPARAM_MIP_Display                             4
CPXPARAM_MIP_Pool_Capacity                       0
CPXPARAM_TimeLimit                               899.51599999999996
CPXPARAM_MIP_Tolerances_AbsMIPGap                0
CPXPARAM_MIP_Tolerances_MIPGap                   0
Parallel mode: deterministic, using up to 18 threads for concurrent optimization:
 * Starting dual Simplex on 1 thread...
 * Starting Barrier on 16 threads...
 * Starting primal Simplex on 1 thread...
Tried aggregator 1 time.
LP Presolve eliminated 2103 rows and 1250 columns.
Aggregator did 509 substitutions.
Reduced LP has 522 rows, 1045 columns, and 2607 nonzeros.
Presolve time = 0.00 sec. (2.65 ticks)
Initializing dual steep norms . . .

Iteration log . . .
Iteration:     1   Dual objective     =          -185.156823
Iteration:    68   Dual objective     =          -118.204189
Iteration:   194   Dual objective     =          -104.061114
Perturbation started.
Iteration:   202   Dual objective     =          -104.061114
Iteration:   310   Dual objective     =           -76.710585
Iteration:   396   Dual objective     =           -37.183637
Iteration:   475   Dual objective     =             2.288596
Removing perturbation.

Dual simplex solved model.


--- Fixed MIP status (1): optimal.
--- Cplex Time: 0.02sec (det. 9.42 ticks)


Proven optimal solution
MIP Solution:            2.283458    (1520 iterations, 0 nodes)
Final Solve:             2.283460    (475 iterations)

Best possible:           2.283458
Absolute gap:            0.000002
Relative gap:            0.000001

--- DICOPT: Starting major iteration 2
--- DICOPT: Setting up next NLP

CONOPT 4         52.4.0 d810124c Jan 14, 2026          WEI x86 64bit/MS Window

 
 
    C O N O P T   version 4.39.0
    Copyright (C) GAMS Software GmbH
                  GAMS Development Corporation
 
    Will use up to 4 threads.
 
 
    The user model has 3134 constraints and 1709 variables
    with 8646 Jacobian elements, 2184 of which are nonlinear.
    The Hessian of the Lagrangian has 824 elements on the diagonal,
    915 elements below the diagonal, and 1284 nonlinear variables.
 
    Iter Phase   Ninf   Infeasibility   RGmax      NSB   Step  InItr MX OK
       0   0          4.7446730597E+04 (Input point)
 
    The pre-triangular part of the model has 2040 constraints and 614 variables.
    The post-triangular part of the model has 5 constraints and variables.
    There are 541 definitional constraints and defined variables.
 
    Preprocessed model has 548 constraints and 549 variables
    with 2175 Jacobian elements, 275 of which are nonlinear.
 
    Iter Phase   Ninf   Infeasibility   RGmax      NSB   Step  InItr MX OK
                      1.8064985019E+04 (Full preprocessed model)
                      6.7195092789E+01 (After scaling)
                      1.7515201687E+01 (After adjusting individual variables)
       1  S0          2.0099617058E+01                 1.0E+00     5 T  T
       2  S0          1.9702255587E+01                 1.0E+00     4 T  T
       3  S0          1.7798914989E+01                 1.0E+00     3 T  T
       4  S0          1.5718221635E+01                 1.0E+00     4 T  T
       5  S0          1.4914201782E+01                 1.0E+00     2 T  T
       6  S0          1.2367510699E+01                 1.0E+00     1 T  T
       7  S0          1.5501241790E+01                 1.0E+00     2 T  T
 
    Iter Phase   Ninf   Infeasibility   RGmax      NSB   Step  InItr MX OK
       8  S0          1.1043216510E+01                 1.0E+00     4 T  T
       9  S0          1.2692896485E+01                 1.0E+00     1 T  T
      10   0          1.2680507642E+01                 1.0E+00     1 T  T
      11   0          1.2680506739E+01                 1.0E+00     1 T  T
      12   1      28  8.0727803531E+00 8.7E+00      20 4.4E-01    21 F  F
      13   1       8  1.2698612589E+00 3.1E+00      25 1.0E+00    14 T  T
 
 ** Feasible solution. Value of objective =  -0.909539863238
 
    Iter Phase   Ninf     Objective     RGmax      NSB   Step  InItr MX OK
      14   3         -9.1774534172E+00 1.9E+00       1 1.0E+00     1 T  T
      15   4         -9.1774534172E+00 0.0E+00       0
 
 ** Optimal solution. There are no superbasic variables.
 
--- DICOPT: Checking convergence
--- DICOPT: Search stopped on crossover
--- DICOPT: Log File:
 Major Major     Objective    CPU time  Itera- Evaluation Solver
 Step  Iter       Function     (Sec)    tions   Errors
  NLP    1      -111.42638      0.48       91      0      conopt
  MIP    1         2.28346      0.19     1520      0      cplex
  NLP    2        -9.17745<     0.03       15      0      conopt
--- DICOPT: Terminating...
--- DICOPT: Stopped on crossover

      The search was stopped because a crossover occurred.
      The bound provided by the MIP master problem exceeds or
      is within optcr of the objective value of the incumbent.

--- DICOPT: Best integer solution found: -9.177453
--- Reading solution for model GAMS_MODEL
--- Executing after solve: elapsed 0:00:00.902
--- model.gms(10523) 6 Mb
--- model.gms(15416) 8 Mb
--- Putfile results C:\Users\wcl-1\AppData\Local\Temp\tmprq_dxzkr\results.dat
--- Putfile statresults C:\Users\wcl-1\AppData\Local\Temp\tmprq_dxzkr\resultsstat.dat
*** Status: Normal completion
--- Job model.gms Stop 02/13/26 13:15:45 elapsed 0:00:00.912

Problem: 
- Name: C\x3a\Users\wcl-1\AppData\Local\Temp\tmprq_dxzkr\model.gms
  Lower bound: -9.177453417015974
  Upper bound: -9.177453417015974
  Number of objectives: 1
  Number of constraints: 3134.0
  Number of variables: 1709.0
  Number of binary variables: None
  Number of integer variables: 27.0
  Number of continuous variables: 1682.0
  Number of nonzeros: 8646.0
  Sense: minimize
Solver: 
- Name: GAMS (52, 4, 0, 0)
  Status: ok
  Return code: 0
  Message: None
  User time: 0.855000014416873
  System time: None
  Wallclock time: None
  Termination condition: optimal
  Termination message: None
Solution: 
- number of solutions: 0
  number of solutions displayed: 0

