Solver command line: []

Read LP format model from file /tmp/tmpiejquvht.pyomo.lp
Reading time = 0.00 seconds
obj: 4 rows, 3 columns, 12 nonzeros
Set parameter Presolve to value 0
Set parameter LogFile to value "gurobi_native.log"
Set parameter Threads to value 1
Gurobi Optimizer version 13.0.1 build v13.0.1rc0 (linux64 - "Oracle Linux Server 9.7")

CPU model: AMD EPYC 7643 48-Core Processor, instruction set [SSE2|AVX|AVX2]
Thread count: 48 physical cores, 96 logical processors, using up to 1 threads

Non-default parameters:
Presolve  0
Threads  1

Optimize a model with 4 rows, 3 columns and 12 nonzeros (Min)
Model fingerprint: 0xdb6b5d58
Model has 1 linear objective coefficients
Variable types: 1 continuous, 2 integer (0 binary)
Coefficient statistics:
  Matrix range     [1e+00, 8e+01]
  Objective range  [1e+00, 1e+00]
  Bounds range     [1e+00, 8e+00]
  RHS range        [1e+02, 5e+02]

Found heuristic solution: objective -89.8155446
Variable types: 1 continuous, 2 integer (0 binary)

Root relaxation: objective -1.884495e+02, 2 iterations, 0.00 seconds (0.00 work units)

    Nodes    |    Current Node    |     Objective Bounds      |     Work
 Expl Unexpl |  Obj  Depth IntInf | Incumbent    BestBd   Gap | It/Node Time

*    0     0               0    -188.4494921 -188.44949  0.00%     -    0s

Explored 1 nodes (2 simplex iterations) in 0.00 seconds (0.00 work units)
Thread count was 1 (of 96 available processors)

Solution count 2: -188.449 -89.8155 
No other solutions better than -188.449

Optimal solution found (tolerance 1.00e-04)
Best objective -1.884494920929e+02, best bound -1.884494920929e+02, gap 0.0000%

