Solver command line: []

Read LP format model from file /tmp/tmpc9blb2mp.pyomo.lp
Reading time = 0.00 seconds
obj: 3 rows, 9 columns, 18 nonzeros
Set parameter Presolve to value 0
Set parameter LogFile to value "gurobi_native.log"
Set parameter Threads to value 1
Gurobi Optimizer version 13.0.1 build v13.0.1rc0 (linux64 - "Oracle Linux Server 9.7")

CPU model: AMD EPYC 7643 48-Core Processor, instruction set [SSE2|AVX|AVX2]
Thread count: 48 physical cores, 96 logical processors, using up to 1 threads

Non-default parameters:
Presolve  0
Threads  1

Optimize a model with 3 rows, 9 columns and 18 nonzeros (Min)
Model fingerprint: 0xf7a172ac
Model has 1 linear objective coefficients
Variable types: 1 continuous, 8 integer (0 binary)
Coefficient statistics:
  Matrix range     [1e+00, 2e+08]
  Objective range  [1e+00, 1e+00]
  Bounds range     [1e+00, 3e+00]
  RHS range        [2e+00, 2e+08]
Warning: Model contains large matrix coefficients
         Consider reformulating model or setting NumericFocus parameter
         to avoid numerical issues.

Found heuristic solution: objective 1.000000e+08
Variable types: 1 continuous, 8 integer (0 binary)

Root relaxation: objective -5.000021e+07, 3 iterations, 0.00 seconds (0.00 work units)

    Nodes    |    Current Node    |     Objective Bounds      |     Work
 Expl Unexpl |  Obj  Depth IntInf | Incumbent    BestBd   Gap | It/Node Time

     0     0 -5.000e+07    0    2 1.0000e+08 -5.000e+07   150%     -    0s
H    0     0                    -124.9477110 -5.000e+07      -     -    0s
H    0     0                    -188.4494935 -5.000e+07      -     -    0s

Explored 1 nodes (3 simplex iterations) in 0.00 seconds (0.00 work units)
Thread count was 1 (of 96 available processors)

Solution count 3: -188.449 -124.948 1e+08 

Optimal solution found (tolerance 1.00e-04)
Best objective -1.884494934678e+02, best bound -1.884494935274e+02, gap 0.0000%

