Solver command line: []

Read LP format model from file /tmp/tmpoad_uc_e.pyomo.lp
Reading time = 0.00 seconds
obj: 16 rows, 3 columns, 48 nonzeros
Set parameter Presolve to value 0
Set parameter LogFile to value "gurobi_native.log"
Set parameter Threads to value 1
Gurobi Optimizer version 13.0.1 build v13.0.1rc0 (linux64 - "Oracle Linux Server 9.7")

CPU model: AMD EPYC 7643 48-Core Processor, instruction set [SSE2|AVX|AVX2]
Thread count: 48 physical cores, 96 logical processors, using up to 1 threads

Non-default parameters:
Presolve  0
Threads  1

Optimize a model with 16 rows, 3 columns and 48 nonzeros (Max)
Model fingerprint: 0x1f05a32b
Model has 3 linear objective coefficients
Coefficient statistics:
  Matrix range     [1e+00, 8e+00]
  Objective range  [1e+00, 5e+00]
  Bounds range     [0e+00, 0e+00]
  RHS range        [8e+01, 1e+08]


Iteration    Objective       Primal Inf.    Dual Inf.      Time
       0      handle free variables                          0s
       9   -1.8652061e+02   0.000000e+00   0.000000e+00      0s

Solved in 9 iterations and 0.00 seconds (0.00 work units)
Optimal objective -1.865206149e+02

