Starting GDPopt version 22.5.13 using LDBD algorithm
iterlim: None
time_limit: 900
tee: true
logger: <Logger pyomo.contrib.gdpopt (INFO)>
mip_solver: gurobi
mip_solver_args:
  keepfiles: true
  logfile: gurobi_master_gdpopt.ldbd_conopt_Linf.log
  options: {'Presolve': 0, 'LogFile': 'gurobi_native.log', 'Threads': 1}
  symbolic_solver_labels: true
  tee: true
subproblem_solver: gams
subproblem_solver_args:
  add_options: ['option threads=1;']
  solver: conopt
direction_norm: Linf
starting_point: [1, 2, 3, 3]
logical_constraint_list: None
disjunction_list: ComponentSet(['d[1] (key=d[1])', 'd[2] (key=d[2])', 'd[3] (key=d[3])', 'd[4] (key=d[4])'])
infinity_output: 100000000.0
integer_tolerance: 1e-05
constraint_tolerance: 1e-06
variable_tolerance: 1e-08
subproblem_initialization_method: <function restore_vars_to_original_values at 0x7f898a96b9c0>
call_before_subproblem_solve: <class 'type'>
call_after_subproblem_solve: <class 'type'>
call_after_subproblem_feasible: <class 'type'>
force_subproblem_nlp: false
subproblem_presolve: true
tighten_nlp_var_bounds: false
round_discrete_vars: true
max_fbbt_iterations: 3
bound_tolerance: 1e-06
separation_solver: gurobi
separation_solver_args:
  keepfiles: true
  logfile: gurobi_separation_gdpopt.ldbd_conopt_Linf.log
  options: {'Presolve': 0, 'LogFile': 'gurobi_native.log', 'Threads': 1}
  symbolic_solver_labels: true
  tee: true

If you use this software, you may cite the following:
            - Implementation:
            Chen, Q; Johnson, ES; Bernal, DE; Valentin, R; Kale, S;
            Bates, J; Siirola, JD; Grossmann, IE.
            Pyomo.GDP: an ecosystem for logic based modeling and optimization
            development.
            Optimization and Engineering, 2021.

Liñán, D. A.; Ricardez‐Sandoval, L. A. A Benders Decomposition Framework for the Optimization of Disjunctive Superstructures with Ordered Discrete Decisions. AIChE Journal 2023, 69 (5), e18008. https://doi.org/10.1002/aic.18008.
Original model has 382 constraints (18 nonlinear) and 4 disjunctions, with 741 variables, of which 9 are binary, 0 are integer, and 732 are continuous.
Reformulation Summary:
  Index | Ext Var | LB | UB | Associated Boolean Vars
      1 |       1 |  1 |  3 | stage_mode[1,1].indicator_var, stage_mode[1,2].indicator_var, stage_mode[1,3].indicator_var
      2 |       1 |  1 |  3 | stage_mode[2,1].indicator_var, stage_mode[2,2].indicator_var, stage_mode[2,3].indicator_var
      3 |       1 |  1 |  3 | stage_mode[3,1].indicator_var, stage_mode[3,2].indicator_var, stage_mode[3,3].indicator_var
      4 |       1 |  1 |  3 | stage_mode[4,1].indicator_var, stage_mode[4,2].indicator_var, stage_mode[4,3].indicator_var
=====================================================================================================
Iteration |   Search Type   |  External Variables  | Lower Bound | Upper Bound |   Gap    | Time(s)

        0     Initial point           (1, 2, 3, 3)          -inf     -20.79111       inf%      5.32  *
        1    Skipped Anchor           (1, 2, 3, 3)          -inf     -20.79111       inf%      5.32  
        1          Neighbor           (1, 1, 2, 2)          -inf     -20.79111       inf%     11.50  
        1          Neighbor           (1, 1, 2, 3)          -inf     -20.79111       inf%     18.44  
        1          Neighbor           (1, 2, 2, 2)          -inf     -23.30469       inf%     24.34  *
        1          Neighbor           (1, 2, 2, 3)          -inf     -23.30469       inf%     28.99  
        1          Neighbor           (2, 3, 3, 3)          -inf     -23.30469       inf%     42.53  
Solver log file: 'gurobi_separation_gdpopt.ldbd_conopt_Linf.log'
Solver problem files: ('/tmp/tmptoh1dsrg.pyomo.lp',)
Read LP format model from file /tmp/tmptoh1dsrg.pyomo.lp
Reading time = 0.00 seconds
obj: 24 rows, 5 columns, 120 nonzeros
Set parameter Presolve to value 0
Set parameter LogFile to value "gurobi_native.log"
Set parameter Threads to value 1
Gurobi Optimizer version 13.0.1 build v13.0.1rc0 (linux64 - "Oracle Linux Server 9.7")

CPU model: AMD EPYC 7643 48-Core Processor, instruction set [SSE2|AVX|AVX2]
Thread count: 48 physical cores, 96 logical processors, using up to 1 threads

Non-default parameters:
Presolve  0
Threads  1

Optimize a model with 24 rows, 5 columns and 120 nonzeros (Max)
Model fingerprint: 0x09ff4973
Model has 5 linear objective coefficients
Coefficient statistics:
  Matrix range     [1e+00, 3e+00]
  Objective range  [1e+00, 3e+00]
  Bounds range     [0e+00, 0e+00]
  RHS range        [1e+01, 1e+08]


Iteration    Objective       Primal Inf.    Dual Inf.      Time
       0      handle free variables                          0s
       9   -2.0791112e+01   0.000000e+00   0.000000e+00      0s

Solved in 9 iterations and 0.00 seconds (0.00 work units)
Optimal objective -2.079111178e+01
Solver log file: 'gurobi_master_gdpopt.ldbd_conopt_Linf.log'
Solver problem files: ('/tmp/tmpe2ze7ywc.pyomo.lp',)
Read LP format model from file /tmp/tmpe2ze7ywc.pyomo.lp
Reading time = 0.00 seconds
obj: 1 rows, 5 columns, 5 nonzeros
Set parameter Presolve to value 0
Set parameter LogFile to value "gurobi_native.log"
Set parameter Threads to value 1
Gurobi Optimizer version 13.0.1 build v13.0.1rc0 (linux64 - "Oracle Linux Server 9.7")

CPU model: AMD EPYC 7643 48-Core Processor, instruction set [SSE2|AVX|AVX2]
Thread count: 48 physical cores, 96 logical processors, using up to 1 threads

Non-default parameters:
Presolve  0
Threads  1

Optimize a model with 1 rows, 5 columns and 5 nonzeros (Min)
Model fingerprint: 0xa333f291
Model has 1 linear objective coefficients
Variable types: 1 continuous, 4 integer (0 binary)
Coefficient statistics:
  Matrix range     [3e-01, 5e+07]
  Objective range  [1e+00, 1e+00]
  Bounds range     [1e+00, 3e+00]
  RHS range        [1e+08, 1e+08]

Found heuristic solution: objective -5.00000e+07
Found heuristic solution: objective -1.50000e+08
Variable types: 1 continuous, 4 integer (0 binary)

Root relaxation: cutoff, 1 iterations, 0.00 seconds (0.00 work units)

    Nodes    |    Current Node    |     Objective Bounds      |     Work
 Expl Unexpl |  Obj  Depth IntInf | Incumbent    BestBd   Gap | It/Node Time

     0     0     cutoff    0      -1.500e+08 -1.500e+08  0.00%     -    0s

Explored 1 nodes (1 simplex iterations) in 0.00 seconds (0.00 work units)
Thread count was 1 (of 96 available processors)

Solution count 2: -1.5e+08 -5e+07 
No other solutions better than -1.5e+08

Optimal solution found (tolerance 1.00e-04)
Best objective -1.500000259136e+08, best bound -1.500000259136e+08, gap 0.0000%
        1            Master           (1, 3, 1, 1)   -150000025.91363     -23.30469   643647313.55%     42.55  
        1         UB update           (1, 2, 2, 2)   -150000025.91363     -23.30469   643647313.55%     42.55  
Solver log file: 'gurobi_separation_gdpopt.ldbd_conopt_Linf.log'
Solver problem files: ('/tmp/tmpgwtodmfv.pyomo.lp',)
Read LP format model from file /tmp/tmpgwtodmfv.pyomo.lp
Reading time = 0.00 seconds
obj: 25 rows, 5 columns, 125 nonzeros
Set parameter Presolve to value 0
Set parameter LogFile to value "gurobi_native.log"
Set parameter Threads to value 1
Gurobi Optimizer version 13.0.1 build v13.0.1rc0 (linux64 - "Oracle Linux Server 9.7")

CPU model: AMD EPYC 7643 48-Core Processor, instruction set [SSE2|AVX|AVX2]
Thread count: 48 physical cores, 96 logical processors, using up to 1 threads

Non-default parameters:
Presolve  0
Threads  1

Optimize a model with 25 rows, 5 columns and 125 nonzeros (Max)
Model fingerprint: 0xd8f88076
Model has 5 linear objective coefficients
Coefficient statistics:
  Matrix range     [1e+00, 3e+00]
  Objective range  [1e+00, 3e+00]
  Bounds range     [0e+00, 0e+00]
  RHS range        [1e+01, 1e+08]


Iteration    Objective       Primal Inf.    Dual Inf.      Time
       0      handle free variables                          0s
       9   -2.0791112e+01   0.000000e+00   0.000000e+00      0s

Solved in 9 iterations and 0.00 seconds (0.00 work units)
Optimal objective -2.079111178e+01
Solver log file: 'gurobi_separation_gdpopt.ldbd_conopt_Linf.log'
Solver problem files: ('/tmp/tmp57qr3pj3.pyomo.lp',)
Read LP format model from file /tmp/tmp57qr3pj3.pyomo.lp
Reading time = 0.00 seconds
obj: 25 rows, 5 columns, 125 nonzeros
Set parameter Presolve to value 0
Set parameter LogFile to value "gurobi_native.log"
Set parameter Threads to value 1
Gurobi Optimizer version 13.0.1 build v13.0.1rc0 (linux64 - "Oracle Linux Server 9.7")

CPU model: AMD EPYC 7643 48-Core Processor, instruction set [SSE2|AVX|AVX2]
Thread count: 48 physical cores, 96 logical processors, using up to 1 threads

Non-default parameters:
Presolve  0
Threads  1

Optimize a model with 25 rows, 5 columns and 125 nonzeros (Max)
Model fingerprint: 0x29b524b5
Model has 5 linear objective coefficients
Coefficient statistics:
  Matrix range     [1e+00, 3e+00]
  Objective range  [1e+00, 3e+00]
  Bounds range     [0e+00, 0e+00]
  RHS range        [1e+01, 1e+08]


Iteration    Objective       Primal Inf.    Dual Inf.      Time
       0      handle free variables                          0s
      10    1.0000000e+08   0.000000e+00   0.000000e+00      0s

Solved in 10 iterations and 0.00 seconds (0.00 work units)
Optimal objective  1.000000000e+08
Solver log file: 'gurobi_master_gdpopt.ldbd_conopt_Linf.log'
Solver problem files: ('/tmp/tmpvhu0sp4l.pyomo.lp',)
Read LP format model from file /tmp/tmpvhu0sp4l.pyomo.lp
Reading time = 0.00 seconds
obj: 2 rows, 5 columns, 8 nonzeros
Set parameter Presolve to value 0
Set parameter LogFile to value "gurobi_native.log"
Set parameter Threads to value 1
Gurobi Optimizer version 13.0.1 build v13.0.1rc0 (linux64 - "Oracle Linux Server 9.7")

CPU model: AMD EPYC 7643 48-Core Processor, instruction set [SSE2|AVX|AVX2]
Thread count: 48 physical cores, 96 logical processors, using up to 1 threads

Non-default parameters:
Presolve  0
Threads  1

Optimize a model with 2 rows, 5 columns and 8 nonzeros (Min)
Model fingerprint: 0xc8adc116
Model has 1 linear objective coefficients
Variable types: 1 continuous, 4 integer (0 binary)
Coefficient statistics:
  Matrix range     [3e-01, 1e+08]
  Objective range  [1e+00, 1e+00]
  Bounds range     [1e+00, 3e+00]
  RHS range        [1e+08, 1e+08]
Warning: Model contains large matrix coefficients
         Consider reformulating model or setting NumericFocus parameter
         to avoid numerical issues.

Found heuristic solution: objective 1.000000e+08
Variable types: 1 continuous, 4 integer (0 binary)

Root relaxation: objective -6.666670e+07, 2 iterations, 0.00 seconds (0.00 work units)

    Nodes    |    Current Node    |     Objective Bounds      |     Work
 Expl Unexpl |  Obj  Depth IntInf | Incumbent    BestBd   Gap | It/Node Time

     0     0 -6.667e+07    0    1 1.0000e+08 -6.667e+07   167%     -    0s
H    0     0                    -5.00000e+07 -6.667e+07  33.3%     -    0s

Explored 1 nodes (2 simplex iterations) in 0.00 seconds (0.00 work units)
Thread count was 1 (of 96 available processors)

Solution count 2: -5e+07 1e+08 
No other solutions better than -5e+07

Optimal solution found (tolerance 1.00e-04)
Best objective -5.000002634832e+07, best bound -5.000002634832e+07, gap 0.0000%
        2            Master           (1, 3, 3, 1)   -50000026.34832     -23.30469   214549113.85%     43.29  
        2         UB update           (1, 2, 2, 2)   -50000026.34832     -23.30469   214549113.85%     43.29  
Solver log file: 'gurobi_separation_gdpopt.ldbd_conopt_Linf.log'
Solver problem files: ('/tmp/tmpi8bkj890.pyomo.lp',)
Read LP format model from file /tmp/tmpi8bkj890.pyomo.lp
Reading time = 0.00 seconds
obj: 26 rows, 5 columns, 130 nonzeros
Set parameter Presolve to value 0
Set parameter LogFile to value "gurobi_native.log"
Set parameter Threads to value 1
Gurobi Optimizer version 13.0.1 build v13.0.1rc0 (linux64 - "Oracle Linux Server 9.7")

CPU model: AMD EPYC 7643 48-Core Processor, instruction set [SSE2|AVX|AVX2]
Thread count: 48 physical cores, 96 logical processors, using up to 1 threads

Non-default parameters:
Presolve  0
Threads  1

Optimize a model with 26 rows, 5 columns and 130 nonzeros (Max)
Model fingerprint: 0x7aba2bdd
Model has 5 linear objective coefficients
Coefficient statistics:
  Matrix range     [1e+00, 3e+00]
  Objective range  [1e+00, 3e+00]
  Bounds range     [0e+00, 0e+00]
  RHS range        [1e+01, 1e+08]


Iteration    Objective       Primal Inf.    Dual Inf.      Time
       0      handle free variables                          0s
      10   -2.0791112e+01   0.000000e+00   0.000000e+00      0s

Solved in 10 iterations and 0.00 seconds (0.00 work units)
Optimal objective -2.079111178e+01
Solver log file: 'gurobi_separation_gdpopt.ldbd_conopt_Linf.log'
Solver problem files: ('/tmp/tmpkjsbca0u.pyomo.lp',)
Read LP format model from file /tmp/tmpkjsbca0u.pyomo.lp
Reading time = 0.00 seconds
obj: 26 rows, 5 columns, 130 nonzeros
Set parameter Presolve to value 0
Set parameter LogFile to value "gurobi_native.log"
Set parameter Threads to value 1
Gurobi Optimizer version 13.0.1 build v13.0.1rc0 (linux64 - "Oracle Linux Server 9.7")

CPU model: AMD EPYC 7643 48-Core Processor, instruction set [SSE2|AVX|AVX2]
Thread count: 48 physical cores, 96 logical processors, using up to 1 threads

Non-default parameters:
Presolve  0
Threads  1

Optimize a model with 26 rows, 5 columns and 130 nonzeros (Max)
Model fingerprint: 0x6c5066a5
Model has 5 linear objective coefficients
Coefficient statistics:
  Matrix range     [1e+00, 3e+00]
  Objective range  [1e+00, 3e+00]
  Bounds range     [0e+00, 0e+00]
  RHS range        [1e+01, 1e+08]


Iteration    Objective       Primal Inf.    Dual Inf.      Time
       0      handle free variables                          0s
       9    1.0000000e+08   0.000000e+00   0.000000e+00      0s

Solved in 9 iterations and 0.00 seconds (0.00 work units)
Optimal objective  1.000000000e+08
Solver log file: 'gurobi_separation_gdpopt.ldbd_conopt_Linf.log'
Solver problem files: ('/tmp/tmpt7elkpmb.pyomo.lp',)
Read LP format model from file /tmp/tmpt7elkpmb.pyomo.lp
Reading time = 0.00 seconds
obj: 26 rows, 5 columns, 130 nonzeros
Set parameter Presolve to value 0
Set parameter LogFile to value "gurobi_native.log"
Set parameter Threads to value 1
Gurobi Optimizer version 13.0.1 build v13.0.1rc0 (linux64 - "Oracle Linux Server 9.7")

CPU model: AMD EPYC 7643 48-Core Processor, instruction set [SSE2|AVX|AVX2]
Thread count: 48 physical cores, 96 logical processors, using up to 1 threads

Non-default parameters:
Presolve  0
Threads  1

Optimize a model with 26 rows, 5 columns and 130 nonzeros (Max)
Model fingerprint: 0x7aabeb22
Model has 5 linear objective coefficients
Coefficient statistics:
  Matrix range     [1e+00, 3e+00]
  Objective range  [1e+00, 3e+00]
  Bounds range     [0e+00, 0e+00]
  RHS range        [1e+01, 1e+08]


Iteration    Objective       Primal Inf.    Dual Inf.      Time
       0      handle free variables                          0s
       8    1.0000000e+08   0.000000e+00   0.000000e+00      0s

Solved in 8 iterations and 0.00 seconds (0.00 work units)
Optimal objective  1.000000000e+08
Solver log file: 'gurobi_master_gdpopt.ldbd_conopt_Linf.log'
Solver problem files: ('/tmp/tmp8fqnie8m.pyomo.lp',)
Read LP format model from file /tmp/tmp8fqnie8m.pyomo.lp
Reading time = 0.00 seconds
obj: 3 rows, 5 columns, 12 nonzeros
Set parameter Presolve to value 0
Set parameter LogFile to value "gurobi_native.log"
Set parameter Threads to value 1
Gurobi Optimizer version 13.0.1 build v13.0.1rc0 (linux64 - "Oracle Linux Server 9.7")

CPU model: AMD EPYC 7643 48-Core Processor, instruction set [SSE2|AVX|AVX2]
Thread count: 48 physical cores, 96 logical processors, using up to 1 threads

Non-default parameters:
Presolve  0
Threads  1

Optimize a model with 3 rows, 5 columns and 12 nonzeros (Min)
Model fingerprint: 0x41b38781
Model has 1 linear objective coefficients
Variable types: 1 continuous, 4 integer (0 binary)
Coefficient statistics:
  Matrix range     [7e-09, 1e+08]
  Objective range  [1e+00, 1e+00]
  Bounds range     [1e+00, 3e+00]
  RHS range        [1e+08, 1e+08]
Warning: Model contains large matrix coefficient range
         Consider reformulating model or setting NumericFocus parameter
         to avoid numerical issues.

Found heuristic solution: objective 1.000000e+08
Variable types: 1 continuous, 4 integer (0 binary)

Root relaxation: objective -1.000000e+08, 2 iterations, 0.00 seconds (0.00 work units)

    Nodes    |    Current Node    |     Objective Bounds      |     Work
 Expl Unexpl |  Obj  Depth IntInf | Incumbent    BestBd   Gap | It/Node Time

*    0     0               0    -1.00000e+08 -1.000e+08  0.00%     -    0s

Explored 1 nodes (2 simplex iterations) in 0.00 seconds (0.00 work units)
Thread count was 1 (of 96 available processors)

Solution count 2: -1e+08 1e+08 
No other solutions better than -1e+08

Optimal solution found (tolerance 1.00e-04)
Best objective -1.000000466094e+08, best bound -1.000000466094e+08, gap 0.0000%
        3            Master           (1, 3, 1, 3)   -100000046.60938     -23.30469   429098301.57%     43.99  
        3         UB update           (1, 2, 2, 2)   -100000046.60938     -23.30469   429098301.57%     43.99  
Solver log file: 'gurobi_separation_gdpopt.ldbd_conopt_Linf.log'
Solver problem files: ('/tmp/tmpa7hken3g.pyomo.lp',)
Read LP format model from file /tmp/tmpa7hken3g.pyomo.lp
Reading time = 0.00 seconds
obj: 27 rows, 5 columns, 135 nonzeros
Set parameter Presolve to value 0
Set parameter LogFile to value "gurobi_native.log"
Set parameter Threads to value 1
Gurobi Optimizer version 13.0.1 build v13.0.1rc0 (linux64 - "Oracle Linux Server 9.7")

CPU model: AMD EPYC 7643 48-Core Processor, instruction set [SSE2|AVX|AVX2]
Thread count: 48 physical cores, 96 logical processors, using up to 1 threads

Non-default parameters:
Presolve  0
Threads  1

Optimize a model with 27 rows, 5 columns and 135 nonzeros (Max)
Model fingerprint: 0x0dd91fde
Model has 5 linear objective coefficients
Coefficient statistics:
  Matrix range     [1e+00, 3e+00]
  Objective range  [1e+00, 3e+00]
  Bounds range     [0e+00, 0e+00]
  RHS range        [1e+01, 1e+08]


Iteration    Objective       Primal Inf.    Dual Inf.      Time
       0      handle free variables                          0s
      10   -2.0791112e+01   0.000000e+00   0.000000e+00      0s

Solved in 10 iterations and 0.00 seconds (0.00 work units)
Optimal objective -2.079111178e+01
Solver log file: 'gurobi_separation_gdpopt.ldbd_conopt_Linf.log'
Solver problem files: ('/tmp/tmpiqz9ieql.pyomo.lp',)
Read LP format model from file /tmp/tmpiqz9ieql.pyomo.lp
Reading time = 0.00 seconds
obj: 27 rows, 5 columns, 135 nonzeros
Set parameter Presolve to value 0
Set parameter LogFile to value "gurobi_native.log"
Set parameter Threads to value 1
Gurobi Optimizer version 13.0.1 build v13.0.1rc0 (linux64 - "Oracle Linux Server 9.7")

CPU model: AMD EPYC 7643 48-Core Processor, instruction set [SSE2|AVX|AVX2]
Thread count: 48 physical cores, 96 logical processors, using up to 1 threads

Non-default parameters:
Presolve  0
Threads  1

Optimize a model with 27 rows, 5 columns and 135 nonzeros (Max)
Model fingerprint: 0xdb3ae5ee
Model has 5 linear objective coefficients
Coefficient statistics:
  Matrix range     [1e+00, 3e+00]
  Objective range  [1e+00, 3e+00]
  Bounds range     [0e+00, 0e+00]
  RHS range        [1e+01, 1e+08]


Iteration    Objective       Primal Inf.    Dual Inf.      Time
       0      handle free variables                          0s
       9    1.0000000e+08   0.000000e+00   0.000000e+00      0s

Solved in 9 iterations and 0.00 seconds (0.00 work units)
Optimal objective  1.000000000e+08
Solver log file: 'gurobi_separation_gdpopt.ldbd_conopt_Linf.log'
Solver problem files: ('/tmp/tmpd75ono7n.pyomo.lp',)
Read LP format model from file /tmp/tmpd75ono7n.pyomo.lp
Reading time = 0.00 seconds
obj: 27 rows, 5 columns, 135 nonzeros
Set parameter Presolve to value 0
Set parameter LogFile to value "gurobi_native.log"
Set parameter Threads to value 1
Gurobi Optimizer version 13.0.1 build v13.0.1rc0 (linux64 - "Oracle Linux Server 9.7")

CPU model: AMD EPYC 7643 48-Core Processor, instruction set [SSE2|AVX|AVX2]
Thread count: 48 physical cores, 96 logical processors, using up to 1 threads

Non-default parameters:
Presolve  0
Threads  1

Optimize a model with 27 rows, 5 columns and 135 nonzeros (Max)
Model fingerprint: 0x3eaf8a9d
Model has 5 linear objective coefficients
Coefficient statistics:
  Matrix range     [1e+00, 3e+00]
  Objective range  [1e+00, 3e+00]
  Bounds range     [0e+00, 0e+00]
  RHS range        [1e+01, 1e+08]


Iteration    Objective       Primal Inf.    Dual Inf.      Time
       0      handle free variables                          0s
       8    1.0000000e+08   0.000000e+00   0.000000e+00      0s

Solved in 8 iterations and 0.00 seconds (0.00 work units)
Optimal objective  1.000000000e+08
Solver log file: 'gurobi_separation_gdpopt.ldbd_conopt_Linf.log'
Solver problem files: ('/tmp/tmpmy6cc0jz.pyomo.lp',)
Read LP format model from file /tmp/tmpmy6cc0jz.pyomo.lp
Reading time = 0.00 seconds
obj: 27 rows, 5 columns, 135 nonzeros
Set parameter Presolve to value 0
Set parameter LogFile to value "gurobi_native.log"
Set parameter Threads to value 1
Gurobi Optimizer version 13.0.1 build v13.0.1rc0 (linux64 - "Oracle Linux Server 9.7")

CPU model: AMD EPYC 7643 48-Core Processor, instruction set [SSE2|AVX|AVX2]
Thread count: 48 physical cores, 96 logical processors, using up to 1 threads

Non-default parameters:
Presolve  0
Threads  1

Optimize a model with 27 rows, 5 columns and 135 nonzeros (Max)
Model fingerprint: 0x85936e00
Model has 5 linear objective coefficients
Coefficient statistics:
  Matrix range     [1e+00, 3e+00]
  Objective range  [1e+00, 3e+00]
  Bounds range     [0e+00, 0e+00]
  RHS range        [1e+01, 1e+08]


Iteration    Objective       Primal Inf.    Dual Inf.      Time
       0      handle free variables                          0s
       9    1.0000000e+08   0.000000e+00   0.000000e+00      0s

Solved in 9 iterations and 0.00 seconds (0.00 work units)
Optimal objective  1.000000000e+08
Solver log file: 'gurobi_master_gdpopt.ldbd_conopt_Linf.log'
Solver problem files: ('/tmp/tmpfzjekvuk.pyomo.lp',)
Read LP format model from file /tmp/tmpfzjekvuk.pyomo.lp
Reading time = 0.00 seconds
obj: 4 rows, 5 columns, 15 nonzeros
Set parameter Presolve to value 0
Set parameter LogFile to value "gurobi_native.log"
Set parameter Threads to value 1
Gurobi Optimizer version 13.0.1 build v13.0.1rc0 (linux64 - "Oracle Linux Server 9.7")

CPU model: AMD EPYC 7643 48-Core Processor, instruction set [SSE2|AVX|AVX2]
Thread count: 48 physical cores, 96 logical processors, using up to 1 threads

Non-default parameters:
Presolve  0
Threads  1

Optimize a model with 4 rows, 5 columns and 15 nonzeros (Min)
Model fingerprint: 0x0399c9e8
Model has 1 linear objective coefficients
Variable types: 1 continuous, 4 integer (0 binary)
Coefficient statistics:
  Matrix range     [7e-09, 1e+08]
  Objective range  [1e+00, 1e+00]
  Bounds range     [1e+00, 3e+00]
  RHS range        [1e+08, 1e+08]
Warning: Model contains large matrix coefficient range
         Consider reformulating model or setting NumericFocus parameter
         to avoid numerical issues.

Found heuristic solution: objective 1.000000e+08
Variable types: 1 continuous, 4 integer (0 binary)

Root relaxation: objective -6.666670e+07, 4 iterations, 0.00 seconds (0.00 work units)

    Nodes    |    Current Node    |     Objective Bounds      |     Work
 Expl Unexpl |  Obj  Depth IntInf | Incumbent    BestBd   Gap | It/Node Time

     0     0 -6.667e+07    0    2 1.0000e+08 -6.667e+07   167%     -    0s
H    0     0                    -5.00000e+07 -6.667e+07  33.3%     -    0s

Explored 1 nodes (4 simplex iterations) in 0.00 seconds (0.00 work units)
Thread count was 1 (of 96 available processors)

Solution count 2: -5e+07 1e+08 
No other solutions better than -5e+07

Optimal solution found (tolerance 1.00e-04)
Best objective -5.000002568368e+07, best bound -5.000002568368e+07, gap 0.0000%
        4            Master           (1, 3, 3, 3)   -50000025.68368     -23.30469   214549110.99%     44.69  
        4         UB update           (1, 2, 2, 2)   -50000025.68368     -23.30469   214549110.99%     44.69  
        4   Anchor (promoted)           (1, 3, 3, 3)   -50000025.68368     -23.30469   214549110.99%     44.69  
        5    Skipped Anchor           (1, 3, 3, 3)   -50000025.68368     -23.30469   214549110.99%     44.69  
Solver log file: 'gurobi_separation_gdpopt.ldbd_conopt_Linf.log'
Solver problem files: ('/tmp/tmpvmpyratj.pyomo.lp',)
Read LP format model from file /tmp/tmpvmpyratj.pyomo.lp
Reading time = 0.00 seconds
obj: 27 rows, 5 columns, 135 nonzeros
Set parameter Presolve to value 0
Set parameter LogFile to value "gurobi_native.log"
Set parameter Threads to value 1
Gurobi Optimizer version 13.0.1 build v13.0.1rc0 (linux64 - "Oracle Linux Server 9.7")

CPU model: AMD EPYC 7643 48-Core Processor, instruction set [SSE2|AVX|AVX2]
Thread count: 48 physical cores, 96 logical processors, using up to 1 threads

Non-default parameters:
Presolve  0
Threads  1

Optimize a model with 27 rows, 5 columns and 135 nonzeros (Max)
Model fingerprint: 0x0dd91fde
Model has 5 linear objective coefficients
Coefficient statistics:
  Matrix range     [1e+00, 3e+00]
  Objective range  [1e+00, 3e+00]
  Bounds range     [0e+00, 0e+00]
  RHS range        [1e+01, 1e+08]


Iteration    Objective       Primal Inf.    Dual Inf.      Time
       0      handle free variables                          0s
      10   -2.0791112e+01   0.000000e+00   0.000000e+00      0s

Solved in 10 iterations and 0.00 seconds (0.00 work units)
Optimal objective -2.079111178e+01
Solver log file: 'gurobi_separation_gdpopt.ldbd_conopt_Linf.log'
Solver problem files: ('/tmp/tmpglxdrc5n.pyomo.lp',)
Read LP format model from file /tmp/tmpglxdrc5n.pyomo.lp
Reading time = 0.00 seconds
obj: 27 rows, 5 columns, 135 nonzeros
Set parameter Presolve to value 0
Set parameter LogFile to value "gurobi_native.log"
Set parameter Threads to value 1
Gurobi Optimizer version 13.0.1 build v13.0.1rc0 (linux64 - "Oracle Linux Server 9.7")

CPU model: AMD EPYC 7643 48-Core Processor, instruction set [SSE2|AVX|AVX2]
Thread count: 48 physical cores, 96 logical processors, using up to 1 threads

Non-default parameters:
Presolve  0
Threads  1

Optimize a model with 27 rows, 5 columns and 135 nonzeros (Max)
Model fingerprint: 0xdb3ae5ee
Model has 5 linear objective coefficients
Coefficient statistics:
  Matrix range     [1e+00, 3e+00]
  Objective range  [1e+00, 3e+00]
  Bounds range     [0e+00, 0e+00]
  RHS range        [1e+01, 1e+08]


Iteration    Objective       Primal Inf.    Dual Inf.      Time
       0      handle free variables                          0s
       9    1.0000000e+08   0.000000e+00   0.000000e+00      0s

Solved in 9 iterations and 0.00 seconds (0.00 work units)
Optimal objective  1.000000000e+08
Solver log file: 'gurobi_separation_gdpopt.ldbd_conopt_Linf.log'
Solver problem files: ('/tmp/tmp8q0id5v3.pyomo.lp',)
Read LP format model from file /tmp/tmp8q0id5v3.pyomo.lp
Reading time = 0.00 seconds
obj: 27 rows, 5 columns, 135 nonzeros
Set parameter Presolve to value 0
Set parameter LogFile to value "gurobi_native.log"
Set parameter Threads to value 1
Gurobi Optimizer version 13.0.1 build v13.0.1rc0 (linux64 - "Oracle Linux Server 9.7")

CPU model: AMD EPYC 7643 48-Core Processor, instruction set [SSE2|AVX|AVX2]
Thread count: 48 physical cores, 96 logical processors, using up to 1 threads

Non-default parameters:
Presolve  0
Threads  1

Optimize a model with 27 rows, 5 columns and 135 nonzeros (Max)
Model fingerprint: 0x3eaf8a9d
Model has 5 linear objective coefficients
Coefficient statistics:
  Matrix range     [1e+00, 3e+00]
  Objective range  [1e+00, 3e+00]
  Bounds range     [0e+00, 0e+00]
  RHS range        [1e+01, 1e+08]


Iteration    Objective       Primal Inf.    Dual Inf.      Time
       0      handle free variables                          0s
       8    1.0000000e+08   0.000000e+00   0.000000e+00      0s

Solved in 8 iterations and 0.00 seconds (0.00 work units)
Optimal objective  1.000000000e+08
Solver log file: 'gurobi_separation_gdpopt.ldbd_conopt_Linf.log'
Solver problem files: ('/tmp/tmpvofzkymt.pyomo.lp',)
Read LP format model from file /tmp/tmpvofzkymt.pyomo.lp
Reading time = 0.00 seconds
obj: 27 rows, 5 columns, 135 nonzeros
Set parameter Presolve to value 0
Set parameter LogFile to value "gurobi_native.log"
Set parameter Threads to value 1
Gurobi Optimizer version 13.0.1 build v13.0.1rc0 (linux64 - "Oracle Linux Server 9.7")

CPU model: AMD EPYC 7643 48-Core Processor, instruction set [SSE2|AVX|AVX2]
Thread count: 48 physical cores, 96 logical processors, using up to 1 threads

Non-default parameters:
Presolve  0
Threads  1

Optimize a model with 27 rows, 5 columns and 135 nonzeros (Max)
Model fingerprint: 0x85936e00
Model has 5 linear objective coefficients
Coefficient statistics:
  Matrix range     [1e+00, 3e+00]
  Objective range  [1e+00, 3e+00]
  Bounds range     [0e+00, 0e+00]
  RHS range        [1e+01, 1e+08]


Iteration    Objective       Primal Inf.    Dual Inf.      Time
       0      handle free variables                          0s
       9    1.0000000e+08   0.000000e+00   0.000000e+00      0s

Solved in 9 iterations and 0.00 seconds (0.00 work units)
Optimal objective  1.000000000e+08
Solver log file: 'gurobi_separation_gdpopt.ldbd_conopt_Linf.log'
Solver problem files: ('/tmp/tmpuovdfdw6.pyomo.lp',)
Read LP format model from file /tmp/tmpuovdfdw6.pyomo.lp
Reading time = 0.00 seconds
obj: 27 rows, 5 columns, 135 nonzeros
Set parameter Presolve to value 0
Set parameter LogFile to value "gurobi_native.log"
Set parameter Threads to value 1
Gurobi Optimizer version 13.0.1 build v13.0.1rc0 (linux64 - "Oracle Linux Server 9.7")

CPU model: AMD EPYC 7643 48-Core Processor, instruction set [SSE2|AVX|AVX2]
Thread count: 48 physical cores, 96 logical processors, using up to 1 threads

Non-default parameters:
Presolve  0
Threads  1

Optimize a model with 27 rows, 5 columns and 135 nonzeros (Max)
Model fingerprint: 0x8da20ac5
Model has 5 linear objective coefficients
Coefficient statistics:
  Matrix range     [1e+00, 3e+00]
  Objective range  [1e+00, 3e+00]
  Bounds range     [0e+00, 0e+00]
  RHS range        [1e+01, 1e+08]


Iteration    Objective       Primal Inf.    Dual Inf.      Time
       0      handle free variables                          0s
      10    1.0000000e+08   0.000000e+00   0.000000e+00      0s

Solved in 10 iterations and 0.00 seconds (0.00 work units)
Optimal objective  1.000000000e+08
Solver log file: 'gurobi_master_gdpopt.ldbd_conopt_Linf.log'
Solver problem files: ('/tmp/tmpiwtqzpkn.pyomo.lp',)
Read LP format model from file /tmp/tmpiwtqzpkn.pyomo.lp
Reading time = 0.00 seconds
obj: 5 rows, 5 columns, 20 nonzeros
Set parameter Presolve to value 0
Set parameter LogFile to value "gurobi_native.log"
Set parameter Threads to value 1
Gurobi Optimizer version 13.0.1 build v13.0.1rc0 (linux64 - "Oracle Linux Server 9.7")

CPU model: AMD EPYC 7643 48-Core Processor, instruction set [SSE2|AVX|AVX2]
Thread count: 48 physical cores, 96 logical processors, using up to 1 threads

Non-default parameters:
Presolve  0
Threads  1

Optimize a model with 5 rows, 5 columns and 20 nonzeros (Min)
Model fingerprint: 0x40c00cca
Model has 1 linear objective coefficients
Variable types: 1 continuous, 4 integer (0 binary)
Coefficient statistics:
  Matrix range     [4e-09, 1e+08]
  Objective range  [1e+00, 1e+00]
  Bounds range     [1e+00, 3e+00]
  RHS range        [1e+08, 1e+08]
Warning: Model contains large matrix coefficient range
         Consider reformulating model or setting NumericFocus parameter
         to avoid numerical issues.

Found heuristic solution: objective 1.000000e+08
Variable types: 1 continuous, 4 integer (0 binary)

Root relaxation: objective -2.500002e+07, 6 iterations, 0.00 seconds (0.00 work units)

    Nodes    |    Current Node    |     Objective Bounds      |     Work
 Expl Unexpl |  Obj  Depth IntInf | Incumbent    BestBd   Gap | It/Node Time

     0     0 -2.500e+07    0    3 1.0000e+08 -2.500e+07   125%     -    0s
H    0     0                     -20.7911118 -2.500e+07      -     -    0s
H    0     0                     -23.3046887 -2.500e+07      -     -    0s
     0     0          -    0       -23.30469  -23.30469  0.00%     -    0s

Explored 1 nodes (6 simplex iterations) in 0.00 seconds (0.00 work units)
Thread count was 1 (of 96 available processors)

Solution count 3: -23.3047 -20.7911 1e+08 

Optimal solution found (tolerance 1.00e-04)
Best objective -2.330468866229e+01, best bound -2.330468907952e+01, gap 0.0000%
        5            Master           (1, 2, 2, 2)     -23.30469     -23.30469      0.00%     44.74  
        5         UB update           (1, 2, 2, 2)     -23.30469     -23.30469      0.00%     44.74  
        5   Anchor (promoted)           (1, 2, 2, 2)     -23.30469     -23.30469      0.00%     44.74  
LDBD bounds converged: UB=-23.30468867828603, LB=-23.304688662290573
Search path: (1, 2, 3, 3) -> (1, 3, 1, 1) -> (1, 3, 3, 1) -> (1, 3, 1, 3) -> (1, 3, 3, 3) -> (1, 2, 2, 2)
Anchor points: (1, 2, 3, 3) -> (1, 3, 1, 1) -> (1, 3, 3, 1) -> (1, 3, 1, 3) -> (1, 3, 3, 3) -> (1, 2, 2, 2)

Solved in 5 iterations and 44.74790 seconds
Optimal objective value -23.3046886783
Relative optimality gap 0.00000%

Problem: 
- Name: unknown
  Lower bound: -23.304688662290573
  Upper bound: -23.30468867828603
  Number of objectives: 1
  Number of constraints: 382
  Number of variables: 741
  Number of binary variables: 9
  Number of integer variables: 0
  Number of continuous variables: 732
  Number of nonzeros: None
  Sense: minimize
  Number of disjunctions: 4
Solver: 
- Name: GDPopt (22, 5, 13) - LDBD
  Status: ok
  User time: 44.747857028618455
  Wallclock time: 44.747857028618455
  Termination condition: optimal
  Iterations: 5
  Timing: main_timer_start_time: 5045267.371402503
total: 44.747857028618455

