Starting GDPopt version 22.5.13 using LDBD algorithm
iterlim: None
time_limit: 900
tee: true
logger: <Logger pyomo.contrib.gdpopt (INFO)>
mip_solver: gurobi
mip_solver_args:
  keepfiles: true
  logfile: gurobi_master_gdpopt.ldbd_conopt_Linf_mode.log
  options: {'Presolve': 0, 'LogFile': 'gurobi_native.log', 'Threads': 1}
  symbolic_solver_labels: true
  tee: true
subproblem_solver: gams
subproblem_solver_args:
  add_options: ['option threads=1;']
  solver: conopt
direction_norm: Linf
starting_point: [1, 2]
logical_constraint_list: ComponentSet(['mode_transfer_lc1 (key=mode_transfer_lc1)', 'mode_transfer_lc2 (key=mode_transfer_lc2)'])
disjunction_list: None
infinity_output: 100000000.0
integer_tolerance: 1e-05
constraint_tolerance: 1e-06
variable_tolerance: 1e-08
subproblem_initialization_method: <function restore_vars_to_original_values at 0x7f898a96b9c0>
call_before_subproblem_solve: <class 'type'>
call_after_subproblem_solve: <class 'type'>
call_after_subproblem_feasible: <class 'type'>
force_subproblem_nlp: false
subproblem_presolve: true
tighten_nlp_var_bounds: false
round_discrete_vars: true
max_fbbt_iterations: 3
bound_tolerance: 1e-06
separation_solver: gurobi
separation_solver_args:
  keepfiles: true
  logfile: gurobi_separation_gdpopt.ldbd_conopt_Linf_mode.log
  options: {'Presolve': 0, 'LogFile': 'gurobi_native.log', 'Threads': 1}
  symbolic_solver_labels: true
  tee: true

If you use this software, you may cite the following:
            - Implementation:
            Chen, Q; Johnson, ES; Bernal, DE; Valentin, R; Kale, S;
            Bates, J; Siirola, JD; Grossmann, IE.
            Pyomo.GDP: an ecosystem for logic based modeling and optimization
            development.
            Optimization and Engineering, 2021.

Liñán, D. A.; Ricardez‐Sandoval, L. A. A Benders Decomposition Framework for the Optimization of Disjunctive Superstructures with Ordered Discrete Decisions. AIChE Journal 2023, 69 (5), e18008. https://doi.org/10.1002/aic.18008.
Original model has 382 constraints (18 nonlinear) and 4 disjunctions, with 741 variables, of which 9 are binary, 0 are integer, and 732 are continuous.
Reformulation Summary:
  Index | Ext Var | LB | UB | Associated Boolean Vars
      1 |       1 |  1 |  4 | mode_transfer[2,1], mode_transfer[3,1], mode_transfer[4,1], mode_transfer[5,1]
      2 |       1 |  1 |  4 | mode_transfer[2,2], mode_transfer[3,2], mode_transfer[4,2], mode_transfer[5,2]
=====================================================================================================
Iteration |   Search Type   |  External Variables  | Lower Bound | Upper Bound |   Gap    | Time(s)

        0     Initial point                 (1, 2)          -inf     -20.79111       inf%      5.38  *
        1    Skipped Anchor                 (1, 2)          -inf     -20.79111       inf%      5.39  
        1          Neighbor                 (1, 3)          -inf     -22.03116       inf%     11.38  *
        1          Neighbor                 (2, 3)          -inf     -22.03116       inf%     19.76  
Solver log file: 'gurobi_separation_gdpopt.ldbd_conopt_Linf_mode.log'
Solver problem files: ('/tmp/tmpsat0qbb6.pyomo.lp',)
Read LP format model from file /tmp/tmpsat0qbb6.pyomo.lp
Reading time = 0.00 seconds
obj: 6 rows, 3 columns, 18 nonzeros
Set parameter Presolve to value 0
Set parameter LogFile to value "gurobi_native.log"
Set parameter Threads to value 1
Gurobi Optimizer version 13.0.1 build v13.0.1rc0 (linux64 - "Oracle Linux Server 9.7")

CPU model: AMD EPYC 7643 48-Core Processor, instruction set [SSE2|AVX|AVX2]
Thread count: 48 physical cores, 96 logical processors, using up to 1 threads

Non-default parameters:
Presolve  0
Threads  1

Optimize a model with 6 rows, 3 columns and 18 nonzeros (Max)
Model fingerprint: 0x259de151
Model has 3 linear objective coefficients
Coefficient statistics:
  Matrix range     [1e+00, 3e+00]
  Objective range  [1e+00, 2e+00]
  Bounds range     [0e+00, 0e+00]
  RHS range        [2e+01, 1e+08]


Iteration    Objective       Primal Inf.    Dual Inf.      Time
       0      handle free variables                          0s
       3   -2.0791112e+01   0.000000e+00   0.000000e+00      0s

Solved in 3 iterations and 0.00 seconds (0.00 work units)
Optimal objective -2.079111180e+01
Solver log file: 'gurobi_master_gdpopt.ldbd_conopt_Linf_mode.log'
Solver problem files: ('/tmp/tmp10wbf85c.pyomo.lp',)
Read LP format model from file /tmp/tmp10wbf85c.pyomo.lp
Reading time = 0.00 seconds
obj: 1 rows, 2 columns, 2 nonzeros
Set parameter Presolve to value 0
Set parameter LogFile to value "gurobi_native.log"
Set parameter Threads to value 1
Gurobi Optimizer version 13.0.1 build v13.0.1rc0 (linux64 - "Oracle Linux Server 9.7")

CPU model: AMD EPYC 7643 48-Core Processor, instruction set [SSE2|AVX|AVX2]
Thread count: 48 physical cores, 96 logical processors, using up to 1 threads

Non-default parameters:
Presolve  0
Threads  1

Optimize a model with 1 rows, 2 columns and 2 nonzeros (Min)
Model fingerprint: 0x5b4440fd
Model has 1 linear objective coefficients
Variable types: 1 continuous, 1 integer (0 binary)
Coefficient statistics:
  Matrix range     [1e+00, 1e+08]
  Objective range  [1e+00, 1e+00]
  Bounds range     [1e+00, 4e+00]
  RHS range        [2e+08, 2e+08]
Warning: Model contains large matrix coefficients
         Consider reformulating model or setting NumericFocus parameter
         to avoid numerical issues.

Found heuristic solution: objective -2.00000e+08
Variable types: 1 continuous, 1 integer (0 binary)

Root relaxation: cutoff, 1 iterations, 0.00 seconds (0.00 work units)

    Nodes    |    Current Node    |     Objective Bounds      |     Work
 Expl Unexpl |  Obj  Depth IntInf | Incumbent    BestBd   Gap | It/Node Time

     0     0     cutoff    0      -2.000e+08 -2.000e+08  0.00%     -    0s

Explored 1 nodes (1 simplex iterations) in 0.00 seconds (0.00 work units)
Thread count was 1 (of 96 available processors)

Solution count 1: -2e+08 
No other solutions better than -2e+08

Optimal solution found (tolerance 1.00e-04)
Best objective -2.000000623733e+08, best bound -2.000000623733e+08, gap 0.0000%
        1            Master                 (1, 4)   -200000062.37334     -22.03116   907805385.01%     19.77  
        1         UB update                 (1, 3)   -200000062.37334     -22.03116   907805385.01%     19.77  
        2            Anchor                 (1, 4)   -200000062.37334     -23.30469   858196570.79%     24.67  *
        2   Skipped Neighbor                 (1, 3)   -200000062.37334     -23.30469   858196570.79%     24.67  
        2   Skipped Neighbor                 (2, 3)   -200000062.37334     -23.30469   858196570.79%     24.67  
        2          Neighbor                 (2, 4)   -200000062.37334     -23.30469   858196570.79%     30.82  
Solver log file: 'gurobi_separation_gdpopt.ldbd_conopt_Linf_mode.log'
Solver problem files: ('/tmp/tmpuk6x2zb5.pyomo.lp',)
Read LP format model from file /tmp/tmpuk6x2zb5.pyomo.lp
Reading time = 0.00 seconds
obj: 8 rows, 3 columns, 24 nonzeros
Set parameter Presolve to value 0
Set parameter LogFile to value "gurobi_native.log"
Set parameter Threads to value 1
Gurobi Optimizer version 13.0.1 build v13.0.1rc0 (linux64 - "Oracle Linux Server 9.7")

CPU model: AMD EPYC 7643 48-Core Processor, instruction set [SSE2|AVX|AVX2]
Thread count: 48 physical cores, 96 logical processors, using up to 1 threads

Non-default parameters:
Presolve  0
Threads  1

Optimize a model with 8 rows, 3 columns and 24 nonzeros (Max)
Model fingerprint: 0xd9a01776
Model has 3 linear objective coefficients
Coefficient statistics:
  Matrix range     [1e+00, 4e+00]
  Objective range  [1e+00, 2e+00]
  Bounds range     [0e+00, 0e+00]
  RHS range        [2e+01, 1e+08]


Iteration    Objective       Primal Inf.    Dual Inf.      Time
       0      handle free variables                          0s
       4   -2.0791112e+01   0.000000e+00   0.000000e+00      0s

Solved in 4 iterations and 0.00 seconds (0.00 work units)
Optimal objective -2.079111180e+01
Solver log file: 'gurobi_separation_gdpopt.ldbd_conopt_Linf_mode.log'
Solver problem files: ('/tmp/tmphl24u062.pyomo.lp',)
Read LP format model from file /tmp/tmphl24u062.pyomo.lp
Reading time = 0.00 seconds
obj: 8 rows, 3 columns, 24 nonzeros
Set parameter Presolve to value 0
Set parameter LogFile to value "gurobi_native.log"
Set parameter Threads to value 1
Gurobi Optimizer version 13.0.1 build v13.0.1rc0 (linux64 - "Oracle Linux Server 9.7")

CPU model: AMD EPYC 7643 48-Core Processor, instruction set [SSE2|AVX|AVX2]
Thread count: 48 physical cores, 96 logical processors, using up to 1 threads

Non-default parameters:
Presolve  0
Threads  1

Optimize a model with 8 rows, 3 columns and 24 nonzeros (Max)
Model fingerprint: 0xf5b1369f
Model has 3 linear objective coefficients
Coefficient statistics:
  Matrix range     [1e+00, 4e+00]
  Objective range  [1e+00, 4e+00]
  Bounds range     [0e+00, 0e+00]
  RHS range        [2e+01, 1e+08]


Iteration    Objective       Primal Inf.    Dual Inf.      Time
       0      handle free variables                          0s
       5   -2.3304689e+01   0.000000e+00   0.000000e+00      0s

Solved in 5 iterations and 0.00 seconds (0.00 work units)
Optimal objective -2.330468868e+01
Solver log file: 'gurobi_master_gdpopt.ldbd_conopt_Linf_mode.log'
Solver problem files: ('/tmp/tmpzd99g_wt.pyomo.lp',)
Read LP format model from file /tmp/tmpzd99g_wt.pyomo.lp
Reading time = 0.00 seconds
obj: 2 rows, 3 columns, 6 nonzeros
Set parameter Presolve to value 0
Set parameter LogFile to value "gurobi_native.log"
Set parameter Threads to value 1
Gurobi Optimizer version 13.0.1 build v13.0.1rc0 (linux64 - "Oracle Linux Server 9.7")

CPU model: AMD EPYC 7643 48-Core Processor, instruction set [SSE2|AVX|AVX2]
Thread count: 48 physical cores, 96 logical processors, using up to 1 threads

Non-default parameters:
Presolve  0
Threads  1

Optimize a model with 2 rows, 3 columns and 6 nonzeros (Min)
Model fingerprint: 0x860c2970
Model has 1 linear objective coefficients
Variable types: 1 continuous, 2 integer (0 binary)
Coefficient statistics:
  Matrix range     [1e+00, 5e+07]
  Objective range  [1e+00, 1e+00]
  Bounds range     [1e+00, 4e+00]
  RHS range        [2e+01, 5e+07]

Found heuristic solution: objective -23.3046887
Variable types: 1 continuous, 2 integer (0 binary)

Explored 0 nodes (0 simplex iterations) in 0.00 seconds (0.00 work units)
Thread count was 1 (of 96 available processors)

Solution count 1: -23.3047 
No other solutions better than -23.3047

Optimal solution found (tolerance 1.00e-04)
Best objective -2.330468867719e+01, best bound -2.330468867719e+01, gap 0.0000%
        2            Master                 (1, 4)     -23.30469     -23.30469      0.00%     30.84  
        2         UB update                 (1, 4)     -23.30469     -23.30469      0.00%     30.84  
Master stalled and best point is already an anchor. Terminating.
LDBD bounds converged: UB=-23.30468867828603, LB=-23.304688677191734
Search path: (1, 2) -> (1, 4) -> (1, 4)
Anchor points: (1, 2) -> (1, 4)

Solved in 2 iterations and 30.84349 seconds
Optimal objective value -23.3046886783
Relative optimality gap 0.00000%

Problem: 
- Name: unknown
  Lower bound: -23.304688677191734
  Upper bound: -23.30468867828603
  Number of objectives: 1
  Number of constraints: 382
  Number of variables: 741
  Number of binary variables: 9
  Number of integer variables: 0
  Number of continuous variables: 732
  Number of nonzeros: None
  Sense: minimize
  Number of disjunctions: 4
Solver: 
- Name: GDPopt (22, 5, 13) - LDBD
  Status: ok
  User time: 30.843451181426644
  Wallclock time: 30.843451181426644
  Termination condition: optimal
  Iterations: 2
  Timing: main_timer_start_time: 5045335.214819973
total: 30.843451181426644

