Starting GDPopt version 22.5.13 using LDBD algorithm
iterlim: None
time_limit: 900
tee: true
logger: <Logger pyomo.contrib.gdpopt (INFO)>
mip_solver: gurobi
mip_solver_args:
  keepfiles: true
  logfile: gurobi_master.log
  options: {'Presolve': 0, 'LogFile': 'gurobi_native.log'}
  symbolic_solver_labels: true
  tee: true
subproblem_solver: gams
subproblem_solver_args:
  solver: ipopt
direction_norm: Linf
starting_point: [1, 2, 3, 3, 3]
logical_constraint_list: None
disjunction_list: ComponentSet(['d[1] (key=d[1])', 'd[2] (key=d[2])', 'd[3] (key=d[3])', 'd[4] (key=d[4])', 'd[5] (key=d[5])'])
infinity_output: 100000000.0
integer_tolerance: 1e-05
constraint_tolerance: 1e-06
variable_tolerance: 1e-08
subproblem_initialization_method: <function restore_vars_to_original_values at 0x7fd6f73b79c0>
call_before_subproblem_solve: <class 'type'>
call_after_subproblem_solve: <class 'type'>
call_after_subproblem_feasible: <class 'type'>
force_subproblem_nlp: false
subproblem_presolve: true
tighten_nlp_var_bounds: false
round_discrete_vars: true
max_fbbt_iterations: 3
bound_tolerance: 1e-06
separation_solver: gurobi
separation_solver_args:

If you use this software, you may cite the following:
            - Implementation:
            Chen, Q; Johnson, ES; Bernal, DE; Valentin, R; Kale, S;
            Bates, J; Siirola, JD; Grossmann, IE.
            Pyomo.GDP: an ecosystem for logic based modeling and optimization
            development.
            Optimization and Engineering, 2021.

Liñán, D. A.; Ricardez‐Sandoval, L. A. A Benders Decomposition Framework for the Optimization of Disjunctive Superstructures with Ordered Discrete Decisions. AIChE Journal 2023, 69 (5), e18008. https://doi.org/10.1002/aic.18008.
Original model has 479 constraints (24 nonlinear) and 5 disjunctions, with 927 variables, of which 12 are binary, 0 are integer, and 915 are continuous.
Reformulation Summary:
  Index | Ext Var | LB | UB | Associated Boolean Vars
      1 |       1 |  1 |  3 | stage_mode[1,1].indicator_var, stage_mode[1,2].indicator_var, stage_mode[1,3].indicator_var
      2 |       1 |  1 |  3 | stage_mode[2,1].indicator_var, stage_mode[2,2].indicator_var, stage_mode[2,3].indicator_var
      3 |       1 |  1 |  3 | stage_mode[3,1].indicator_var, stage_mode[3,2].indicator_var, stage_mode[3,3].indicator_var
      4 |       1 |  1 |  3 | stage_mode[4,1].indicator_var, stage_mode[4,2].indicator_var, stage_mode[4,3].indicator_var
      5 |       1 |  1 |  3 | stage_mode[5,1].indicator_var, stage_mode[5,2].indicator_var, stage_mode[5,3].indicator_var
=====================================================================================================
Iteration |   Search Type   |  External Variables  | Lower Bound | Upper Bound |   Gap    | Time(s)

        0     Initial point        (1, 2, 3, 3, 3)          -inf     -32.85102       inf%     13.06  *
        1    Skipped Anchor        (1, 2, 3, 3, 3)          -inf     -32.85102       inf%     13.06  
        1          Neighbor        (1, 1, 2, 2, 2)          -inf     -32.85102       inf%     17.90  
        1          Neighbor        (1, 1, 2, 2, 3)          -inf     -32.85102       inf%     22.52  
        1          Neighbor        (1, 1, 2, 3, 3)          -inf     -32.85102       inf%     27.61  
        1          Neighbor        (1, 2, 2, 2, 2)          -inf     -52.79223       inf%     39.73  *
        1          Neighbor        (1, 2, 2, 2, 3)          -inf     -52.79223       inf%     90.79  
        1          Neighbor        (1, 2, 2, 3, 3)          -inf     -52.79223       inf%    121.68  
        1          Neighbor        (2, 3, 3, 3, 3)          -inf     -52.79223       inf%    364.65  
Solver log file: 'gurobi_master.log'
Solver problem files: ('/tmp/tmporktcb43.pyomo.lp',)
Read LP format model from file /tmp/tmporktcb43.pyomo.lp
Reading time = 0.00 seconds
obj: 1 rows, 6 columns, 6 nonzeros
Set parameter Presolve to value 0
Set parameter LogFile to value "gurobi_native.log"
Gurobi Optimizer version 13.0.1 build v13.0.1rc0 (linux64 - "Oracle Linux Server 9.7")

CPU model: AMD EPYC 7643 48-Core Processor, instruction set [SSE2|AVX|AVX2]
Thread count: 48 physical cores, 96 logical processors, using up to 32 threads

Non-default parameters:
Presolve  0

Optimize a model with 1 rows, 6 columns and 6 nonzeros (Min)
Model fingerprint: 0x4e3547c8
Model has 1 linear objective coefficients
Variable types: 1 continuous, 5 integer (0 binary)
Coefficient statistics:
  Matrix range     [1e-10, 5e+07]
  Objective range  [1e+00, 1e+00]
  Bounds range     [1e+00, 3e+00]
  RHS range        [1e+08, 1e+08]
Warning: Model contains large matrix coefficient range
         Consider reformulating model or setting NumericFocus parameter
         to avoid numerical issues.

Found heuristic solution: objective -5.00000e+07
Found heuristic solution: objective -1.50000e+08
Variable types: 1 continuous, 5 integer (0 binary)

Root relaxation: cutoff, 1 iterations, 0.00 seconds (0.00 work units)

    Nodes    |    Current Node    |     Objective Bounds      |     Work
 Expl Unexpl |  Obj  Depth IntInf | Incumbent    BestBd   Gap | It/Node Time

     0     0     cutoff    0      -1.500e+08 -1.500e+08  0.00%     -    0s

Explored 1 nodes (1 simplex iterations) in 0.00 seconds (0.00 work units)
Thread count was 32 (of 96 available processors)

Solution count 2: -1.5e+08 -5e+07 
No other solutions better than -1.5e+08

Optimal solution found (tolerance 1.00e-04)
Best objective -1.500000432793e+08, best bound -1.500000432793e+08, gap 0.0000%
        1            Master        (1, 3, 1, 1, 1)   -150000043.27935     -52.79223   284132724.00%    364.66  
        1         UB update        (1, 2, 2, 2, 2)   -150000043.27935     -52.79223   284132724.00%    364.66  
Solver log file: 'gurobi_master.log'
Solver problem files: ('/tmp/tmpmvsey3hk.pyomo.lp',)
Read LP format model from file /tmp/tmpmvsey3hk.pyomo.lp
Reading time = 0.00 seconds
obj: 2 rows, 6 columns, 9 nonzeros
Set parameter Presolve to value 0
Set parameter LogFile to value "gurobi_native.log"
Gurobi Optimizer version 13.0.1 build v13.0.1rc0 (linux64 - "Oracle Linux Server 9.7")

CPU model: AMD EPYC 7643 48-Core Processor, instruction set [SSE2|AVX|AVX2]
Thread count: 48 physical cores, 96 logical processors, using up to 32 threads

Non-default parameters:
Presolve  0

Optimize a model with 2 rows, 6 columns and 9 nonzeros (Min)
Model fingerprint: 0xc7182820
Model has 1 linear objective coefficients
Variable types: 1 continuous, 5 integer (0 binary)
Coefficient statistics:
  Matrix range     [1e-10, 1e+08]
  Objective range  [1e+00, 1e+00]
  Bounds range     [1e+00, 3e+00]
  RHS range        [1e+08, 1e+08]
Warning: Model contains large matrix coefficient range
         Consider reformulating model or setting NumericFocus parameter
         to avoid numerical issues.

Found heuristic solution: objective 1.000000e+08
Variable types: 1 continuous, 5 integer (0 binary)

Root relaxation: objective -6.666673e+07, 2 iterations, 0.00 seconds (0.00 work units)

    Nodes    |    Current Node    |     Objective Bounds      |     Work
 Expl Unexpl |  Obj  Depth IntInf | Incumbent    BestBd   Gap | It/Node Time

     0     0 -6.667e+07    0    1 1.0000e+08 -6.667e+07   167%     -    0s
H    0     0                    -5.00000e+07 -6.667e+07  33.3%     -    0s

Explored 1 nodes (2 simplex iterations) in 0.00 seconds (0.00 work units)
Thread count was 32 (of 96 available processors)

Solution count 2: -5e+07 1e+08 
No other solutions better than -5e+07

Optimal solution found (tolerance 1.00e-04)
Best objective -5.000004605641e+07, best bound -5.000004605641e+07, gap 0.0000%
        2            Master        (1, 3, 3, 1, 1)   -50000046.05641     -52.79223   94710901.25%    365.57  
        2         UB update        (1, 2, 2, 2, 2)   -50000046.05641     -52.79223   94710901.25%    365.57  
Solver log file: 'gurobi_master.log'
Solver problem files: ('/tmp/tmplvw25o8s.pyomo.lp',)
Read LP format model from file /tmp/tmplvw25o8s.pyomo.lp
Reading time = 0.00 seconds
obj: 3 rows, 6 columns, 13 nonzeros
Set parameter Presolve to value 0
Set parameter LogFile to value "gurobi_native.log"
Gurobi Optimizer version 13.0.1 build v13.0.1rc0 (linux64 - "Oracle Linux Server 9.7")

CPU model: AMD EPYC 7643 48-Core Processor, instruction set [SSE2|AVX|AVX2]
Thread count: 48 physical cores, 96 logical processors, using up to 32 threads

Non-default parameters:
Presolve  0

Optimize a model with 3 rows, 6 columns and 13 nonzeros (Min)
Model fingerprint: 0x43b18dec
Model has 1 linear objective coefficients
Variable types: 1 continuous, 5 integer (0 binary)
Coefficient statistics:
  Matrix range     [1e-08, 1e+08]
  Objective range  [1e+00, 1e+00]
  Bounds range     [1e+00, 3e+00]
  RHS range        [4e+07, 1e+08]
Warning: Model contains large matrix coefficient range
         Consider reformulating model or setting NumericFocus parameter
         to avoid numerical issues.

Found heuristic solution: objective -1.00000e+08
Variable types: 1 continuous, 5 integer (0 binary)

Root relaxation: cutoff, 1 iterations, 0.00 seconds (0.00 work units)

    Nodes    |    Current Node    |     Objective Bounds      |     Work
 Expl Unexpl |  Obj  Depth IntInf | Incumbent    BestBd   Gap | It/Node Time

     0     0     cutoff    0      -1.000e+08 -1.000e+08  0.00%     -    0s

Explored 1 nodes (1 simplex iterations) in 0.00 seconds (0.00 work units)
Thread count was 32 (of 96 available processors)

Solution count 1: -1e+08 
No other solutions better than -1e+08

Optimal solution found (tolerance 1.00e-04)
Best objective -1.000001055845e+08, best bound -1.000001055845e+08, gap 0.0000%
        3            Master        (1, 3, 1, 3, 3)   -100000105.58445     -52.79223   189421928.01%    366.42  
        3         UB update        (1, 2, 2, 2, 2)   -100000105.58445     -52.79223   189421928.01%    366.42  
Solver log file: 'gurobi_master.log'
Solver problem files: ('/tmp/tmpnd80r9ug.pyomo.lp',)
Read LP format model from file /tmp/tmpnd80r9ug.pyomo.lp
Reading time = 0.00 seconds
obj: 4 rows, 6 columns, 16 nonzeros
Set parameter Presolve to value 0
Set parameter LogFile to value "gurobi_native.log"
Gurobi Optimizer version 13.0.1 build v13.0.1rc0 (linux64 - "Oracle Linux Server 9.7")

CPU model: AMD EPYC 7643 48-Core Processor, instruction set [SSE2|AVX|AVX2]
Thread count: 48 physical cores, 96 logical processors, using up to 32 threads

Non-default parameters:
Presolve  0

Optimize a model with 4 rows, 6 columns and 16 nonzeros (Min)
Model fingerprint: 0xcfd9d09c
Model has 1 linear objective coefficients
Variable types: 1 continuous, 5 integer (0 binary)
Coefficient statistics:
  Matrix range     [1e-08, 1e+08]
  Objective range  [1e+00, 1e+00]
  Bounds range     [1e+00, 3e+00]
  RHS range        [4e+07, 1e+08]
Warning: Model contains large matrix coefficient range
         Consider reformulating model or setting NumericFocus parameter
         to avoid numerical issues.

Found heuristic solution: objective 1.000000e+08
Variable types: 1 continuous, 5 integer (0 binary)

Root relaxation: objective -5.555561e+07, 2 iterations, 0.00 seconds (0.00 work units)

    Nodes    |    Current Node    |     Objective Bounds      |     Work
 Expl Unexpl |  Obj  Depth IntInf | Incumbent    BestBd   Gap | It/Node Time

     0     0 -5.556e+07    0    1 1.0000e+08 -5.556e+07   156%     -    0s
H    0     0                    -2.00000e+07 -5.556e+07   178%     -    0s

Explored 1 nodes (2 simplex iterations) in 0.00 seconds (0.00 work units)
Thread count was 32 (of 96 available processors)

Solution count 2: -2e+07 1e+08 
No other solutions better than -2e+07

Optimal solution found (tolerance 1.00e-04)
Best objective -2.000003237643e+07, best bound -2.000003237643e+07, gap 0.0000%
        4            Master        (1, 3, 3, 3, 1)   -20000032.37643     -52.79223   37884326.93%    367.27  
        4         UB update        (1, 2, 2, 2, 2)   -20000032.37643     -52.79223   37884326.93%    367.27  
Solver log file: 'gurobi_master.log'
Solver problem files: ('/tmp/tmp97y5nbbq.pyomo.lp',)
Read LP format model from file /tmp/tmp97y5nbbq.pyomo.lp
Reading time = 0.00 seconds
obj: 5 rows, 6 columns, 22 nonzeros
Set parameter Presolve to value 0
Set parameter LogFile to value "gurobi_native.log"
Gurobi Optimizer version 13.0.1 build v13.0.1rc0 (linux64 - "Oracle Linux Server 9.7")

CPU model: AMD EPYC 7643 48-Core Processor, instruction set [SSE2|AVX|AVX2]
Thread count: 48 physical cores, 96 logical processors, using up to 32 threads

Non-default parameters:
Presolve  0

Optimize a model with 5 rows, 6 columns and 22 nonzeros (Min)
Model fingerprint: 0xf8ddab19
Model has 1 linear objective coefficients
Variable types: 1 continuous, 5 integer (0 binary)
Coefficient statistics:
  Matrix range     [7e-09, 1e+08]
  Objective range  [1e+00, 1e+00]
  Bounds range     [1e+00, 3e+00]
  RHS range        [4e+07, 2e+08]
Warning: Model contains large matrix coefficient range
         Consider reformulating model or setting NumericFocus parameter
         to avoid numerical issues.

Found heuristic solution: objective -1.00000e+08
Variable types: 1 continuous, 5 integer (0 binary)

Root relaxation: cutoff, 1 iterations, 0.00 seconds (0.00 work units)

    Nodes    |    Current Node    |     Objective Bounds      |     Work
 Expl Unexpl |  Obj  Depth IntInf | Incumbent    BestBd   Gap | It/Node Time

     0     0     cutoff    0      -1.000e+08 -1.000e+08  0.00%     -    0s

Explored 1 nodes (1 simplex iterations) in 0.00 seconds (0.00 work units)
Thread count was 32 (of 96 available processors)

Solution count 1: -1e+08 
No other solutions better than -1e+08

Optimal solution found (tolerance 1.00e-04)
Best objective -1.000001055845e+08, best bound -1.000001055845e+08, gap 0.0000%
        5            Master        (1, 3, 1, 1, 3)   -100000105.58445     -52.79223   189421928.01%    368.22  
        5         UB update        (1, 2, 2, 2, 2)   -100000105.58445     -52.79223   189421928.01%    368.22  
Solver log file: 'gurobi_master.log'
Solver problem files: ('/tmp/tmpkfv36s7i.pyomo.lp',)
Read LP format model from file /tmp/tmpkfv36s7i.pyomo.lp
Reading time = 0.00 seconds
obj: 6 rows, 6 columns, 25 nonzeros
Set parameter Presolve to value 0
Set parameter LogFile to value "gurobi_native.log"
Gurobi Optimizer version 13.0.1 build v13.0.1rc0 (linux64 - "Oracle Linux Server 9.7")

CPU model: AMD EPYC 7643 48-Core Processor, instruction set [SSE2|AVX|AVX2]
Thread count: 48 physical cores, 96 logical processors, using up to 32 threads

Non-default parameters:
Presolve  0

Optimize a model with 6 rows, 6 columns and 25 nonzeros (Min)
Model fingerprint: 0xaaae788b
Model has 1 linear objective coefficients
Variable types: 1 continuous, 5 integer (0 binary)
Coefficient statistics:
  Matrix range     [7e-09, 1e+08]
  Objective range  [1e+00, 1e+00]
  Bounds range     [1e+00, 3e+00]
  RHS range        [4e+07, 2e+08]
Warning: Model contains large matrix coefficient range
         Consider reformulating model or setting NumericFocus parameter
         to avoid numerical issues.

Found heuristic solution: objective 1.000000e+08
Variable types: 1 continuous, 5 integer (0 binary)

Root relaxation: objective -6.923083e+07, 4 iterations, 0.00 seconds (0.00 work units)

    Nodes    |    Current Node    |     Objective Bounds      |     Work
 Expl Unexpl |  Obj  Depth IntInf | Incumbent    BestBd   Gap | It/Node Time

     0     0 -6.923e+07    0    2 1.0000e+08 -6.923e+07   169%     -    0s
H    0     0                    -2.00000e+07 -6.923e+07   246%     -    0s

Explored 1 nodes (4 simplex iterations) in 0.00 seconds (0.00 work units)
Thread count was 32 (of 96 available processors)

Solution count 2: -2e+07 1e+08 
No other solutions better than -2e+07

Optimal solution found (tolerance 1.00e-04)
Best objective -2.000003237643e+07, best bound -2.000003237643e+07, gap 0.0000%
        6            Master        (1, 3, 3, 3, 3)   -20000032.37643     -52.79223   37884326.93%    369.08  
        6         UB update        (1, 2, 2, 2, 2)   -20000032.37643     -52.79223   37884326.93%    369.08  
        6   Anchor (promoted)        (1, 3, 3, 3, 3)   -20000032.37643     -52.79223   37884326.93%    369.08  
        7    Skipped Anchor        (1, 3, 3, 3, 3)   -20000032.37643     -52.79223   37884326.93%    369.08  
Solver log file: 'gurobi_master.log'
Solver problem files: ('/tmp/tmpl09b1e9h.pyomo.lp',)
Read LP format model from file /tmp/tmpl09b1e9h.pyomo.lp
Reading time = 0.00 seconds
obj: 7 rows, 6 columns, 30 nonzeros
Set parameter Presolve to value 0
Set parameter LogFile to value "gurobi_native.log"
Gurobi Optimizer version 13.0.1 build v13.0.1rc0 (linux64 - "Oracle Linux Server 9.7")

CPU model: AMD EPYC 7643 48-Core Processor, instruction set [SSE2|AVX|AVX2]
Thread count: 48 physical cores, 96 logical processors, using up to 32 threads

Non-default parameters:
Presolve  0

Optimize a model with 7 rows, 6 columns and 30 nonzeros (Min)
Model fingerprint: 0x0026eeb4
Model has 1 linear objective coefficients
Variable types: 1 continuous, 5 integer (0 binary)
Coefficient statistics:
  Matrix range     [4e-09, 1e+08]
  Objective range  [1e+00, 1e+00]
  Bounds range     [1e+00, 3e+00]
  RHS range        [4e+07, 2e+08]
Warning: Model contains large matrix coefficient range
         Consider reformulating model or setting NumericFocus parameter
         to avoid numerical issues.

Variable types: 1 continuous, 5 integer (0 binary)
Found heuristic solution: objective 1.000000e+08
Found heuristic solution: objective 9.999996e+07
Found heuristic solution: objective -52.7922263

Root relaxation: objective -5.714292e+07, 5 iterations, 0.00 seconds (0.00 work units)

    Nodes    |    Current Node    |     Objective Bounds      |     Work
 Expl Unexpl |  Obj  Depth IntInf | Incumbent    BestBd   Gap | It/Node Time

     0     0 -5.714e+07    0    3  -52.79223 -5.714e+07      -     -    0s
H    0     0                     -52.7922266 -5.714e+07      -     -    0s
     0     0 -5.714e+07    0    3  -52.79223 -5.714e+07      -     -    0s
     0     1 -5.000e+07    0    3  -52.79223 -5.000e+07      -     -    0s

Explored 2 nodes (6 simplex iterations) in 0.01 seconds (0.00 work units)
Thread count was 32 (of 96 available processors)

Solution count 4: -52.7922 -52.7922 1e+08 1e+08 
No other solutions better than -52.7922

Optimal solution found (tolerance 1.00e-04)
Best objective -5.279222655296e+01, best bound -5.279222655296e+01, gap 0.0000%
        7            Master        (1, 1, 2, 2, 3)     -52.79223     -52.79223      0.00%    369.13  
        7         UB update        (1, 2, 2, 2, 2)     -52.79223     -52.79223      0.00%    369.13  
        7   Anchor (promoted)        (1, 1, 2, 2, 3)     -52.79223     -52.79223      0.00%    369.13  
LDBD bounds converged: UB=-52.79222624364544, LB=-52.79222655296326
Search path: (1, 2, 3, 3, 3) -> (1, 3, 1, 1, 1) -> (1, 3, 3, 1, 1) -> (1, 3, 1, 3, 3) -> (1, 3, 3, 3, 1) -> (1, 3, 1, 1, 3) -> (1, 3, 3, 3, 3) -> (1, 1, 2, 2, 3)
Anchor points: (1, 2, 3, 3, 3) -> (1, 3, 1, 1, 1) -> (1, 3, 3, 1, 1) -> (1, 3, 1, 3, 3) -> (1, 3, 3, 3, 1) -> (1, 3, 1, 1, 3) -> (1, 3, 3, 3, 3) -> (1, 1, 2, 2, 3)

Solved in 7 iterations and 369.13281 seconds
Optimal objective value -52.7922262436
Relative optimality gap 0.00000%

Problem: 
- Name: unknown
  Lower bound: -52.79222655296326
  Upper bound: -52.79222624364544
  Number of objectives: 1
  Number of constraints: 479
  Number of variables: 927
  Number of binary variables: 12
  Number of integer variables: 0
  Number of continuous variables: 915
  Number of nonzeros: None
  Sense: minimize
  Number of disjunctions: 5
Solver: 
- Name: GDPopt (22, 5, 13) - LDBD
  Status: ok
  User time: 369.13276796229184
  Wallclock time: 369.13276796229184
  Termination condition: optimal
  Iterations: 7
  Timing: main_timer_start_time: 4953215.377339804
total: 369.13276796229184

