Starting GDPopt version 22.5.13 using LDBD algorithm
iterlim: None
time_limit: 900
tee: true
logger: <Logger pyomo.contrib.gdpopt (INFO)>
mip_solver: gurobi
mip_solver_args:
  keepfiles: true
  logfile: gurobi_master.log
  options: {'Presolve': 0, 'LogFile': 'gurobi_native.log'}
  symbolic_solver_labels: true
  tee: true
subproblem_solver: gams
subproblem_solver_args:
  solver: conopt
direction_norm: Linf
starting_point: [1, 2]
logical_constraint_list: ComponentSet(['mode_transfer_lc1 (key=mode_transfer_lc1)', 'mode_transfer_lc2 (key=mode_transfer_lc2)'])
disjunction_list: None
infinity_output: 100000000.0
integer_tolerance: 1e-05
constraint_tolerance: 1e-06
variable_tolerance: 1e-08
subproblem_initialization_method: <function restore_vars_to_original_values at 0x7fd6f73b79c0>
call_before_subproblem_solve: <class 'type'>
call_after_subproblem_solve: <class 'type'>
call_after_subproblem_feasible: <class 'type'>
force_subproblem_nlp: false
subproblem_presolve: true
tighten_nlp_var_bounds: false
round_discrete_vars: true
max_fbbt_iterations: 3
bound_tolerance: 1e-06
separation_solver: gurobi
separation_solver_args:

If you use this software, you may cite the following:
            - Implementation:
            Chen, Q; Johnson, ES; Bernal, DE; Valentin, R; Kale, S;
            Bates, J; Siirola, JD; Grossmann, IE.
            Pyomo.GDP: an ecosystem for logic based modeling and optimization
            development.
            Optimization and Engineering, 2021.

Liñán, D. A.; Ricardez‐Sandoval, L. A. A Benders Decomposition Framework for the Optimization of Disjunctive Superstructures with Ordered Discrete Decisions. AIChE Journal 2023, 69 (5), e18008. https://doi.org/10.1002/aic.18008.
Original model has 479 constraints (24 nonlinear) and 5 disjunctions, with 927 variables, of which 12 are binary, 0 are integer, and 915 are continuous.
Reformulation Summary:
  Index | Ext Var | LB | UB | Associated Boolean Vars
      1 |       1 |  1 |  5 | mode_transfer[2,1], mode_transfer[3,1], mode_transfer[4,1], mode_transfer[5,1], mode_transfer[6,1]
      2 |       1 |  1 |  5 | mode_transfer[2,2], mode_transfer[3,2], mode_transfer[4,2], mode_transfer[5,2], mode_transfer[6,2]
=====================================================================================================
Iteration |   Search Type   |  External Variables  | Lower Bound | Upper Bound |   Gap    | Time(s)

        0     Initial point                 (1, 2)          -inf     -32.85102       inf%      6.30  *
        1    Skipped Anchor                 (1, 2)          -inf     -32.85102       inf%      6.30  
        1          Neighbor                 (1, 3)          -inf     -35.61059       inf%     12.94  *
        1          Neighbor                 (2, 3)          -inf     -35.61059       inf%     23.76  
Solver log file: 'gurobi_master.log'
Solver problem files: ('/tmp/tmpshknjwp8.pyomo.lp',)
Read LP format model from file /tmp/tmpshknjwp8.pyomo.lp
Reading time = 0.00 seconds
obj: 1 rows, 3 columns, 3 nonzeros
Set parameter Presolve to value 0
Set parameter LogFile to value "gurobi_native.log"
Gurobi Optimizer version 13.0.1 build v13.0.1rc0 (linux64 - "Oracle Linux Server 9.7")

CPU model: AMD EPYC 7643 48-Core Processor, instruction set [SSE2|AVX|AVX2]
Thread count: 48 physical cores, 96 logical processors, using up to 32 threads

Non-default parameters:
Presolve  0

Optimize a model with 1 rows, 3 columns and 3 nonzeros (Min)
Model fingerprint: 0xca2bcef9
Model has 1 linear objective coefficients
Variable types: 1 continuous, 2 integer (0 binary)
Coefficient statistics:
  Matrix range     [1e+00, 5e+07]
  Objective range  [1e+00, 1e+00]
  Bounds range     [1e+00, 5e+00]
  RHS range        [5e+07, 5e+07]

Found heuristic solution: objective -1.50000e+08
Variable types: 1 continuous, 2 integer (0 binary)

Root relaxation: cutoff, 1 iterations, 0.00 seconds (0.00 work units)

    Nodes    |    Current Node    |     Objective Bounds      |     Work
 Expl Unexpl |  Obj  Depth IntInf | Incumbent    BestBd   Gap | It/Node Time

     0     0     cutoff    0      -1.500e+08 -1.500e+08  0.00%     -    0s

Explored 1 nodes (1 simplex iterations) in 0.00 seconds (0.00 work units)
Thread count was 32 (of 96 available processors)

Solution count 1: -1.5e+08 
No other solutions better than -1.5e+08

Optimal solution found (tolerance 1.00e-04)
Best objective -1.500000686155e+08, best bound -1.500000686155e+08, gap 0.0000%
        1            Master                 (1, 5)   -150000068.61547     -35.61059   421223148.82%     23.78  
        1         UB update                 (1, 3)   -150000068.61547     -35.61059   421223148.82%     23.78  
        2            Anchor                 (1, 5)   -150000068.61547     -52.79223   284132772.09%     29.22  *
        2          Neighbor                 (1, 4)   -150000068.61547     -52.79223   284132772.09%     35.82  
        2          Neighbor                 (2, 4)   -150000068.61547     -52.79223   284132772.09%     44.17  
        2          Neighbor                 (2, 5)   -150000068.61547     -52.79223   284132772.09%     51.08  
Solver log file: 'gurobi_master.log'
Solver problem files: ('/tmp/tmpmvhkfce2.pyomo.lp',)
Read LP format model from file /tmp/tmpmvhkfce2.pyomo.lp
Reading time = 0.00 seconds
obj: 2 rows, 3 columns, 5 nonzeros
Set parameter Presolve to value 0
Set parameter LogFile to value "gurobi_native.log"
Gurobi Optimizer version 13.0.1 build v13.0.1rc0 (linux64 - "Oracle Linux Server 9.7")

CPU model: AMD EPYC 7643 48-Core Processor, instruction set [SSE2|AVX|AVX2]
Thread count: 48 physical cores, 96 logical processors, using up to 32 threads

Non-default parameters:
Presolve  0

Optimize a model with 2 rows, 3 columns and 5 nonzeros (Min)
Model fingerprint: 0x5fe75e88
Model has 1 linear objective coefficients
Variable types: 1 continuous, 2 integer (0 binary)
Coefficient statistics:
  Matrix range     [1e+00, 1e+08]
  Objective range  [1e+00, 1e+00]
  Bounds range     [1e+00, 5e+00]
  RHS range        [4e+01, 2e+08]
Warning: Model contains large matrix coefficients
         Consider reformulating model or setting NumericFocus parameter
         to avoid numerical issues.

Found heuristic solution: objective -52.7922262
Variable types: 1 continuous, 2 integer (0 binary)

Explored 0 nodes (0 simplex iterations) in 0.00 seconds (0.00 work units)
Thread count was 32 (of 96 available processors)

Solution count 1: -52.7922 
No other solutions better than -52.7922

Optimal solution found (tolerance 1.00e-04)
Best objective -5.279222622514e+01, best bound -5.279222622514e+01, gap 0.0000%
        2            Master                 (1, 5)     -52.79223     -52.79223      0.00%     51.10  
        2         UB update                 (1, 5)     -52.79223     -52.79223      0.00%     51.10  
Master stalled and best point is already an anchor. Terminating.
LDBD bounds converged: UB=-52.79222622630046, LB=-52.79222622513771
Search path: (1, 2) -> (1, 5) -> (1, 5)
Anchor points: (1, 2) -> (1, 5)

Solved in 2 iterations and 51.10324 seconds
Optimal objective value -52.7922262263
Relative optimality gap 0.00000%

Problem: 
- Name: unknown
  Lower bound: -52.79222622513771
  Upper bound: -52.79222622630046
  Number of objectives: 1
  Number of constraints: 479
  Number of variables: 927
  Number of binary variables: 12
  Number of integer variables: 0
  Number of continuous variables: 915
  Number of nonzeros: None
  Sense: minimize
  Number of disjunctions: 5
Solver: 
- Name: GDPopt (22, 5, 13) - LDBD
  Status: ok
  User time: 51.10320020932704
  Wallclock time: 51.10320020932704
  Termination condition: optimal
  Iterations: 2
  Timing: main_timer_start_time: 4953969.932882032
total: 51.10320020932704

