Starting GDPopt version 22.5.13 using LDBD algorithm
iterlim: None
time_limit: 3600
tee: true
logger: <Logger pyomo.contrib.gdpopt (INFO)>
mip_solver: gurobi
mip_solver_args:
  keepfiles: true
  logfile: gurobi_master.log
  options: {'Presolve': 0, 'LogFile': 'gurobi_native.log'}
  symbolic_solver_labels: true
  tee: true
subproblem_solver: gams
subproblem_solver_args:
  solver: conopt
direction_norm: L2
starting_point: [1, 2]
logical_constraint_list: ComponentSet(['mode_transfer_lc1 (key=mode_transfer_lc1)', 'mode_transfer_lc2 (key=mode_transfer_lc2)'])
disjunction_list: None
infinity_output: 100000000.0
integer_tolerance: 1e-05
constraint_tolerance: 1e-06
variable_tolerance: 1e-08
subproblem_initialization_method: <function restore_vars_to_original_values at 0x7f9507c7f9c0>
call_before_subproblem_solve: <class 'type'>
call_after_subproblem_solve: <class 'type'>
call_after_subproblem_feasible: <class 'type'>
force_subproblem_nlp: false
subproblem_presolve: true
tighten_nlp_var_bounds: false
round_discrete_vars: true
max_fbbt_iterations: 3
bound_tolerance: 1e-06
separation_solver: gurobi
separation_solver_args:

If you use this software, you may cite the following:
            - Implementation:
            Chen, Q; Johnson, ES; Bernal, DE; Valentin, R; Kale, S;
            Bates, J; Siirola, JD; Grossmann, IE.
            Pyomo.GDP: an ecosystem for logic based modeling and optimization
            development.
            Optimization and Engineering, 2021.

Liñán, D. A.; Ricardez‐Sandoval, L. A. A Benders Decomposition Framework for the Optimization of Disjunctive Superstructures with Ordered Discrete Decisions. AIChE Journal 2023, 69 (5), e18008. https://doi.org/10.1002/aic.18008.
Original model has 770 constraints (42 nonlinear) and 8 disjunctions, with 1485 variables, of which 21 are binary, 0 are integer, and 1464 are continuous.
Reformulation Summary:
  Index | Ext Var | LB | UB | Associated Boolean Vars
      1 |       1 |  1 |  8 | mode_transfer[2,1], mode_transfer[3,1], mode_transfer[4,1], mode_transfer[5,1], mode_transfer[6,1], mode_transfer[7,1], mode_transfer[8,1], mode_transfer[9,1]
      2 |       1 |  1 |  8 | mode_transfer[2,2], mode_transfer[3,2], mode_transfer[4,2], mode_transfer[5,2], mode_transfer[6,2], mode_transfer[7,2], mode_transfer[8,2], mode_transfer[9,2]
=====================================================================================================
Iteration |   Search Type   |  External Variables  | Lower Bound | Upper Bound |   Gap    | Time(s)

        0     Initial point                 (1, 2)          -inf    -122.69353       inf%      8.89  *
        1    Skipped Anchor                 (1, 2)          -inf    -122.69353       inf%      8.89  
        1          Neighbor                 (1, 3)          -inf    -142.12012       inf%     20.22  *
Solver log file: 'gurobi_master.log'
Solver problem files: ('/tmp/tmp7do5s6gz.pyomo.lp',)
Read LP format model from file /tmp/tmp7do5s6gz.pyomo.lp
Reading time = 0.00 seconds
obj: 1 rows, 3 columns, 3 nonzeros
Set parameter Presolve to value 0
Set parameter LogFile to value "gurobi_native.log"
Gurobi Optimizer version 13.0.1 build v13.0.1rc0 (linux64 - "Oracle Linux Server 9.7")

CPU model: AMD EPYC 7643 48-Core Processor, instruction set [SSE2|AVX|AVX2]
Thread count: 48 physical cores, 96 logical processors, using up to 32 threads

Non-default parameters:
Presolve  0

Optimize a model with 1 rows, 3 columns and 3 nonzeros (Min)
Model fingerprint: 0x0bc39773
Model has 1 linear objective coefficients
Variable types: 1 continuous, 2 integer (0 binary)
Coefficient statistics:
  Matrix range     [1e+00, 1e+08]
  Objective range  [1e+00, 1e+00]
  Bounds range     [1e+00, 8e+00]
  RHS range        [1e+08, 1e+08]
Warning: Model contains large matrix coefficients
         Consider reformulating model or setting NumericFocus parameter
         to avoid numerical issues.

Found heuristic solution: objective -6.00001e+08
Variable types: 1 continuous, 2 integer (0 binary)

Root relaxation: cutoff, 1 iterations, 0.00 seconds (0.00 work units)

    Nodes    |    Current Node    |     Objective Bounds      |     Work
 Expl Unexpl |  Obj  Depth IntInf | Incumbent    BestBd   Gap | It/Node Time

     0     0     cutoff    0      -6.000e+08 -6.000e+08  0.00%     -    0s

Explored 1 nodes (1 simplex iterations) in 0.00 seconds (0.00 work units)
Thread count was 32 (of 96 available processors)

Solution count 1: -6.00001e+08 
No other solutions better than -6.00001e+08

Optimal solution found (tolerance 1.00e-04)
Best objective -6.000008588547e+08, best bound -6.000008588547e+08, gap 0.0000%
        1            Master                 (1, 8)   -600000858.85469    -142.12012   422178586.34%     21.71  
        1         UB update                 (1, 3)   -600000858.85469    -142.12012   422178586.34%     21.71  
        2            Anchor                 (1, 8)   -600000858.85469    -142.12012   422178586.34%     33.77  
        2          Neighbor                 (2, 8)   -600000858.85469    -142.12012   422178586.34%     45.03  
        2          Neighbor                 (1, 7)   -600000858.85469    -142.12012   422178586.34%     57.55  
Solver log file: 'gurobi_master.log'
Solver problem files: ('/tmp/tmpq9jwa9k3.pyomo.lp',)
Read LP format model from file /tmp/tmpq9jwa9k3.pyomo.lp
Reading time = 0.00 seconds
obj: 2 rows, 3 columns, 6 nonzeros
Set parameter Presolve to value 0
Set parameter LogFile to value "gurobi_native.log"
Gurobi Optimizer version 13.0.1 build v13.0.1rc0 (linux64 - "Oracle Linux Server 9.7")

CPU model: AMD EPYC 7643 48-Core Processor, instruction set [SSE2|AVX|AVX2]
Thread count: 48 physical cores, 96 logical processors, using up to 32 threads

Non-default parameters:
Presolve  0

Optimize a model with 2 rows, 3 columns and 6 nonzeros (Min)
Model fingerprint: 0x05719d2c
Model has 1 linear objective coefficients
Variable types: 1 continuous, 2 integer (0 binary)
Coefficient statistics:
  Matrix range     [1e+00, 1e+08]
  Objective range  [1e+00, 1e+00]
  Bounds range     [1e+00, 8e+00]
  RHS range        [5e+02, 1e+08]
Warning: Model contains large matrix coefficients
         Consider reformulating model or setting NumericFocus parameter
         to avoid numerical issues.

Found heuristic solution: objective 1.000000e+08
Variable types: 1 continuous, 2 integer (0 binary)

Root relaxation: objective -4.299626e+02, 1 iterations, 0.00 seconds (0.00 work units)

    Nodes    |    Current Node    |     Objective Bounds      |     Work
 Expl Unexpl |  Obj  Depth IntInf | Incumbent    BestBd   Gap | It/Node Time

*    0     0               0    -429.9626212 -429.96262  0.00%     -    0s

Explored 1 nodes (1 simplex iterations) in 0.00 seconds (0.00 work units)
Thread count was 32 (of 96 available processors)

Solution count 2: -429.963 1e+08 
No other solutions better than -429.963

Optimal solution found (tolerance 1.00e-04)
Best objective -4.299626212315e+02, best bound -4.299626212315e+02, gap 0.0000%
        2            Master                 (1, 2)    -429.96262    -142.12012    202.53%     57.57  
        2         UB update                 (1, 3)    -429.96262    -142.12012    202.53%     57.57  
        2   Anchor (promoted)                 (1, 3)    -429.96262    -142.12012    202.53%     57.58  
        3    Skipped Anchor                 (1, 3)    -429.96262    -142.12012    202.53%     57.58  
        3          Neighbor                 (2, 3)    -429.96262    -142.12012    202.53%     67.42  
        3          Neighbor                 (1, 4)    -429.96262    -188.44949    128.16%     77.17  *
        3   Skipped Neighbor                 (1, 2)    -429.96262    -188.44949    128.16%     77.17  
Solver log file: 'gurobi_master.log'
Solver problem files: ('/tmp/tmpc0fi97kh.pyomo.lp',)
Read LP format model from file /tmp/tmpc0fi97kh.pyomo.lp
Reading time = 0.00 seconds
obj: 3 rows, 3 columns, 9 nonzeros
Set parameter Presolve to value 0
Set parameter LogFile to value "gurobi_native.log"
Gurobi Optimizer version 13.0.1 build v13.0.1rc0 (linux64 - "Oracle Linux Server 9.7")

CPU model: AMD EPYC 7643 48-Core Processor, instruction set [SSE2|AVX|AVX2]
Thread count: 48 physical cores, 96 logical processors, using up to 32 threads

Non-default parameters:
Presolve  0

Optimize a model with 3 rows, 3 columns and 9 nonzeros (Min)
Model fingerprint: 0xfe87ad3a
Model has 1 linear objective coefficients
Variable types: 1 continuous, 2 integer (0 binary)
Coefficient statistics:
  Matrix range     [1e+00, 8e+01]
  Objective range  [1e+00, 1e+00]
  Bounds range     [1e+00, 8e+00]
  RHS range        [1e+02, 5e+02]

Found heuristic solution: objective -89.8155439
Variable types: 1 continuous, 2 integer (0 binary)

Root relaxation: objective -2.339818e+02, 1 iterations, 0.00 seconds (0.00 work units)

    Nodes    |    Current Node    |     Objective Bounds      |     Work
 Expl Unexpl |  Obj  Depth IntInf | Incumbent    BestBd   Gap | It/Node Time

     0     0 -233.98176    0    1  -89.81554 -233.98176   161%     -    0s
H    0     0                    -198.3673715 -233.98176  18.0%     -    0s
H    0     0                    -221.3274766 -233.98176  5.72%     -    0s
     0     0     cutoff    0      -221.32748 -221.32748  0.00%     -    0s

Explored 1 nodes (1 simplex iterations) in 0.00 seconds (0.00 work units)
Thread count was 32 (of 96 available processors)

Solution count 3: -221.327 -198.367 -89.8155 
No other solutions better than -221.327

Optimal solution found (tolerance 1.00e-04)
Best objective -2.213274765872e+02, best bound -2.213274765872e+02, gap 0.0000%
        3            Master                 (1, 5)    -221.32748    -188.44949     17.45%     77.19  
        3         UB update                 (1, 4)    -221.32748    -188.44949     17.45%     77.19  
        4            Anchor                 (1, 5)    -221.32748    -188.44949     17.45%     85.36  
        4          Neighbor                 (2, 5)    -221.32748    -188.44949     17.45%     98.49  
        4          Neighbor                 (1, 6)    -221.32748    -188.44949     17.45%    110.61  
        4   Skipped Neighbor                 (1, 4)    -221.32748    -188.44949     17.45%    110.61  
Solver log file: 'gurobi_master.log'
Solver problem files: ('/tmp/tmp_eftq42b.pyomo.lp',)
Read LP format model from file /tmp/tmp_eftq42b.pyomo.lp
Reading time = 0.00 seconds
obj: 4 rows, 3 columns, 12 nonzeros
Set parameter Presolve to value 0
Set parameter LogFile to value "gurobi_native.log"
Gurobi Optimizer version 13.0.1 build v13.0.1rc0 (linux64 - "Oracle Linux Server 9.7")

CPU model: AMD EPYC 7643 48-Core Processor, instruction set [SSE2|AVX|AVX2]
Thread count: 48 physical cores, 96 logical processors, using up to 32 threads

Non-default parameters:
Presolve  0

Optimize a model with 4 rows, 3 columns and 12 nonzeros (Min)
Model fingerprint: 0x1e9781da
Model has 1 linear objective coefficients
Variable types: 1 continuous, 2 integer (0 binary)
Coefficient statistics:
  Matrix range     [1e+00, 8e+01]
  Objective range  [1e+00, 1e+00]
  Bounds range     [1e+00, 8e+00]
  RHS range        [1e+02, 5e+02]

Found heuristic solution: objective -89.8155439
Variable types: 1 continuous, 2 integer (0 binary)

Root relaxation: objective -1.884495e+02, 3 iterations, 0.00 seconds (0.00 work units)

    Nodes    |    Current Node    |     Objective Bounds      |     Work
 Expl Unexpl |  Obj  Depth IntInf | Incumbent    BestBd   Gap | It/Node Time

*    0     0               0    -188.4494934 -188.44949  0.00%     -    0s

Explored 1 nodes (3 simplex iterations) in 0.00 seconds (0.00 work units)
Thread count was 32 (of 96 available processors)

Solution count 2: -188.449 -89.8155 
No other solutions better than -188.449

Optimal solution found (tolerance 1.00e-04)
Best objective -1.884494934218e+02, best bound -1.884494934218e+02, gap 0.0000%
        4            Master                 (1, 4)    -188.44949    -188.44949      0.00%    110.64  
        4         UB update                 (1, 4)    -188.44949    -188.44949      0.00%    110.64  
        4   Anchor (promoted)                 (1, 4)    -188.44949    -188.44949      0.00%    110.64  
LDBD bounds converged: UB=-188.44949342178782, LB=-188.44949342178785
Search path: (1, 2) -> (1, 8) -> (1, 3) -> (1, 5) -> (1, 4)
Anchor points: (1, 2) -> (1, 8) -> (1, 3) -> (1, 5) -> (1, 4)

Solved in 4 iterations and 110.64312 seconds
Optimal objective value -188.4494934218
Relative optimality gap 0.00000%

Problem: 
- Name: unknown
  Lower bound: -188.44949342178785
  Upper bound: -188.44949342178782
  Number of objectives: 1
  Number of constraints: 770
  Number of variables: 1485
  Number of binary variables: 21
  Number of integer variables: 0
  Number of continuous variables: 1464
  Number of nonzeros: None
  Sense: minimize
  Number of disjunctions: 8
Solver: 
- Name: GDPopt (22, 5, 13) - LDBD
  Status: ok
  User time: 110.64307578839362
  Wallclock time: 110.64307578839362
  Termination condition: optimal
  Iterations: 4
  Timing: main_timer_start_time: 4992556.605702555
total: 110.64307578839362

