Starting GDPopt version 22.5.13 using LDSDA algorithm
iterlim: None
time_limit: 900
tee: true
logger: <Logger pyomo.contrib.gdpopt (INFO)>
mip_solver: gurobi
mip_solver_args:
  keepfiles: true
  logfile: gurobi_master_gdpopt.ldsda_conopt_L2.log
  options: {'Presolve': 0, 'LogFile': 'gurobi_native.log', 'Threads': 1}
  symbolic_solver_labels: true
  tee: true
subproblem_solver: gams
subproblem_solver_args:
  add_options: ['option threads=1;']
  solver: conopt
direction_norm: L2
starting_point: [1, 1, 1]
logical_constraint_list: None
disjunction_list: ComponentSet(['d[1] (key=d[1])', 'd[2] (key=d[2])', 'd[3] (key=d[3])'])
infinity_output: 100000000.0
integer_tolerance: 1e-05
constraint_tolerance: 1e-06
variable_tolerance: 1e-08
subproblem_initialization_method: <function restore_vars_to_original_values at 0x7f9f7097f9c0>
call_before_subproblem_solve: <class 'type'>
call_after_subproblem_solve: <class 'type'>
call_after_subproblem_feasible: <class 'type'>
force_subproblem_nlp: false
subproblem_presolve: true
tighten_nlp_var_bounds: false
round_discrete_vars: true
max_fbbt_iterations: 3
bound_tolerance: 1e-06

If you use this software, you may cite the following:
            - Implementation:
            Chen, Q; Johnson, ES; Bernal, DE; Valentin, R; Kale, S;
            Bates, J; Siirola, JD; Grossmann, IE.
            Pyomo.GDP: an ecosystem for logic based modeling and optimization
            development.
            Optimization and Engineering, 2021.

- LDSDA algorithm:
        Bernal DE, Ovalle D, Liñán DA, Ricardez-Sandoval LA, Gómez JM, Grossmann IE.
        Process Superstructure Optimization through Discrete Steepest Descent Optimization: a GDP Analysis and Applications in Process Intensification.
        Computer Aided Chemical Engineering 2022 Jan 1 (Vol. 49, pp. 1279-1284). Elsevier.
        https://doi.org/10.1016/B978-0-323-85159-6.50213-X
Original model has 285 constraints (12 nonlinear) and 3 disjunctions, with 553 variables, of which 6 are binary, 0 are integer, and 547 are continuous.
Reformulation Summary:
  Index | Ext Var | LB | UB | Associated Boolean Vars
      1 |       1 |  1 |  2 | stage_mode[1,1].indicator_var, stage_mode[1,2].indicator_var
      2 |       1 |  1 |  2 | stage_mode[2,1].indicator_var, stage_mode[2,2].indicator_var
      3 |       1 |  1 |  2 | stage_mode[3,1].indicator_var, stage_mode[3,2].indicator_var
=====================================================================================================
Iteration |   Search Type   |  External Variables  | Lower Bound | Upper Bound |   Gap    | Time(s)

        0     Initial point              (1, 1, 1)          -inf      -9.17745       inf%     10.48  *
        1   Neighbor search              (2, 1, 1)          -inf      -9.17745       inf%     14.06  
        1   Neighbor search              (1, 2, 1)          -inf     -10.10628       inf%     23.36  *
        1   Neighbor search              (1, 1, 2)          -inf     -10.10628       inf%     29.45  
        2   Neighbor search              (2, 2, 1)          -inf     -10.10628       inf%     31.59  
        2   Neighbor search              (1, 2, 2)          -inf     -12.74146       inf%     35.62  *
        3   Neighbor search              (2, 2, 2)          -inf     -12.74146       inf%     37.35  
Search path: (1, 1, 1) -> (1, 2, 1) -> (1, 2, 2)

Solved in 3 iterations and 37.35542 seconds
Optimal objective value -12.7414619219
Relative optimality gap inf%

Problem: 
- Name: unknown
  Lower bound: -.inf
  Upper bound: -12.741461921937825
  Number of objectives: 1
  Number of constraints: 285
  Number of variables: 553
  Number of binary variables: 6
  Number of integer variables: 0
  Number of continuous variables: 547
  Number of nonzeros: None
  Sense: minimize
  Number of disjunctions: 3
Solver: 
- Name: GDPopt (22, 5, 13) - LDSDA
  Status: ok
  User time: 37.35537965595722
  Wallclock time: 37.35537965595722
  Termination condition: locallyOptimal
  Iterations: 3
  Timing: main_timer_start_time: 5041220.270116343
total: 37.35537965595722

