Starting GDPopt version 22.5.13 using LDBD algorithm
iterlim: None
time_limit: 3600
tee: true
logger: <Logger pyomo.contrib.gdpopt (INFO)>
mip_solver: gurobi
mip_solver_args:
  keepfiles: true
  logfile: gurobi_master_gdpopt.ldbd_ipopt_Linf_mode.log
  options: {'Presolve': 0, 'LogFile': 'gurobi_native.log', 'Threads': 1}
  symbolic_solver_labels: true
  tee: true
subproblem_solver: gams
subproblem_solver_args:
  add_options: ['option threads=1;']
  solver: ipopt
direction_norm: Linf
starting_point: [1, 2]
logical_constraint_list: ComponentSet(['mode_transfer_lc1 (key=mode_transfer_lc1)', 'mode_transfer_lc2 (key=mode_transfer_lc2)'])
disjunction_list: None
infinity_output: 100000000.0
integer_tolerance: 1e-05
constraint_tolerance: 1e-06
variable_tolerance: 1e-08
subproblem_initialization_method: <function restore_vars_to_original_values at 0x7f022cbef9c0>
call_before_subproblem_solve: <class 'type'>
call_after_subproblem_solve: <class 'type'>
call_after_subproblem_feasible: <class 'type'>
force_subproblem_nlp: false
subproblem_presolve: true
tighten_nlp_var_bounds: false
round_discrete_vars: true
max_fbbt_iterations: 3
bound_tolerance: 1e-06
separation_solver: gurobi
separation_solver_args:
  keepfiles: true
  logfile: gurobi_separation_gdpopt.ldbd_ipopt_Linf_mode.log
  options: {'Presolve': 0, 'LogFile': 'gurobi_native.log', 'Threads': 1}
  symbolic_solver_labels: true
  tee: true

If you use this software, you may cite the following:
            - Implementation:
            Chen, Q; Johnson, ES; Bernal, DE; Valentin, R; Kale, S;
            Bates, J; Siirola, JD; Grossmann, IE.
            Pyomo.GDP: an ecosystem for logic based modeling and optimization
            development.
            Optimization and Engineering, 2021.

Liñán, D. A.; Ricardez‐Sandoval, L. A. A Benders Decomposition Framework for the Optimization of Disjunctive Superstructures with Ordered Discrete Decisions. AIChE Journal 2023, 69 (5), e18008. https://doi.org/10.1002/aic.18008.
Original model has 673 constraints (36 nonlinear) and 7 disjunctions, with 1299 variables, of which 18 are binary, 0 are integer, and 1281 are continuous.
Reformulation Summary:
  Index | Ext Var | LB | UB | Associated Boolean Vars
      1 |       1 |  1 |  7 | mode_transfer[2,1], mode_transfer[3,1], mode_transfer[4,1], mode_transfer[5,1], mode_transfer[6,1], mode_transfer[7,1], mode_transfer[8,1]
      2 |       1 |  1 |  7 | mode_transfer[2,2], mode_transfer[3,2], mode_transfer[4,2], mode_transfer[5,2], mode_transfer[6,2], mode_transfer[7,2], mode_transfer[8,2]
=====================================================================================================
Iteration |   Search Type   |  External Variables  | Lower Bound | Upper Bound |   Gap    | Time(s)

        0     Initial point                 (1, 2)          -inf     -78.03804       inf%     21.12  *
        1    Skipped Anchor                 (1, 2)          -inf     -78.03804       inf%     21.13  
        1          Neighbor                 (1, 3)          -inf     -87.97900       inf%     37.21  *
        1          Neighbor                 (2, 3)          -inf     -87.97900       inf%     54.48  
Solver log file: 'gurobi_separation_gdpopt.ldbd_ipopt_Linf_mode.log'
Solver problem files: ('/tmp/tmp94ajknf_.pyomo.lp',)
Read LP format model from file /tmp/tmp94ajknf_.pyomo.lp
Reading time = 0.00 seconds
obj: 6 rows, 3 columns, 18 nonzeros
Set parameter Presolve to value 0
Set parameter LogFile to value "gurobi_native.log"
Set parameter Threads to value 1
Gurobi Optimizer version 13.0.1 build v13.0.1rc0 (linux64 - "Oracle Linux Server 9.7")

CPU model: AMD EPYC 7643 48-Core Processor, instruction set [SSE2|AVX|AVX2]
Thread count: 48 physical cores, 96 logical processors, using up to 1 threads

Non-default parameters:
Presolve  0
Threads  1

Optimize a model with 6 rows, 3 columns and 18 nonzeros (Max)
Model fingerprint: 0xe1566478
Model has 3 linear objective coefficients
Coefficient statistics:
  Matrix range     [1e+00, 3e+00]
  Objective range  [1e+00, 2e+00]
  Bounds range     [0e+00, 0e+00]
  RHS range        [5e+01, 1e+08]


Iteration    Objective       Primal Inf.    Dual Inf.      Time
       0      handle free variables                          0s
       3   -7.8038043e+01   0.000000e+00   0.000000e+00      0s

Solved in 3 iterations and 0.00 seconds (0.00 work units)
Optimal objective -7.803804296e+01
Solver log file: 'gurobi_master_gdpopt.ldbd_ipopt_Linf_mode.log'
Solver problem files: ('/tmp/tmpg8b1vk2h.pyomo.lp',)
Read LP format model from file /tmp/tmpg8b1vk2h.pyomo.lp
Reading time = 0.00 seconds
obj: 1 rows, 2 columns, 2 nonzeros
Set parameter Presolve to value 0
Set parameter LogFile to value "gurobi_native.log"
Set parameter Threads to value 1
Gurobi Optimizer version 13.0.1 build v13.0.1rc0 (linux64 - "Oracle Linux Server 9.7")

CPU model: AMD EPYC 7643 48-Core Processor, instruction set [SSE2|AVX|AVX2]
Thread count: 48 physical cores, 96 logical processors, using up to 1 threads

Non-default parameters:
Presolve  0
Threads  1

Optimize a model with 1 rows, 2 columns and 2 nonzeros (Min)
Model fingerprint: 0x6c08a186
Model has 1 linear objective coefficients
Variable types: 1 continuous, 1 integer (0 binary)
Coefficient statistics:
  Matrix range     [1e+00, 1e+08]
  Objective range  [1e+00, 1e+00]
  Bounds range     [1e+00, 7e+00]
  RHS range        [2e+08, 2e+08]
Warning: Model contains large matrix coefficients
         Consider reformulating model or setting NumericFocus parameter
         to avoid numerical issues.

Found heuristic solution: objective -5.00000e+08
Variable types: 1 continuous, 1 integer (0 binary)

Root relaxation: cutoff, 1 iterations, 0.00 seconds (0.00 work units)

    Nodes    |    Current Node    |     Objective Bounds      |     Work
 Expl Unexpl |  Obj  Depth IntInf | Incumbent    BestBd   Gap | It/Node Time

     0     0     cutoff    0      -5.000e+08 -5.000e+08  0.00%     -    0s

Explored 1 nodes (1 simplex iterations) in 0.00 seconds (0.00 work units)
Thread count was 1 (of 96 available processors)

Solution count 1: -5e+08 
No other solutions better than -5e+08

Optimal solution found (tolerance 1.00e-04)
Best objective -5.000004682283e+08, best bound -5.000004682283e+08, gap 0.0000%
        1            Master                 (1, 7)   -500000468.22826     -87.97900   568317857.38%     54.50  
        1         UB update                 (1, 3)   -500000468.22826     -87.97900   568317857.38%     54.50  
        2            Anchor                 (1, 7)   -500000468.22826     -87.97900   568317857.38%     59.62  
        2          Neighbor                 (1, 6)   -500000468.22826    -133.31265   375058440.48%    130.06  *
        2          Neighbor                 (2, 6)   -500000468.22826    -133.31265   375058440.48%    169.91  
        2          Neighbor                 (2, 7)   -500000468.22826    -133.31265   375058440.48%    320.91  
Solver log file: 'gurobi_separation_gdpopt.ldbd_ipopt_Linf_mode.log'
Solver problem files: ('/tmp/tmpb1bxhftq.pyomo.lp',)
Read LP format model from file /tmp/tmpb1bxhftq.pyomo.lp
Reading time = 0.00 seconds
obj: 10 rows, 3 columns, 30 nonzeros
Set parameter Presolve to value 0
Set parameter LogFile to value "gurobi_native.log"
Set parameter Threads to value 1
Gurobi Optimizer version 13.0.1 build v13.0.1rc0 (linux64 - "Oracle Linux Server 9.7")

CPU model: AMD EPYC 7643 48-Core Processor, instruction set [SSE2|AVX|AVX2]
Thread count: 48 physical cores, 96 logical processors, using up to 1 threads

Non-default parameters:
Presolve  0
Threads  1

Optimize a model with 10 rows, 3 columns and 30 nonzeros (Max)
Model fingerprint: 0x78ab38b4
Model has 3 linear objective coefficients
Coefficient statistics:
  Matrix range     [1e+00, 7e+00]
  Objective range  [1e+00, 2e+00]
  Bounds range     [0e+00, 0e+00]
  RHS range        [5e+01, 1e+08]


Iteration    Objective       Primal Inf.    Dual Inf.      Time
       0      handle free variables                          0s
       4   -7.8038043e+01   0.000000e+00   0.000000e+00      0s

Solved in 4 iterations and 0.00 seconds (0.00 work units)
Optimal objective -7.803804296e+01
Solver log file: 'gurobi_separation_gdpopt.ldbd_ipopt_Linf_mode.log'
Solver problem files: ('/tmp/tmpfcgt8bf9.pyomo.lp',)
Read LP format model from file /tmp/tmpfcgt8bf9.pyomo.lp
Reading time = 0.00 seconds
obj: 10 rows, 3 columns, 30 nonzeros
Set parameter Presolve to value 0
Set parameter LogFile to value "gurobi_native.log"
Set parameter Threads to value 1
Gurobi Optimizer version 13.0.1 build v13.0.1rc0 (linux64 - "Oracle Linux Server 9.7")

CPU model: AMD EPYC 7643 48-Core Processor, instruction set [SSE2|AVX|AVX2]
Thread count: 48 physical cores, 96 logical processors, using up to 1 threads

Non-default parameters:
Presolve  0
Threads  1

Optimize a model with 10 rows, 3 columns and 30 nonzeros (Max)
Model fingerprint: 0xc7e3a4ee
Model has 3 linear objective coefficients
Coefficient statistics:
  Matrix range     [1e+00, 7e+00]
  Objective range  [1e+00, 7e+00]
  Bounds range     [0e+00, 0e+00]
  RHS range        [5e+01, 1e+08]


Iteration    Objective       Primal Inf.    Dual Inf.      Time
       0      handle free variables                          0s
       8   -7.7057981e+01   0.000000e+00   0.000000e+00      0s

Solved in 8 iterations and 0.00 seconds (0.00 work units)
Optimal objective -7.705798061e+01
Solver log file: 'gurobi_master_gdpopt.ldbd_ipopt_Linf_mode.log'
Solver problem files: ('/tmp/tmpo2ghac98.pyomo.lp',)
Read LP format model from file /tmp/tmpo2ghac98.pyomo.lp
Reading time = 0.00 seconds
obj: 2 rows, 3 columns, 5 nonzeros
Set parameter Presolve to value 0
Set parameter LogFile to value "gurobi_native.log"
Set parameter Threads to value 1
Gurobi Optimizer version 13.0.1 build v13.0.1rc0 (linux64 - "Oracle Linux Server 9.7")

CPU model: AMD EPYC 7643 48-Core Processor, instruction set [SSE2|AVX|AVX2]
Thread count: 48 physical cores, 96 logical processors, using up to 1 threads

Non-default parameters:
Presolve  0
Threads  1

Optimize a model with 2 rows, 3 columns and 5 nonzeros (Min)
Model fingerprint: 0x30261697
Model has 1 linear objective coefficients
Variable types: 1 continuous, 2 integer (0 binary)
Coefficient statistics:
  Matrix range     [1e+00, 1e+08]
  Objective range  [1e+00, 1e+00]
  Bounds range     [1e+00, 7e+00]
  RHS range        [5e+02, 2e+08]
Warning: Model contains large matrix coefficients
         Consider reformulating model or setting NumericFocus parameter
         to avoid numerical issues.

Found heuristic solution: objective -58.9759835
Variable types: 1 continuous, 2 integer (0 binary)

Root relaxation: objective -3.583312e+02, 1 iterations, 0.00 seconds (0.00 work units)

    Nodes    |    Current Node    |     Objective Bounds      |     Work
 Expl Unexpl |  Obj  Depth IntInf | Incumbent    BestBd   Gap | It/Node Time

*    0     0               0    -358.3311551 -358.33116  0.00%     -    0s

Explored 1 nodes (1 simplex iterations) in 0.00 seconds (0.00 work units)
Thread count was 1 (of 96 available processors)

Solution count 2: -358.331 -58.976 
No other solutions better than -358.331

Optimal solution found (tolerance 1.00e-04)
Best objective -3.583311550530e+02, best bound -3.583311550530e+02, gap 0.0000%
        2            Master                 (1, 2)    -358.33116    -133.31265    168.79%    320.94  
        2         UB update                 (1, 6)    -358.33116    -133.31265    168.79%    320.94  
        2   Anchor (promoted)                 (1, 6)    -358.33116    -133.31265    168.79%    320.94  
        3    Skipped Anchor                 (1, 6)    -358.33116    -133.31265    168.79%    320.94  
        3          Neighbor                 (1, 5)    -358.33116    -160.08080    123.84%    370.27  *
        3   Skipped Neighbor                 (1, 7)    -358.33116    -160.08080    123.84%    370.27  
        3   Skipped Neighbor                 (2, 6)    -358.33116    -160.08080    123.84%    375.76  
        3   Skipped Neighbor                 (2, 7)    -358.33116    -160.08080    123.84%    375.76  
Solver log file: 'gurobi_separation_gdpopt.ldbd_ipopt_Linf_mode.log'
Solver problem files: ('/tmp/tmpdmnzhrjf.pyomo.lp',)
Read LP format model from file /tmp/tmpdmnzhrjf.pyomo.lp
Reading time = 0.00 seconds
obj: 12 rows, 3 columns, 36 nonzeros
Set parameter Presolve to value 0
Set parameter LogFile to value "gurobi_native.log"
Set parameter Threads to value 1
Gurobi Optimizer version 13.0.1 build v13.0.1rc0 (linux64 - "Oracle Linux Server 9.7")

CPU model: AMD EPYC 7643 48-Core Processor, instruction set [SSE2|AVX|AVX2]
Thread count: 48 physical cores, 96 logical processors, using up to 1 threads

Non-default parameters:
Presolve  0
Threads  1

Optimize a model with 12 rows, 3 columns and 36 nonzeros (Max)
Model fingerprint: 0xb62ee090
Model has 3 linear objective coefficients
Coefficient statistics:
  Matrix range     [1e+00, 7e+00]
  Objective range  [1e+00, 2e+00]
  Bounds range     [0e+00, 0e+00]
  RHS range        [5e+01, 1e+08]


Iteration    Objective       Primal Inf.    Dual Inf.      Time
       0      handle free variables                          0s
       4   -7.8038043e+01   0.000000e+00   0.000000e+00      0s

Solved in 4 iterations and 0.00 seconds (0.00 work units)
Optimal objective -7.803804296e+01
Solver log file: 'gurobi_separation_gdpopt.ldbd_ipopt_Linf_mode.log'
Solver problem files: ('/tmp/tmp1_49rlcr.pyomo.lp',)
Read LP format model from file /tmp/tmp1_49rlcr.pyomo.lp
Reading time = 0.00 seconds
obj: 12 rows, 3 columns, 36 nonzeros
Set parameter Presolve to value 0
Set parameter LogFile to value "gurobi_native.log"
Set parameter Threads to value 1
Gurobi Optimizer version 13.0.1 build v13.0.1rc0 (linux64 - "Oracle Linux Server 9.7")

CPU model: AMD EPYC 7643 48-Core Processor, instruction set [SSE2|AVX|AVX2]
Thread count: 48 physical cores, 96 logical processors, using up to 1 threads

Non-default parameters:
Presolve  0
Threads  1

Optimize a model with 12 rows, 3 columns and 36 nonzeros (Max)
Model fingerprint: 0x4f6eb891
Model has 3 linear objective coefficients
Coefficient statistics:
  Matrix range     [1e+00, 7e+00]
  Objective range  [1e+00, 7e+00]
  Bounds range     [0e+00, 0e+00]
  RHS range        [5e+01, 1e+08]


Iteration    Objective       Primal Inf.    Dual Inf.      Time
       0      handle free variables                          0s
       9   -7.7057981e+01   0.000000e+00   0.000000e+00      0s

Solved in 9 iterations and 0.00 seconds (0.00 work units)
Optimal objective -7.705798061e+01
Solver log file: 'gurobi_separation_gdpopt.ldbd_ipopt_Linf_mode.log'
Solver problem files: ('/tmp/tmpg0dsui2q.pyomo.lp',)
Read LP format model from file /tmp/tmpg0dsui2q.pyomo.lp
Reading time = 0.00 seconds
obj: 12 rows, 3 columns, 36 nonzeros
Set parameter Presolve to value 0
Set parameter LogFile to value "gurobi_native.log"
Set parameter Threads to value 1
Gurobi Optimizer version 13.0.1 build v13.0.1rc0 (linux64 - "Oracle Linux Server 9.7")

CPU model: AMD EPYC 7643 48-Core Processor, instruction set [SSE2|AVX|AVX2]
Thread count: 48 physical cores, 96 logical processors, using up to 1 threads

Non-default parameters:
Presolve  0
Threads  1

Optimize a model with 12 rows, 3 columns and 36 nonzeros (Max)
Model fingerprint: 0xc7c6a591
Model has 3 linear objective coefficients
Coefficient statistics:
  Matrix range     [1e+00, 7e+00]
  Objective range  [1e+00, 6e+00]
  Bounds range     [0e+00, 0e+00]
  RHS range        [5e+01, 1e+08]


Iteration    Objective       Primal Inf.    Dual Inf.      Time
       0      handle free variables                          0s
       8   -1.3331265e+02   0.000000e+00   0.000000e+00      0s

Solved in 8 iterations and 0.00 seconds (0.00 work units)
Optimal objective -1.333126470e+02
Solver log file: 'gurobi_master_gdpopt.ldbd_ipopt_Linf_mode.log'
Solver problem files: ('/tmp/tmp7ivs03ge.pyomo.lp',)
Read LP format model from file /tmp/tmp7ivs03ge.pyomo.lp
Reading time = 0.00 seconds
obj: 3 rows, 3 columns, 9 nonzeros
Set parameter Presolve to value 0
Set parameter LogFile to value "gurobi_native.log"
Set parameter Threads to value 1
Gurobi Optimizer version 13.0.1 build v13.0.1rc0 (linux64 - "Oracle Linux Server 9.7")

CPU model: AMD EPYC 7643 48-Core Processor, instruction set [SSE2|AVX|AVX2]
Thread count: 48 physical cores, 96 logical processors, using up to 1 threads

Non-default parameters:
Presolve  0
Threads  1

Optimize a model with 3 rows, 3 columns and 9 nonzeros (Min)
Model fingerprint: 0x05c205d1
Model has 1 linear objective coefficients
Variable types: 1 continuous, 2 integer (0 binary)
Coefficient statistics:
  Matrix range     [7e-09, 1e+08]
  Objective range  [1e+00, 1e+00]
  Bounds range     [1e+00, 7e+00]
  RHS range        [3e+02, 2e+08]
Warning: Model contains large matrix coefficient range
         Consider reformulating model or setting NumericFocus parameter
         to avoid numerical issues.

Found heuristic solution: objective -58.9759835
Variable types: 1 continuous, 2 integer (0 binary)

Root relaxation: objective -2.403852e+02, 3 iterations, 0.00 seconds (0.00 work units)

    Nodes    |    Current Node    |     Objective Bounds      |     Work
 Expl Unexpl |  Obj  Depth IntInf | Incumbent    BestBd   Gap | It/Node Time

*    0     0               0    -240.3852217 -240.38522  0.00%     -    0s

Explored 1 nodes (3 simplex iterations) in 0.00 seconds (0.00 work units)
Thread count was 1 (of 96 available processors)

Solution count 2: -240.385 -58.976 
No other solutions better than -240.385

Optimal solution found (tolerance 1.00e-04)
Best objective -2.403852217380e+02, best bound -2.403852217380e+02, gap 0.0000%
        3            Master                 (1, 2)    -240.38522    -160.08080     50.16%    375.79  
        3         UB update                 (1, 5)    -240.38522    -160.08080     50.16%    375.79  
        3   Anchor (promoted)                 (1, 5)    -240.38522    -160.08080     50.16%    375.79  
        4    Skipped Anchor                 (1, 5)    -240.38522    -160.08080     50.16%    375.79  
        4          Neighbor                 (1, 4)    -240.38522    -160.08080     50.16%    395.86  
        4   Skipped Neighbor                 (1, 6)    -240.38522    -160.08080     50.16%    395.86  
        4          Neighbor                 (2, 4)    -240.38522    -160.08080     50.16%    829.53  
        4   Skipped Neighbor                 (2, 5)    -240.38522    -160.08080     50.16%    829.53  
        4   Skipped Neighbor                 (2, 6)    -240.38522    -160.08080     50.16%    829.53  
Solver log file: 'gurobi_separation_gdpopt.ldbd_ipopt_Linf_mode.log'
Solver problem files: ('/tmp/tmpd8mfna7h.pyomo.lp',)
Read LP format model from file /tmp/tmpd8mfna7h.pyomo.lp
Reading time = 0.00 seconds
obj: 14 rows, 3 columns, 42 nonzeros
Set parameter Presolve to value 0
Set parameter LogFile to value "gurobi_native.log"
Set parameter Threads to value 1
Gurobi Optimizer version 13.0.1 build v13.0.1rc0 (linux64 - "Oracle Linux Server 9.7")

CPU model: AMD EPYC 7643 48-Core Processor, instruction set [SSE2|AVX|AVX2]
Thread count: 48 physical cores, 96 logical processors, using up to 1 threads

Non-default parameters:
Presolve  0
Threads  1

Optimize a model with 14 rows, 3 columns and 42 nonzeros (Max)
Model fingerprint: 0xcce27380
Model has 3 linear objective coefficients
Coefficient statistics:
  Matrix range     [1e+00, 7e+00]
  Objective range  [1e+00, 2e+00]
  Bounds range     [0e+00, 0e+00]
  RHS range        [5e+01, 1e+08]


Iteration    Objective       Primal Inf.    Dual Inf.      Time
       0      handle free variables                          0s
       4   -7.8038043e+01   0.000000e+00   0.000000e+00      0s

Solved in 4 iterations and 0.00 seconds (0.00 work units)
Optimal objective -7.803804296e+01
Solver log file: 'gurobi_separation_gdpopt.ldbd_ipopt_Linf_mode.log'
Solver problem files: ('/tmp/tmpzx5c1kyd.pyomo.lp',)
Read LP format model from file /tmp/tmpzx5c1kyd.pyomo.lp
Reading time = 0.00 seconds
obj: 14 rows, 3 columns, 42 nonzeros
Set parameter Presolve to value 0
Set parameter LogFile to value "gurobi_native.log"
Set parameter Threads to value 1
Gurobi Optimizer version 13.0.1 build v13.0.1rc0 (linux64 - "Oracle Linux Server 9.7")

CPU model: AMD EPYC 7643 48-Core Processor, instruction set [SSE2|AVX|AVX2]
Thread count: 48 physical cores, 96 logical processors, using up to 1 threads

Non-default parameters:
Presolve  0
Threads  1

Optimize a model with 14 rows, 3 columns and 42 nonzeros (Max)
Model fingerprint: 0xe5a6b000
Model has 3 linear objective coefficients
Coefficient statistics:
  Matrix range     [1e+00, 7e+00]
  Objective range  [1e+00, 7e+00]
  Bounds range     [0e+00, 0e+00]
  RHS range        [5e+01, 1e+08]


Iteration    Objective       Primal Inf.    Dual Inf.      Time
       0      handle free variables                          0s
       9   -7.7057981e+01   0.000000e+00   0.000000e+00      0s

Solved in 9 iterations and 0.00 seconds (0.00 work units)
Optimal objective -7.705798061e+01
Solver log file: 'gurobi_separation_gdpopt.ldbd_ipopt_Linf_mode.log'
Solver problem files: ('/tmp/tmpdwk2svdv.pyomo.lp',)
Read LP format model from file /tmp/tmpdwk2svdv.pyomo.lp
Reading time = 0.00 seconds
obj: 14 rows, 3 columns, 42 nonzeros
Set parameter Presolve to value 0
Set parameter LogFile to value "gurobi_native.log"
Set parameter Threads to value 1
Gurobi Optimizer version 13.0.1 build v13.0.1rc0 (linux64 - "Oracle Linux Server 9.7")

CPU model: AMD EPYC 7643 48-Core Processor, instruction set [SSE2|AVX|AVX2]
Thread count: 48 physical cores, 96 logical processors, using up to 1 threads

Non-default parameters:
Presolve  0
Threads  1

Optimize a model with 14 rows, 3 columns and 42 nonzeros (Max)
Model fingerprint: 0xfe6297a5
Model has 3 linear objective coefficients
Coefficient statistics:
  Matrix range     [1e+00, 7e+00]
  Objective range  [1e+00, 6e+00]
  Bounds range     [0e+00, 0e+00]
  RHS range        [5e+01, 1e+08]


Iteration    Objective       Primal Inf.    Dual Inf.      Time
       0      handle free variables                          0s
       8   -1.3331265e+02   0.000000e+00   0.000000e+00      0s

Solved in 8 iterations and 0.00 seconds (0.00 work units)
Optimal objective -1.333126470e+02
Solver log file: 'gurobi_separation_gdpopt.ldbd_ipopt_Linf_mode.log'
Solver problem files: ('/tmp/tmpd5vhbgjw.pyomo.lp',)
Read LP format model from file /tmp/tmpd5vhbgjw.pyomo.lp
Reading time = 0.00 seconds
obj: 14 rows, 3 columns, 42 nonzeros
Set parameter Presolve to value 0
Set parameter LogFile to value "gurobi_native.log"
Set parameter Threads to value 1
Gurobi Optimizer version 13.0.1 build v13.0.1rc0 (linux64 - "Oracle Linux Server 9.7")

CPU model: AMD EPYC 7643 48-Core Processor, instruction set [SSE2|AVX|AVX2]
Thread count: 48 physical cores, 96 logical processors, using up to 1 threads

Non-default parameters:
Presolve  0
Threads  1

Optimize a model with 14 rows, 3 columns and 42 nonzeros (Max)
Model fingerprint: 0x04f29c76
Model has 3 linear objective coefficients
Coefficient statistics:
  Matrix range     [1e+00, 7e+00]
  Objective range  [1e+00, 5e+00]
  Bounds range     [0e+00, 0e+00]
  RHS range        [5e+01, 1e+08]


Iteration    Objective       Primal Inf.    Dual Inf.      Time
       0      handle free variables                          0s
       6   -1.6008080e+02   0.000000e+00   0.000000e+00      0s

Solved in 6 iterations and 0.00 seconds (0.00 work units)
Optimal objective -1.600808016e+02
Solver log file: 'gurobi_master_gdpopt.ldbd_ipopt_Linf_mode.log'
Solver problem files: ('/tmp/tmpnil4mybr.pyomo.lp',)
Read LP format model from file /tmp/tmpnil4mybr.pyomo.lp
Reading time = 0.00 seconds
obj: 4 rows, 3 columns, 12 nonzeros
Set parameter Presolve to value 0
Set parameter LogFile to value "gurobi_native.log"
Set parameter Threads to value 1
Gurobi Optimizer version 13.0.1 build v13.0.1rc0 (linux64 - "Oracle Linux Server 9.7")

CPU model: AMD EPYC 7643 48-Core Processor, instruction set [SSE2|AVX|AVX2]
Thread count: 48 physical cores, 96 logical processors, using up to 1 threads

Non-default parameters:
Presolve  0
Threads  1

Optimize a model with 4 rows, 3 columns and 12 nonzeros (Min)
Model fingerprint: 0xacc3694b
Model has 1 linear objective coefficients
Variable types: 1 continuous, 2 integer (0 binary)
Coefficient statistics:
  Matrix range     [7e-09, 1e+08]
  Objective range  [1e+00, 1e+00]
  Bounds range     [1e+00, 7e+00]
  RHS range        [8e+01, 2e+08]
Warning: Model contains large matrix coefficient range
         Consider reformulating model or setting NumericFocus parameter
         to avoid numerical issues.

Found heuristic solution: objective 1.000000e+08
Variable types: 1 continuous, 2 integer (0 binary)

Root relaxation: objective -1.600808e+02, 4 iterations, 0.00 seconds (0.00 work units)

    Nodes    |    Current Node    |     Objective Bounds      |     Work
 Expl Unexpl |  Obj  Depth IntInf | Incumbent    BestBd   Gap | It/Node Time

*    0     0               0    -160.0808016 -160.08080  0.00%     -    0s

Explored 1 nodes (4 simplex iterations) in 0.00 seconds (0.00 work units)
Thread count was 1 (of 96 available processors)

Solution count 2: -160.081 1e+08 
No other solutions better than -160.081

Optimal solution found (tolerance 1.00e-04)
Best objective -1.600808015728e+02, best bound -1.600808015728e+02, gap 0.0000%
        4            Master                 (1, 5)    -160.08080    -160.08080      0.00%    829.57  
        4         UB update                 (1, 5)    -160.08080    -160.08080      0.00%    829.57  
        4   Anchor (promoted)                 (1, 5)    -160.08080    -160.08080      0.00%    829.57  
Master stalled and best point is already an anchor. Terminating.
LDBD bounds converged: UB=-160.08080157283248, LB=-160.08080157283248
Search path: (1, 2) -> (1, 7) -> (1, 6) -> (1, 5) -> (1, 5)
Anchor points: (1, 2) -> (1, 7) -> (1, 6) -> (1, 5)

Solved in 4 iterations and 829.57499 seconds
Optimal objective value -160.0808015728
Relative optimality gap 0.00000%

Problem: 
- Name: unknown
  Lower bound: -160.08080157283248
  Upper bound: -160.08080157283248
  Number of objectives: 1
  Number of constraints: 673
  Number of variables: 1299
  Number of binary variables: 18
  Number of integer variables: 0
  Number of continuous variables: 1281
  Number of nonzeros: None
  Sense: minimize
  Number of disjunctions: 7
Solver: 
- Name: GDPopt (22, 5, 13) - LDBD
  Status: ok
  User time: 829.5749450931326
  Wallclock time: 829.5749450931326
  Termination condition: optimal
  Iterations: 4
  Timing: main_timer_start_time: 5055424.08747825
total: 829.5749450931326

