Starting GDPopt version 22.5.13 using LDBD algorithm
iterlim: None
time_limit: 900
tee: true
logger: <Logger pyomo.contrib.gdpopt (INFO)>
mip_solver: gurobi
mip_solver_args:
  keepfiles: true
  logfile: gurobi_master_gdpopt.ldbd_ipopt_L2.log
  options: {'Presolve': 0, 'LogFile': 'gurobi_native.log', 'Threads': 1}
  symbolic_solver_labels: true
  tee: true
subproblem_solver: gams
subproblem_solver_args:
  add_options: ['option threads=1;']
  solver: ipopt
direction_norm: L2
starting_point: [1, 2, 3, 3, 3]
logical_constraint_list: None
disjunction_list: ComponentSet(['d[1] (key=d[1])', 'd[2] (key=d[2])', 'd[3] (key=d[3])', 'd[4] (key=d[4])', 'd[5] (key=d[5])'])
infinity_output: 100000000.0
integer_tolerance: 1e-05
constraint_tolerance: 1e-06
variable_tolerance: 1e-08
subproblem_initialization_method: <function restore_vars_to_original_values at 0x7f6b12f6b9c0>
call_before_subproblem_solve: <class 'type'>
call_after_subproblem_solve: <class 'type'>
call_after_subproblem_feasible: <class 'type'>
force_subproblem_nlp: false
subproblem_presolve: true
tighten_nlp_var_bounds: false
round_discrete_vars: true
max_fbbt_iterations: 3
bound_tolerance: 1e-06
separation_solver: gurobi
separation_solver_args:
  keepfiles: true
  logfile: gurobi_separation_gdpopt.ldbd_ipopt_L2.log
  options: {'Presolve': 0, 'LogFile': 'gurobi_native.log', 'Threads': 1}
  symbolic_solver_labels: true
  tee: true

If you use this software, you may cite the following:
            - Implementation:
            Chen, Q; Johnson, ES; Bernal, DE; Valentin, R; Kale, S;
            Bates, J; Siirola, JD; Grossmann, IE.
            Pyomo.GDP: an ecosystem for logic based modeling and optimization
            development.
            Optimization and Engineering, 2021.

Liñán, D. A.; Ricardez‐Sandoval, L. A. A Benders Decomposition Framework for the Optimization of Disjunctive Superstructures with Ordered Discrete Decisions. AIChE Journal 2023, 69 (5), e18008. https://doi.org/10.1002/aic.18008.
Original model has 479 constraints (24 nonlinear) and 5 disjunctions, with 927 variables, of which 12 are binary, 0 are integer, and 915 are continuous.
Reformulation Summary:
  Index | Ext Var | LB | UB | Associated Boolean Vars
      1 |       1 |  1 |  3 | stage_mode[1,1].indicator_var, stage_mode[1,2].indicator_var, stage_mode[1,3].indicator_var
      2 |       1 |  1 |  3 | stage_mode[2,1].indicator_var, stage_mode[2,2].indicator_var, stage_mode[2,3].indicator_var
      3 |       1 |  1 |  3 | stage_mode[3,1].indicator_var, stage_mode[3,2].indicator_var, stage_mode[3,3].indicator_var
      4 |       1 |  1 |  3 | stage_mode[4,1].indicator_var, stage_mode[4,2].indicator_var, stage_mode[4,3].indicator_var
      5 |       1 |  1 |  3 | stage_mode[5,1].indicator_var, stage_mode[5,2].indicator_var, stage_mode[5,3].indicator_var
=====================================================================================================
Iteration |   Search Type   |  External Variables  | Lower Bound | Upper Bound |   Gap    | Time(s)

        0     Initial point        (1, 2, 3, 3, 3)          -inf     -32.85102       inf%      7.07  *
        1    Skipped Anchor        (1, 2, 3, 3, 3)          -inf     -32.85102       inf%      7.07  
        1          Neighbor        (1, 2, 2, 3, 3)          -inf     -35.61059       inf%     50.56  *
Solver log file: 'gurobi_separation_gdpopt.ldbd_ipopt_L2.log'
Solver problem files: ('/tmp/tmp7doviudw.pyomo.lp',)
Read LP format model from file /tmp/tmp7doviudw.pyomo.lp
Reading time = 0.00 seconds
obj: 7 rows, 6 columns, 42 nonzeros
Set parameter Presolve to value 0
Set parameter LogFile to value "gurobi_native.log"
Set parameter Threads to value 1
Gurobi Optimizer version 13.0.1 build v13.0.1rc0 (linux64 - "Oracle Linux Server 9.7")

CPU model: AMD EPYC 7643 48-Core Processor, instruction set [SSE2|AVX|AVX2]
Thread count: 48 physical cores, 96 logical processors, using up to 1 threads

Non-default parameters:
Presolve  0
Threads  1

Optimize a model with 7 rows, 6 columns and 42 nonzeros (Max)
Model fingerprint: 0x4927539b
Model has 6 linear objective coefficients
Coefficient statistics:
  Matrix range     [1e+00, 3e+00]
  Objective range  [1e+00, 3e+00]
  Bounds range     [0e+00, 0e+00]
  RHS range        [3e+01, 1e+08]


Iteration    Objective       Primal Inf.    Dual Inf.      Time
       0      handle free variables                          0s
       7   -3.2851019e+01   0.000000e+00   0.000000e+00      0s

Solved in 7 iterations and 0.00 seconds (0.00 work units)
Optimal objective -3.285101926e+01
Solver log file: 'gurobi_master_gdpopt.ldbd_ipopt_L2.log'
Solver problem files: ('/tmp/tmpf8l0i51a.pyomo.lp',)
Read LP format model from file /tmp/tmpf8l0i51a.pyomo.lp
Reading time = 0.00 seconds
obj: 1 rows, 6 columns, 6 nonzeros
Set parameter Presolve to value 0
Set parameter LogFile to value "gurobi_native.log"
Set parameter Threads to value 1
Gurobi Optimizer version 13.0.1 build v13.0.1rc0 (linux64 - "Oracle Linux Server 9.7")

CPU model: AMD EPYC 7643 48-Core Processor, instruction set [SSE2|AVX|AVX2]
Thread count: 48 physical cores, 96 logical processors, using up to 1 threads

Non-default parameters:
Presolve  0
Threads  1

Optimize a model with 1 rows, 6 columns and 6 nonzeros (Min)
Model fingerprint: 0x08b327cb
Model has 1 linear objective coefficients
Variable types: 1 continuous, 5 integer (0 binary)
Coefficient statistics:
  Matrix range     [1e+00, 1e+08]
  Objective range  [1e+00, 1e+00]
  Bounds range     [1e+00, 3e+00]
  RHS range        [7e+08, 7e+08]
Warning: Model contains large matrix coefficients
         Consider reformulating model or setting NumericFocus parameter
         to avoid numerical issues.

Found heuristic solution: objective -1.00000e+08
Variable types: 1 continuous, 5 integer (0 binary)

Root relaxation: cutoff, 1 iterations, 0.00 seconds (0.00 work units)

    Nodes    |    Current Node    |     Objective Bounds      |     Work
 Expl Unexpl |  Obj  Depth IntInf | Incumbent    BestBd   Gap | It/Node Time

     0     0     cutoff    0      -1.000e+08 -1.000e+08  0.00%     -    0s

Explored 1 nodes (1 simplex iterations) in 0.00 seconds (0.00 work units)
Thread count was 1 (of 96 available processors)

Solution count 1: -1e+08 
No other solutions better than -1e+08

Optimal solution found (tolerance 1.00e-04)
Best objective -1.000000712212e+08, best bound -1.000000712212e+08, gap 0.0000%
        1            Master        (1, 3, 1, 3, 3)   -100000071.22117     -35.61059   280815470.72%     52.41  
        1         UB update        (1, 2, 2, 3, 3)   -100000071.22117     -35.61059   280815470.72%     52.41  
Solver log file: 'gurobi_separation_gdpopt.ldbd_ipopt_L2.log'
Solver problem files: ('/tmp/tmpj0x2huj1.pyomo.lp',)
Read LP format model from file /tmp/tmpj0x2huj1.pyomo.lp
Reading time = 0.00 seconds
obj: 8 rows, 6 columns, 48 nonzeros
Set parameter Presolve to value 0
Set parameter LogFile to value "gurobi_native.log"
Set parameter Threads to value 1
Gurobi Optimizer version 13.0.1 build v13.0.1rc0 (linux64 - "Oracle Linux Server 9.7")

CPU model: AMD EPYC 7643 48-Core Processor, instruction set [SSE2|AVX|AVX2]
Thread count: 48 physical cores, 96 logical processors, using up to 1 threads

Non-default parameters:
Presolve  0
Threads  1

Optimize a model with 8 rows, 6 columns and 48 nonzeros (Max)
Model fingerprint: 0xa894d43b
Model has 6 linear objective coefficients
Coefficient statistics:
  Matrix range     [1e+00, 3e+00]
  Objective range  [1e+00, 3e+00]
  Bounds range     [0e+00, 0e+00]
  RHS range        [3e+01, 1e+08]


Iteration    Objective       Primal Inf.    Dual Inf.      Time
       0      handle free variables                          0s
       8   -3.2851019e+01   0.000000e+00   0.000000e+00      0s

Solved in 8 iterations and 0.00 seconds (0.00 work units)
Optimal objective -3.285101926e+01
Solver log file: 'gurobi_separation_gdpopt.ldbd_ipopt_L2.log'
Solver problem files: ('/tmp/tmpidshqovd.pyomo.lp',)
Read LP format model from file /tmp/tmpidshqovd.pyomo.lp
Reading time = 0.00 seconds
obj: 8 rows, 6 columns, 48 nonzeros
Set parameter Presolve to value 0
Set parameter LogFile to value "gurobi_native.log"
Set parameter Threads to value 1
Gurobi Optimizer version 13.0.1 build v13.0.1rc0 (linux64 - "Oracle Linux Server 9.7")

CPU model: AMD EPYC 7643 48-Core Processor, instruction set [SSE2|AVX|AVX2]
Thread count: 48 physical cores, 96 logical processors, using up to 1 threads

Non-default parameters:
Presolve  0
Threads  1

Optimize a model with 8 rows, 6 columns and 48 nonzeros (Max)
Model fingerprint: 0x7d3ec6b7
Model has 6 linear objective coefficients
Coefficient statistics:
  Matrix range     [1e+00, 3e+00]
  Objective range  [1e+00, 3e+00]
  Bounds range     [0e+00, 0e+00]
  RHS range        [3e+01, 1e+08]


Iteration    Objective       Primal Inf.    Dual Inf.      Time
       0      handle free variables                          0s
       7    1.0000000e+08   0.000000e+00   0.000000e+00      0s

Solved in 7 iterations and 0.00 seconds (0.00 work units)
Optimal objective  1.000000000e+08
Solver log file: 'gurobi_master_gdpopt.ldbd_ipopt_L2.log'
Solver problem files: ('/tmp/tmpxxjke3ne.pyomo.lp',)
Read LP format model from file /tmp/tmpxxjke3ne.pyomo.lp
Reading time = 0.00 seconds
obj: 2 rows, 6 columns, 11 nonzeros
Set parameter Presolve to value 0
Set parameter LogFile to value "gurobi_native.log"
Set parameter Threads to value 1
Gurobi Optimizer version 13.0.1 build v13.0.1rc0 (linux64 - "Oracle Linux Server 9.7")

CPU model: AMD EPYC 7643 48-Core Processor, instruction set [SSE2|AVX|AVX2]
Thread count: 48 physical cores, 96 logical processors, using up to 1 threads

Non-default parameters:
Presolve  0
Threads  1

Optimize a model with 2 rows, 6 columns and 11 nonzeros (Min)
Model fingerprint: 0xc8f6329a
Model has 1 linear objective coefficients
Variable types: 1 continuous, 5 integer (0 binary)
Coefficient statistics:
  Matrix range     [1e+00, 1e+08]
  Objective range  [1e+00, 1e+00]
  Bounds range     [1e+00, 3e+00]
  RHS range        [3e+08, 7e+08]
Warning: Model contains large matrix coefficients
         Consider reformulating model or setting NumericFocus parameter
         to avoid numerical issues.

Found heuristic solution: objective 9.999999e+07
Variable types: 1 continuous, 5 integer (0 binary)

Root relaxation: objective -3.699037e+01, 2 iterations, 0.00 seconds (0.00 work units)

    Nodes    |    Current Node    |     Objective Bounds      |     Work
 Expl Unexpl |  Obj  Depth IntInf | Incumbent    BestBd   Gap | It/Node Time

*    0     0               0     -36.9903700  -36.99037  0.00%     -    0s

Explored 1 nodes (2 simplex iterations) in 0.00 seconds (0.00 work units)
Thread count was 1 (of 96 available processors)

Solution count 2: -36.9904 1e+08 
No other solutions better than -36.9904

Optimal solution found (tolerance 1.00e-04)
Best objective -3.699036996441e+01, best bound -3.699036996441e+01, gap 0.0000%
        2            Master        (1, 2, 1, 3, 3)     -36.99037     -35.61059      3.87%     53.27  
        2         UB update        (1, 2, 2, 3, 3)     -36.99037     -35.61059      3.87%     53.27  
Solver log file: 'gurobi_separation_gdpopt.ldbd_ipopt_L2.log'
Solver problem files: ('/tmp/tmpnxrhndon.pyomo.lp',)
Read LP format model from file /tmp/tmpnxrhndon.pyomo.lp
Reading time = 0.00 seconds
obj: 9 rows, 6 columns, 54 nonzeros
Set parameter Presolve to value 0
Set parameter LogFile to value "gurobi_native.log"
Set parameter Threads to value 1
Gurobi Optimizer version 13.0.1 build v13.0.1rc0 (linux64 - "Oracle Linux Server 9.7")

CPU model: AMD EPYC 7643 48-Core Processor, instruction set [SSE2|AVX|AVX2]
Thread count: 48 physical cores, 96 logical processors, using up to 1 threads

Non-default parameters:
Presolve  0
Threads  1

Optimize a model with 9 rows, 6 columns and 54 nonzeros (Max)
Model fingerprint: 0x3e09d7ef
Model has 6 linear objective coefficients
Coefficient statistics:
  Matrix range     [1e+00, 3e+00]
  Objective range  [1e+00, 3e+00]
  Bounds range     [0e+00, 0e+00]
  RHS range        [3e+01, 1e+08]


Iteration    Objective       Primal Inf.    Dual Inf.      Time
       0      handle free variables                          0s
       8   -3.2851019e+01   0.000000e+00   0.000000e+00      0s

Solved in 8 iterations and 0.00 seconds (0.00 work units)
Optimal objective -3.285101926e+01
Solver log file: 'gurobi_separation_gdpopt.ldbd_ipopt_L2.log'
Solver problem files: ('/tmp/tmpspy678xk.pyomo.lp',)
Read LP format model from file /tmp/tmpspy678xk.pyomo.lp
Reading time = 0.00 seconds
obj: 9 rows, 6 columns, 54 nonzeros
Set parameter Presolve to value 0
Set parameter LogFile to value "gurobi_native.log"
Set parameter Threads to value 1
Gurobi Optimizer version 13.0.1 build v13.0.1rc0 (linux64 - "Oracle Linux Server 9.7")

CPU model: AMD EPYC 7643 48-Core Processor, instruction set [SSE2|AVX|AVX2]
Thread count: 48 physical cores, 96 logical processors, using up to 1 threads

Non-default parameters:
Presolve  0
Threads  1

Optimize a model with 9 rows, 6 columns and 54 nonzeros (Max)
Model fingerprint: 0x96461235
Model has 6 linear objective coefficients
Coefficient statistics:
  Matrix range     [1e+00, 3e+00]
  Objective range  [1e+00, 3e+00]
  Bounds range     [0e+00, 0e+00]
  RHS range        [3e+01, 1e+08]


Iteration    Objective       Primal Inf.    Dual Inf.      Time
       0      handle free variables                          0s
       7    1.0000000e+08   0.000000e+00   0.000000e+00      0s

Solved in 7 iterations and 0.00 seconds (0.00 work units)
Optimal objective  1.000000000e+08
Solver log file: 'gurobi_separation_gdpopt.ldbd_ipopt_L2.log'
Solver problem files: ('/tmp/tmp9uq0hq0v.pyomo.lp',)
Read LP format model from file /tmp/tmp9uq0hq0v.pyomo.lp
Reading time = 0.00 seconds
obj: 9 rows, 6 columns, 54 nonzeros
Set parameter Presolve to value 0
Set parameter LogFile to value "gurobi_native.log"
Set parameter Threads to value 1
Gurobi Optimizer version 13.0.1 build v13.0.1rc0 (linux64 - "Oracle Linux Server 9.7")

CPU model: AMD EPYC 7643 48-Core Processor, instruction set [SSE2|AVX|AVX2]
Thread count: 48 physical cores, 96 logical processors, using up to 1 threads

Non-default parameters:
Presolve  0
Threads  1

Optimize a model with 9 rows, 6 columns and 54 nonzeros (Max)
Model fingerprint: 0x62df1dae
Model has 6 linear objective coefficients
Coefficient statistics:
  Matrix range     [1e+00, 3e+00]
  Objective range  [1e+00, 3e+00]
  Bounds range     [0e+00, 0e+00]
  RHS range        [3e+01, 1e+08]


Iteration    Objective       Primal Inf.    Dual Inf.      Time
       0      handle free variables                          0s
       8    1.0000000e+08   0.000000e+00   0.000000e+00      0s

Solved in 8 iterations and 0.00 seconds (0.00 work units)
Optimal objective  1.000000000e+08
Solver log file: 'gurobi_master_gdpopt.ldbd_ipopt_L2.log'
Solver problem files: ('/tmp/tmptyfi8j89.pyomo.lp',)
Read LP format model from file /tmp/tmptyfi8j89.pyomo.lp
Reading time = 0.00 seconds
obj: 3 rows, 6 columns, 17 nonzeros
Set parameter Presolve to value 0
Set parameter LogFile to value "gurobi_native.log"
Set parameter Threads to value 1
Gurobi Optimizer version 13.0.1 build v13.0.1rc0 (linux64 - "Oracle Linux Server 9.7")

CPU model: AMD EPYC 7643 48-Core Processor, instruction set [SSE2|AVX|AVX2]
Thread count: 48 physical cores, 96 logical processors, using up to 1 threads

Non-default parameters:
Presolve  0
Threads  1

Optimize a model with 3 rows, 6 columns and 17 nonzeros (Min)
Model fingerprint: 0x387f2854
Model has 1 linear objective coefficients
Variable types: 1 continuous, 5 integer (0 binary)
Coefficient statistics:
  Matrix range     [1e+00, 2e+08]
  Objective range  [1e+00, 1e+00]
  Bounds range     [1e+00, 3e+00]
  RHS range        [3e+08, 2e+09]
Warning: Model contains large matrix coefficients
Warning: Model contains large rhs
         Consider reformulating model or setting NumericFocus parameter
         to avoid numerical issues.

Variable types: 1 continuous, 5 integer (0 binary)
Found heuristic solution: objective 1.000000e+08
Found heuristic solution: objective -35.6105865

Root relaxation: cutoff, 3 iterations, 0.00 seconds (0.00 work units)

    Nodes    |    Current Node    |     Objective Bounds      |     Work
 Expl Unexpl |  Obj  Depth IntInf | Incumbent    BestBd   Gap | It/Node Time

     0     0     cutoff    0       -35.61059  -35.61059  0.00%     -    0s

Explored 1 nodes (3 simplex iterations) in 0.00 seconds (0.00 work units)
Thread count was 1 (of 96 available processors)

Solution count 2: -35.6106 1e+08 
No other solutions better than -35.6106

Optimal solution found (tolerance 1.00e-04)
Best objective -3.561058652401e+01, best bound -3.561058652401e+01, gap 0.0000%
        3            Master        (1, 2, 2, 3, 3)     -35.61059     -35.61059      0.00%     54.21  
        3         UB update        (1, 2, 2, 3, 3)     -35.61059     -35.61059      0.00%     54.21  
        3   Anchor (promoted)        (1, 2, 2, 3, 3)     -35.61059     -35.61059      0.00%     54.21  
LDBD bounds converged: UB=-35.61058632311383, LB=-35.61058652400971
Search path: (1, 2, 3, 3, 3) -> (1, 3, 1, 3, 3) -> (1, 2, 1, 3, 3) -> (1, 2, 2, 3, 3)
Anchor points: (1, 2, 3, 3, 3) -> (1, 3, 1, 3, 3) -> (1, 2, 1, 3, 3) -> (1, 2, 2, 3, 3)

Solved in 3 iterations and 54.21726 seconds
Optimal objective value -35.6105863231
Relative optimality gap 0.00000%

Problem: 
- Name: unknown
  Lower bound: -35.61058652400971
  Upper bound: -35.61058632311383
  Number of objectives: 1
  Number of constraints: 479
  Number of variables: 927
  Number of binary variables: 12
  Number of integer variables: 0
  Number of continuous variables: 915
  Number of nonzeros: None
  Sense: minimize
  Number of disjunctions: 5
Solver: 
- Name: GDPopt (22, 5, 13) - LDBD
  Status: ok
  User time: 54.21722152736038
  Wallclock time: 54.21722152736038
  Termination condition: optimal
  Iterations: 3
  Timing: main_timer_start_time: 5045736.294597577
total: 54.21722152736038

