Starting GDPopt version 22.5.13 using LDBD algorithm
iterlim: None
time_limit: 900
tee: true
logger: <Logger pyomo.contrib.gdpopt (INFO)>
mip_solver: gurobi
mip_solver_args:
subproblem_solver: gams
subproblem_solver_args:
  solver: ipopt
direction_norm: L2
starting_point: [1, 2, 3, 3]
logical_constraint_list: None
disjunction_list: ComponentSet(['d[1] (key=d[1])', 'd[2] (key=d[2])', 'd[3] (key=d[3])', 'd[4] (key=d[4])'])
infinity_output: 100000000.0
integer_tolerance: 1e-05
constraint_tolerance: 1e-06
variable_tolerance: 1e-08
subproblem_initialization_method: <function restore_vars_to_original_values at 0x7fd892533a60>
call_before_subproblem_solve: <class 'type'>
call_after_subproblem_solve: <class 'type'>
call_after_subproblem_feasible: <class 'type'>
force_subproblem_nlp: false
subproblem_presolve: true
tighten_nlp_var_bounds: false
round_discrete_vars: true
max_fbbt_iterations: 3
bound_tolerance: 1e-06
separation_solver: gurobi
separation_solver_args:
cuts_for_all_evaluated_points: false

If you use this software, you may cite the following:
            - Implementation:
            Chen, Q; Johnson, ES; Bernal, DE; Valentin, R; Kale, S;
            Bates, J; Siirola, JD; Grossmann, IE.
            Pyomo.GDP: an ecosystem for logic based modeling and optimization
            development.
            Optimization and Engineering, 2021.

Liñán, D. A.; Ricardez‐Sandoval, L. A. A Benders Decomposition Framework for the Optimization of Disjunctive Superstructures with Ordered Discrete Decisions. AIChE Journal 2023, 69 (5), e18008. https://doi.org/10.1002/aic.18008.
Original model has 382 constraints (18 nonlinear) and 4 disjunctions, with 741 variables, of which 9 are binary, 0 are integer, and 732 are continuous.
Reformulation Summary:
  Index | Ext Var | LB | UB | Associated Boolean Vars
=====================================================================================================
Iteration |   Search Type   |  External Variables  | Lower Bound | Upper Bound |   Gap    | Time(s)

        0     Initial point           (1, 2, 3, 3)          -inf    -396.44109       inf%      3.07  *
        1    Skipped Anchor           (1, 2, 3, 3)          -inf    -396.44109       inf%      3.08  
        1          Neighbor           (1, 2, 2, 3)          -inf    -396.44109       inf%      4.57  
        1            Master           (1, 3, 3, 3)   -100000792.88218    -396.44109   25224528.78%      4.73  
        1         UB update           (1, 2, 3, 3)   -100000792.88218    -396.44109   25224528.78%      4.73  
        1   Anchor (promoted)           (1, 3, 3, 3)   -100000792.88218    -396.44109   25224528.78%      4.73  
        2    Skipped Anchor           (1, 3, 3, 3)   -100000792.88218    -396.44109   25224528.78%      4.73  
        2            Master           (1, 2, 3, 3)    -396.44109    -396.44109      0.00%      4.73  
        2         UB update           (1, 2, 3, 3)    -396.44109    -396.44109      0.00%      4.73  
        2   Anchor (promoted)           (1, 2, 3, 3)    -396.44109    -396.44109      0.00%      4.73  
Master stalled and best point is already an anchor. Terminating.
LDBD bounds converged: UB=-396.44108846773605, LB=-396.4410884976387
Search path: (1, 2, 3, 3) -> (1, 3, 3, 3) -> (1, 2, 3, 3)
Anchor points: (1, 2, 3, 3) -> (1, 3, 3, 3)

Solved in 2 iterations and 4.73872 seconds
Optimal objective value -396.4410884677
Relative optimality gap 0.00000%

Problem: 
- Name: unknown
  Lower bound: -396.4410884976387
  Upper bound: -396.44108846773605
  Number of objectives: 1
  Number of constraints: 382
  Number of variables: 741
  Number of binary variables: 9
  Number of integer variables: 0
  Number of continuous variables: 732
  Number of nonzeros: None
  Sense: minimize
  Number of disjunctions: 4
Solver: 
- Name: GDPopt (22, 5, 13) - LDBD
  Status: ok
  User time: 4.738677996210754
  Wallclock time: 4.738677996210754
  Termination condition: optimal
  Iterations: 2
  Timing: main_timer_start_time: 4944877.450838093
total: 4.738677996210754

