Starting GDPopt version 22.5.13 using LDSDA algorithm
iterlim: None
time_limit: 900
tee: true
logger: <Logger pyomo.contrib.gdpopt (INFO)>
mip_solver: gurobi
mip_solver_args:
subproblem_solver: gams
subproblem_solver_args:
  solver: conopt
direction_norm: Linf
starting_point: [1, 2]
logical_constraint_list: ComponentSet(['mode_transfer_lc1 (key=mode_transfer_lc1)', 'mode_transfer_lc2 (key=mode_transfer_lc2)'])
disjunction_list: None
infinity_output: 100000000.0
integer_tolerance: 1e-05
constraint_tolerance: 1e-06
variable_tolerance: 1e-08
subproblem_initialization_method: <function restore_vars_to_original_values at 0x7fd892533a60>
call_before_subproblem_solve: <class 'type'>
call_after_subproblem_solve: <class 'type'>
call_after_subproblem_feasible: <class 'type'>
force_subproblem_nlp: false
subproblem_presolve: true
tighten_nlp_var_bounds: false
round_discrete_vars: true
max_fbbt_iterations: 3
bound_tolerance: 1e-06

If you use this software, you may cite the following:
            - Implementation:
            Chen, Q; Johnson, ES; Bernal, DE; Valentin, R; Kale, S;
            Bates, J; Siirola, JD; Grossmann, IE.
            Pyomo.GDP: an ecosystem for logic based modeling and optimization
            development.
            Optimization and Engineering, 2021.

- LDSDA algorithm:
        Bernal DE, Ovalle D, Liñán DA, Ricardez-Sandoval LA, Gómez JM, Grossmann IE.
        Process Superstructure Optimization through Discrete Steepest Descent Optimization: a GDP Analysis and Applications in Process Intensification.
        Computer Aided Chemical Engineering 2022 Jan 1 (Vol. 49, pp. 1279-1284). Elsevier.
        https://doi.org/10.1016/B978-0-323-85159-6.50213-X
Original model has 382 constraints (18 nonlinear) and 4 disjunctions, with 741 variables, of which 9 are binary, 0 are integer, and 732 are continuous.
Reformulation Summary:
  Index | Ext Var | LB | UB | Associated Boolean Vars
=====================================================================================================
Iteration |   Search Type   |  External Variables  | Lower Bound | Upper Bound |   Gap    | Time(s)

        0     Initial point                 (1, 2)          -inf    -396.44109       inf%      0.87  *
        1   Neighbor search                 (1, 3)          -inf    -396.44109       inf%      1.85  
        1   Neighbor search                 (2, 3)          -inf    -396.44109       inf%      2.96  
Search path: (1, 2)

Solved in 1 iterations and 2.95804 seconds
Optimal objective value -396.4410883923
Relative optimality gap inf%

Problem: 
- Name: unknown
  Lower bound: -.inf
  Upper bound: -396.4410883923033
  Number of objectives: 1
  Number of constraints: 382
  Number of variables: 741
  Number of binary variables: 9
  Number of integer variables: 0
  Number of continuous variables: 732
  Number of nonzeros: None
  Sense: minimize
  Number of disjunctions: 4
Solver: 
- Name: GDPopt (22, 5, 13) - LDSDA
  Status: ok
  User time: 2.958000714890659
  Wallclock time: 2.958000714890659
  Termination condition: locallyOptimal
  Iterations: 1
  Timing: main_timer_start_time: 4944874.467763864
total: 2.958000714890659

