Starting GDPopt version 22.5.13 using LDBD algorithm
iterlim: None
time_limit: 900
tee: true
logger: <Logger pyomo.contrib.gdpopt (INFO)>
mip_solver: gurobi
mip_solver_args:
subproblem_solver: gams
subproblem_solver_args:
  solver: conopt
direction_norm: Linf
starting_point: [1, 1, 1]
logical_constraint_list: None
disjunction_list: ComponentSet(['d[1] (key=d[1])', 'd[2] (key=d[2])', 'd[3] (key=d[3])'])
infinity_output: 100000000.0
integer_tolerance: 1e-05
constraint_tolerance: 1e-06
variable_tolerance: 1e-08
subproblem_initialization_method: <function restore_vars_to_original_values at 0x7fb50e7dba60>
call_before_subproblem_solve: <class 'type'>
call_after_subproblem_solve: <class 'type'>
call_after_subproblem_feasible: <class 'type'>
force_subproblem_nlp: false
subproblem_presolve: true
tighten_nlp_var_bounds: false
round_discrete_vars: true
max_fbbt_iterations: 3
bound_tolerance: 1e-06
separation_solver: gurobi
separation_solver_args:
cuts_for_all_evaluated_points: false

If you use this software, you may cite the following:
            - Implementation:
            Chen, Q; Johnson, ES; Bernal, DE; Valentin, R; Kale, S;
            Bates, J; Siirola, JD; Grossmann, IE.
            Pyomo.GDP: an ecosystem for logic based modeling and optimization
            development.
            Optimization and Engineering, 2021.

Liñán, D. A.; Ricardez‐Sandoval, L. A. A Benders Decomposition Framework for the Optimization of Disjunctive Superstructures with Ordered Discrete Decisions. AIChE Journal 2023, 69 (5), e18008. https://doi.org/10.1002/aic.18008.
Original model has 285 constraints (12 nonlinear) and 3 disjunctions, with 553 variables, of which 6 are binary, 0 are integer, and 547 are continuous.
Reformulation Summary:
  Index | Ext Var | LB | UB | Associated Boolean Vars
=====================================================================================================
Iteration |   Search Type   |  External Variables  | Lower Bound | Upper Bound |   Gap    | Time(s)

        0     Initial point              (1, 1, 1)          -inf    -293.85237       inf%      0.64  *
        1    Skipped Anchor              (1, 1, 1)          -inf    -293.85237       inf%      0.64  
        1          Neighbor              (1, 1, 2)          -inf    -294.75115       inf%      1.24  *
        1          Neighbor              (1, 2, 1)          -inf    -294.75115       inf%      1.83  
        1          Neighbor              (1, 2, 2)          -inf    -296.41954       inf%      2.47  *
        1          Neighbor              (2, 1, 1)          -inf    -296.41954       inf%      3.06  
        1          Neighbor              (2, 1, 2)          -inf    -296.41954       inf%      3.66  
        1          Neighbor              (2, 2, 1)          -inf    -296.41954       inf%      4.25  
        1          Neighbor              (2, 2, 2)          -inf    -298.08940       inf%      4.84  *
        1            Master              (2, 2, 2)    -298.08940    -298.08940      0.00%      4.85  
        1         UB update              (2, 2, 2)    -298.08940    -298.08940      0.00%      4.85  
        1   Anchor (promoted)              (2, 2, 2)    -298.08940    -298.08940      0.00%      4.85  
LDBD bounds converged: UB=-298.0894035966217, LB=-298.0894035966217
Search path: (1, 1, 1) -> (2, 2, 2)
Anchor points: (1, 1, 1) -> (2, 2, 2)

Solved in 1 iterations and 4.85134 seconds
Optimal objective value -298.0894035966
Relative optimality gap 0.00000%

Problem: 
- Name: unknown
  Lower bound: -298.0894035966217
  Upper bound: -298.0894035966217
  Number of objectives: 1
  Number of constraints: 285
  Number of variables: 553
  Number of binary variables: 6
  Number of integer variables: 0
  Number of continuous variables: 547
  Number of nonzeros: None
  Sense: minimize
  Number of disjunctions: 3
Solver: 
- Name: GDPopt (22, 5, 13) - LDBD
  Status: ok
  User time: 4.851293020881712
  Wallclock time: 4.851293020881712
  Termination condition: optimal
  Iterations: 1
  Timing: main_timer_start_time: 4943987.663691353
total: 4.851293020881712

