Starting GDPopt version 22.5.13 using LDSDA algorithm
iterlim: None
time_limit: 7200
tee: true
logger: <Logger pyomo.contrib.gdpopt (INFO)>
mip_solver: gurobi
mip_solver_args:
  keepfiles: true
  logfile: gurobi_master.log
  options: {'Presolve': 0, 'LogFile': 'gurobi_native.log'}
  symbolic_solver_labels: true
  tee: true
subproblem_solver: gams
subproblem_solver_args:
  solver: ipopt
direction_norm: Linf
starting_point: [1, 2, 3, 3, 3, 3, 3, 3, 3]
logical_constraint_list: None
disjunction_list: ComponentSet(['d[1] (key=d[1])', 'd[2] (key=d[2])', 'd[3] (key=d[3])', 'd[4] (key=d[4])', 'd[5] (key=d[5])', 'd[6] (key=d[6])', 'd[7] (key=d[7])', 'd[8] (key=d[8])', 'd[9] (key=d[9])'])
infinity_output: 100000000.0
integer_tolerance: 1e-05
constraint_tolerance: 1e-06
variable_tolerance: 1e-08
subproblem_initialization_method: <function restore_vars_to_original_values at 0x7f26acc279c0>
call_before_subproblem_solve: <class 'type'>
call_after_subproblem_solve: <class 'type'>
call_after_subproblem_feasible: <class 'type'>
force_subproblem_nlp: false
subproblem_presolve: true
tighten_nlp_var_bounds: false
round_discrete_vars: true
max_fbbt_iterations: 3
bound_tolerance: 1e-06

If you use this software, you may cite the following:
            - Implementation:
            Chen, Q; Johnson, ES; Bernal, DE; Valentin, R; Kale, S;
            Bates, J; Siirola, JD; Grossmann, IE.
            Pyomo.GDP: an ecosystem for logic based modeling and optimization
            development.
            Optimization and Engineering, 2021.

- LDSDA algorithm:
        Bernal DE, Ovalle D, Liñán DA, Ricardez-Sandoval LA, Gómez JM, Grossmann IE.
        Process Superstructure Optimization through Discrete Steepest Descent Optimization: a GDP Analysis and Applications in Process Intensification.
        Computer Aided Chemical Engineering 2022 Jan 1 (Vol. 49, pp. 1279-1284). Elsevier.
        https://doi.org/10.1016/B978-0-323-85159-6.50213-X
Original model has 867 constraints (48 nonlinear) and 9 disjunctions, with 1671 variables, of which 24 are binary, 0 are integer, and 1647 are continuous.
Reformulation Summary:
  Index | Ext Var | LB | UB | Associated Boolean Vars
      1 |       1 |  1 |  3 | stage_mode[1,1].indicator_var, stage_mode[1,2].indicator_var, stage_mode[1,3].indicator_var
      2 |       1 |  1 |  3 | stage_mode[2,1].indicator_var, stage_mode[2,2].indicator_var, stage_mode[2,3].indicator_var
      3 |       1 |  1 |  3 | stage_mode[3,1].indicator_var, stage_mode[3,2].indicator_var, stage_mode[3,3].indicator_var
      4 |       1 |  1 |  3 | stage_mode[4,1].indicator_var, stage_mode[4,2].indicator_var, stage_mode[4,3].indicator_var
      5 |       1 |  1 |  3 | stage_mode[5,1].indicator_var, stage_mode[5,2].indicator_var, stage_mode[5,3].indicator_var
      6 |       1 |  1 |  3 | stage_mode[6,1].indicator_var, stage_mode[6,2].indicator_var, stage_mode[6,3].indicator_var
      7 |       1 |  1 |  3 | stage_mode[7,1].indicator_var, stage_mode[7,2].indicator_var, stage_mode[7,3].indicator_var
      8 |       1 |  1 |  3 | stage_mode[8,1].indicator_var, stage_mode[8,2].indicator_var, stage_mode[8,3].indicator_var
      9 |       1 |  1 |  3 | stage_mode[9,1].indicator_var, stage_mode[9,2].indicator_var, stage_mode[9,3].indicator_var
=====================================================================================================
Iteration |   Search Type   |  External Variables  | Lower Bound | Upper Bound |   Gap    | Time(s)

        0     Initial point   (1, 2, 3, 3, 3, 3, 3, 3, 3)          -inf    -197.14013       inf%    190.90  *
        1   Neighbor search   (1, 1, 2, 2, 2, 2, 2, 2, 2)          -inf    -197.14013       inf%    669.77  
        1   Neighbor search   (1, 1, 2, 2, 2, 2, 2, 2, 3)          -inf    -197.14013       inf%    758.86  
        1   Neighbor search   (1, 1, 2, 2, 2, 2, 2, 3, 3)          -inf    -197.14013       inf%    796.71  
        1   Neighbor search   (1, 1, 2, 2, 2, 2, 3, 3, 3)          -inf    -197.14013       inf%    813.20  
        1   Neighbor search   (1, 1, 2, 2, 2, 3, 3, 3, 3)          -inf    -197.14013       inf%    843.57  
        1   Neighbor search   (1, 1, 2, 2, 3, 3, 3, 3, 3)          -inf    -197.14013       inf%   1610.89  
        1   Neighbor search   (1, 1, 2, 3, 3, 3, 3, 3, 3)          -inf    -197.14013       inf%   2206.20  
        1   Neighbor search   (1, 2, 2, 2, 2, 2, 2, 2, 2)          -inf    -197.14013       inf%   2348.42  
        1   Neighbor search   (1, 2, 2, 2, 2, 2, 2, 2, 3)          -inf    -197.14013       inf%   2686.51  
        1   Neighbor search   (1, 2, 2, 2, 2, 2, 2, 3, 3)          -inf    -197.14013       inf%   2706.14  
        1   Neighbor search   (1, 2, 2, 2, 2, 2, 3, 3, 3)          -inf    -197.14013       inf%   2837.39  
        1   Neighbor search   (1, 2, 2, 2, 2, 3, 3, 3, 3)          -inf    -207.62612       inf%   3253.82  *
        1   Neighbor search   (1, 2, 2, 2, 3, 3, 3, 3, 3)          -inf    -212.00879       inf%   3322.82  *
        1   Neighbor search   (1, 2, 2, 3, 3, 3, 3, 3, 3)          -inf    -212.00879       inf%   3378.53  

Solved in 1 iterations and 3378.98287 seconds
Optimal objective value -212.0087871832
Relative optimality gap inf%
