Starting GDPopt version 22.5.13 using LDBD algorithm
iterlim: None
time_limit: 3600
tee: true
logger: <Logger pyomo.contrib.gdpopt (INFO)>
mip_solver: gurobi
mip_solver_args:
  keepfiles: true
  logfile: gurobi_master_gdpopt.ldbd_ipopt_L2.log
  options: {'Presolve': 0, 'LogFile': 'gurobi_native.log', 'Threads': 1}
  symbolic_solver_labels: true
  tee: true
subproblem_solver: gams
subproblem_solver_args:
  add_options: ['option threads=1;']
  solver: ipopt
direction_norm: L2
starting_point: [1, 2, 3, 3, 3, 3, 3, 3]
logical_constraint_list: None
disjunction_list: ComponentSet(['d[1] (key=d[1])', 'd[2] (key=d[2])', 'd[3] (key=d[3])', 'd[4] (key=d[4])', 'd[5] (key=d[5])', 'd[6] (key=d[6])', 'd[7] (key=d[7])', 'd[8] (key=d[8])'])
infinity_output: 100000000.0
integer_tolerance: 1e-05
constraint_tolerance: 1e-06
variable_tolerance: 1e-08
subproblem_initialization_method: <function restore_vars_to_original_values at 0x7f66d948b9c0>
call_before_subproblem_solve: <class 'type'>
call_after_subproblem_solve: <class 'type'>
call_after_subproblem_feasible: <class 'type'>
force_subproblem_nlp: false
subproblem_presolve: true
tighten_nlp_var_bounds: false
round_discrete_vars: true
max_fbbt_iterations: 3
bound_tolerance: 1e-06
separation_solver: gurobi
separation_solver_args:
  keepfiles: true
  logfile: gurobi_separation_gdpopt.ldbd_ipopt_L2.log
  options: {'Presolve': 0, 'LogFile': 'gurobi_native.log', 'Threads': 1}
  symbolic_solver_labels: true
  tee: true

If you use this software, you may cite the following:
            - Implementation:
            Chen, Q; Johnson, ES; Bernal, DE; Valentin, R; Kale, S;
            Bates, J; Siirola, JD; Grossmann, IE.
            Pyomo.GDP: an ecosystem for logic based modeling and optimization
            development.
            Optimization and Engineering, 2021.

Liñán, D. A.; Ricardez‐Sandoval, L. A. A Benders Decomposition Framework for the Optimization of Disjunctive Superstructures with Ordered Discrete Decisions. AIChE Journal 2023, 69 (5), e18008. https://doi.org/10.1002/aic.18008.
Original model has 770 constraints (42 nonlinear) and 8 disjunctions, with 1485 variables, of which 21 are binary, 0 are integer, and 1464 are continuous.
Reformulation Summary:
  Index | Ext Var | LB | UB | Associated Boolean Vars
      1 |       1 |  1 |  3 | stage_mode[1,1].indicator_var, stage_mode[1,2].indicator_var, stage_mode[1,3].indicator_var
      2 |       1 |  1 |  3 | stage_mode[2,1].indicator_var, stage_mode[2,2].indicator_var, stage_mode[2,3].indicator_var
      3 |       1 |  1 |  3 | stage_mode[3,1].indicator_var, stage_mode[3,2].indicator_var, stage_mode[3,3].indicator_var
      4 |       1 |  1 |  3 | stage_mode[4,1].indicator_var, stage_mode[4,2].indicator_var, stage_mode[4,3].indicator_var
      5 |       1 |  1 |  3 | stage_mode[5,1].indicator_var, stage_mode[5,2].indicator_var, stage_mode[5,3].indicator_var
      6 |       1 |  1 |  3 | stage_mode[6,1].indicator_var, stage_mode[6,2].indicator_var, stage_mode[6,3].indicator_var
      7 |       1 |  1 |  3 | stage_mode[7,1].indicator_var, stage_mode[7,2].indicator_var, stage_mode[7,3].indicator_var
      8 |       1 |  1 |  3 | stage_mode[8,1].indicator_var, stage_mode[8,2].indicator_var, stage_mode[8,3].indicator_var
=====================================================================================================
Iteration |   Search Type   |  External Variables  | Lower Bound | Upper Bound |   Gap    | Time(s)

        0     Initial point   (1, 2, 3, 3, 3, 3, 3, 3)          -inf    -122.69353       inf%    139.04  *
        1    Skipped Anchor   (1, 2, 3, 3, 3, 3, 3, 3)          -inf    -122.69353       inf%    139.04  
        1          Neighbor   (1, 2, 2, 3, 3, 3, 3, 3)          -inf    -142.12012       inf%    265.71  *
Solver log file: 'gurobi_separation_gdpopt.ldbd_ipopt_L2.log'
Solver problem files: ('/tmp/tmp2wkt02iv.pyomo.lp',)
Read LP format model from file /tmp/tmp2wkt02iv.pyomo.lp
Reading time = 0.00 seconds
obj: 10 rows, 9 columns, 90 nonzeros
Set parameter Presolve to value 0
Set parameter LogFile to value "gurobi_native.log"
Set parameter Threads to value 1
Gurobi Optimizer version 13.0.1 build v13.0.1rc0 (linux64 - "Oracle Linux Server 9.7")

CPU model: AMD EPYC 7643 48-Core Processor, instruction set [SSE2|AVX|AVX2]
Thread count: 48 physical cores, 96 logical processors, using up to 1 threads

Non-default parameters:
Presolve  0
Threads  1

Optimize a model with 10 rows, 9 columns and 90 nonzeros (Max)
Model fingerprint: 0x990b5f50
Model has 9 linear objective coefficients
Coefficient statistics:
  Matrix range     [1e+00, 3e+00]
  Objective range  [1e+00, 3e+00]
  Bounds range     [0e+00, 0e+00]
  RHS range        [1e+02, 1e+08]


Iteration    Objective       Primal Inf.    Dual Inf.      Time
       0      handle free variables                          0s
      10   -1.2269353e+02   0.000000e+00   0.000000e+00      0s

Solved in 10 iterations and 0.00 seconds (0.00 work units)
Optimal objective -1.226935272e+02
Solver log file: 'gurobi_master_gdpopt.ldbd_ipopt_L2.log'
Solver problem files: ('/tmp/tmpisasj0qh.pyomo.lp',)
Read LP format model from file /tmp/tmpisasj0qh.pyomo.lp
Reading time = 0.00 seconds
obj: 1 rows, 9 columns, 9 nonzeros
Set parameter Presolve to value 0
Set parameter LogFile to value "gurobi_native.log"
Set parameter Threads to value 1
Gurobi Optimizer version 13.0.1 build v13.0.1rc0 (linux64 - "Oracle Linux Server 9.7")

CPU model: AMD EPYC 7643 48-Core Processor, instruction set [SSE2|AVX|AVX2]
Thread count: 48 physical cores, 96 logical processors, using up to 1 threads

Non-default parameters:
Presolve  0
Threads  1

Optimize a model with 1 rows, 9 columns and 9 nonzeros (Min)
Model fingerprint: 0xe2690a5e
Model has 1 linear objective coefficients
Variable types: 1 continuous, 8 integer (0 binary)
Coefficient statistics:
  Matrix range     [1e+00, 1e+08]
  Objective range  [1e+00, 1e+00]
  Bounds range     [1e+00, 3e+00]
  RHS range        [2e+09, 2e+09]
Warning: Model contains large matrix coefficients
Warning: Model contains large rhs
         Consider reformulating model or setting NumericFocus parameter
         to avoid numerical issues.

Found heuristic solution: objective -1.00000e+08
Variable types: 1 continuous, 8 integer (0 binary)

Root relaxation: cutoff, 1 iterations, 0.00 seconds (0.00 work units)

    Nodes    |    Current Node    |     Objective Bounds      |     Work
 Expl Unexpl |  Obj  Depth IntInf | Incumbent    BestBd   Gap | It/Node Time

     0     0     cutoff    0      -1.000e+08 -1.000e+08  0.00%     -    0s

Explored 1 nodes (1 simplex iterations) in 0.00 seconds (0.00 work units)
Thread count was 1 (of 96 available processors)

Solution count 1: -1e+08 
No other solutions better than -1e+08

Optimal solution found (tolerance 1.00e-04)
Best objective -1.000002842402e+08, best bound -1.000002842402e+08, gap 0.0000%
        1            Master   (1, 3, 1, 3, 3, 3, 3, 3)   -100000284.24024    -142.12012   70363113.65%    273.05  
        1         UB update   (1, 2, 2, 3, 3, 3, 3, 3)   -100000284.24024    -142.12012   70363113.65%    273.05  
Solver log file: 'gurobi_separation_gdpopt.ldbd_ipopt_L2.log'
Solver problem files: ('/tmp/tmppn5h6kkf.pyomo.lp',)
Read LP format model from file /tmp/tmppn5h6kkf.pyomo.lp
Reading time = 0.00 seconds
obj: 11 rows, 9 columns, 99 nonzeros
Set parameter Presolve to value 0
Set parameter LogFile to value "gurobi_native.log"
Set parameter Threads to value 1
Gurobi Optimizer version 13.0.1 build v13.0.1rc0 (linux64 - "Oracle Linux Server 9.7")

CPU model: AMD EPYC 7643 48-Core Processor, instruction set [SSE2|AVX|AVX2]
Thread count: 48 physical cores, 96 logical processors, using up to 1 threads

Non-default parameters:
Presolve  0
Threads  1

Optimize a model with 11 rows, 9 columns and 99 nonzeros (Max)
Model fingerprint: 0xffaf9a1f
Model has 9 linear objective coefficients
Coefficient statistics:
  Matrix range     [1e+00, 3e+00]
  Objective range  [1e+00, 3e+00]
  Bounds range     [0e+00, 0e+00]
  RHS range        [1e+02, 1e+08]


Iteration    Objective       Primal Inf.    Dual Inf.      Time
       0      handle free variables                          0s
      11   -1.2269353e+02   0.000000e+00   0.000000e+00      0s

Solved in 11 iterations and 0.00 seconds (0.00 work units)
Optimal objective -1.226935272e+02
Solver log file: 'gurobi_separation_gdpopt.ldbd_ipopt_L2.log'
Solver problem files: ('/tmp/tmp9kgjk7pp.pyomo.lp',)
Read LP format model from file /tmp/tmp9kgjk7pp.pyomo.lp
Reading time = 0.00 seconds
obj: 11 rows, 9 columns, 99 nonzeros
Set parameter Presolve to value 0
Set parameter LogFile to value "gurobi_native.log"
Set parameter Threads to value 1
Gurobi Optimizer version 13.0.1 build v13.0.1rc0 (linux64 - "Oracle Linux Server 9.7")

CPU model: AMD EPYC 7643 48-Core Processor, instruction set [SSE2|AVX|AVX2]
Thread count: 48 physical cores, 96 logical processors, using up to 1 threads

Non-default parameters:
Presolve  0
Threads  1

Optimize a model with 11 rows, 9 columns and 99 nonzeros (Max)
Model fingerprint: 0xa93efa44
Model has 9 linear objective coefficients
Coefficient statistics:
  Matrix range     [1e+00, 3e+00]
  Objective range  [1e+00, 3e+00]
  Bounds range     [0e+00, 0e+00]
  RHS range        [1e+02, 1e+08]


Iteration    Objective       Primal Inf.    Dual Inf.      Time
       0      handle free variables                          0s
      10    1.0000000e+08   0.000000e+00   0.000000e+00      0s

Solved in 10 iterations and 0.00 seconds (0.00 work units)
Optimal objective  1.000000000e+08
Solver log file: 'gurobi_master_gdpopt.ldbd_ipopt_L2.log'
Solver problem files: ('/tmp/tmpnn4vasve.pyomo.lp',)
Read LP format model from file /tmp/tmpnn4vasve.pyomo.lp
Reading time = 0.00 seconds
obj: 2 rows, 9 columns, 17 nonzeros
Set parameter Presolve to value 0
Set parameter LogFile to value "gurobi_native.log"
Set parameter Threads to value 1
Gurobi Optimizer version 13.0.1 build v13.0.1rc0 (linux64 - "Oracle Linux Server 9.7")

CPU model: AMD EPYC 7643 48-Core Processor, instruction set [SSE2|AVX|AVX2]
Thread count: 48 physical cores, 96 logical processors, using up to 1 threads

Non-default parameters:
Presolve  0
Threads  1

Optimize a model with 2 rows, 9 columns and 17 nonzeros (Min)
Model fingerprint: 0xe73d04f7
Model has 1 linear objective coefficients
Variable types: 1 continuous, 8 integer (0 binary)
Coefficient statistics:
  Matrix range     [1e+00, 1e+08]
  Objective range  [1e+00, 1e+00]
  Bounds range     [1e+00, 3e+00]
  RHS range        [1e+09, 2e+09]
Warning: Model contains large matrix coefficients
Warning: Model contains large rhs
         Consider reformulating model or setting NumericFocus parameter
         to avoid numerical issues.

Found heuristic solution: objective 9.999996e+07
Variable types: 1 continuous, 8 integer (0 binary)

Root relaxation: objective -1.518334e+02, 2 iterations, 0.00 seconds (0.00 work units)

    Nodes    |    Current Node    |     Objective Bounds      |     Work
 Expl Unexpl |  Obj  Depth IntInf | Incumbent    BestBd   Gap | It/Node Time

*    0     0               0    -151.8334186 -151.83342  0.00%     -    0s

Explored 1 nodes (2 simplex iterations) in 0.00 seconds (0.00 work units)
Thread count was 1 (of 96 available processors)

Solution count 2: -151.833 1e+08 
No other solutions better than -151.833

Optimal solution found (tolerance 1.00e-04)
Best objective -1.518334186185e+02, best bound -1.518334186185e+02, gap 0.0000%
        2            Master   (1, 2, 1, 3, 3, 3, 3, 3)    -151.83342    -142.12012      6.83%    274.66  
        2         UB update   (1, 2, 2, 3, 3, 3, 3, 3)    -151.83342    -142.12012      6.83%    274.66  
Solver log file: 'gurobi_separation_gdpopt.ldbd_ipopt_L2.log'
Solver problem files: ('/tmp/tmp8utenu7m.pyomo.lp',)
Read LP format model from file /tmp/tmp8utenu7m.pyomo.lp
Reading time = 0.00 seconds
obj: 12 rows, 9 columns, 108 nonzeros
Set parameter Presolve to value 0
Set parameter LogFile to value "gurobi_native.log"
Set parameter Threads to value 1
Gurobi Optimizer version 13.0.1 build v13.0.1rc0 (linux64 - "Oracle Linux Server 9.7")

CPU model: AMD EPYC 7643 48-Core Processor, instruction set [SSE2|AVX|AVX2]
Thread count: 48 physical cores, 96 logical processors, using up to 1 threads

Non-default parameters:
Presolve  0
Threads  1

Optimize a model with 12 rows, 9 columns and 108 nonzeros (Max)
Model fingerprint: 0xc4c2a897
Model has 9 linear objective coefficients
Coefficient statistics:
  Matrix range     [1e+00, 3e+00]
  Objective range  [1e+00, 3e+00]
  Bounds range     [0e+00, 0e+00]
  RHS range        [1e+02, 1e+08]


Iteration    Objective       Primal Inf.    Dual Inf.      Time
       0      handle free variables                          0s
      11   -1.2269353e+02   0.000000e+00   0.000000e+00      0s

Solved in 11 iterations and 0.00 seconds (0.00 work units)
Optimal objective -1.226935272e+02
Solver log file: 'gurobi_separation_gdpopt.ldbd_ipopt_L2.log'
Solver problem files: ('/tmp/tmpvzum490j.pyomo.lp',)
Read LP format model from file /tmp/tmpvzum490j.pyomo.lp
Reading time = 0.00 seconds
obj: 12 rows, 9 columns, 108 nonzeros
Set parameter Presolve to value 0
Set parameter LogFile to value "gurobi_native.log"
Set parameter Threads to value 1
Gurobi Optimizer version 13.0.1 build v13.0.1rc0 (linux64 - "Oracle Linux Server 9.7")

CPU model: AMD EPYC 7643 48-Core Processor, instruction set [SSE2|AVX|AVX2]
Thread count: 48 physical cores, 96 logical processors, using up to 1 threads

Non-default parameters:
Presolve  0
Threads  1

Optimize a model with 12 rows, 9 columns and 108 nonzeros (Max)
Model fingerprint: 0x246db0c9
Model has 9 linear objective coefficients
Coefficient statistics:
  Matrix range     [1e+00, 3e+00]
  Objective range  [1e+00, 3e+00]
  Bounds range     [0e+00, 0e+00]
  RHS range        [1e+02, 1e+08]


Iteration    Objective       Primal Inf.    Dual Inf.      Time
       0      handle free variables                          0s
      10    1.0000000e+08   0.000000e+00   0.000000e+00      0s

Solved in 10 iterations and 0.00 seconds (0.00 work units)
Optimal objective  1.000000000e+08
Solver log file: 'gurobi_separation_gdpopt.ldbd_ipopt_L2.log'
Solver problem files: ('/tmp/tmpq0ax41oc.pyomo.lp',)
Read LP format model from file /tmp/tmpq0ax41oc.pyomo.lp
Reading time = 0.00 seconds
obj: 12 rows, 9 columns, 108 nonzeros
Set parameter Presolve to value 0
Set parameter LogFile to value "gurobi_native.log"
Set parameter Threads to value 1
Gurobi Optimizer version 13.0.1 build v13.0.1rc0 (linux64 - "Oracle Linux Server 9.7")

CPU model: AMD EPYC 7643 48-Core Processor, instruction set [SSE2|AVX|AVX2]
Thread count: 48 physical cores, 96 logical processors, using up to 1 threads

Non-default parameters:
Presolve  0
Threads  1

Optimize a model with 12 rows, 9 columns and 108 nonzeros (Max)
Model fingerprint: 0x7e89eca4
Model has 9 linear objective coefficients
Coefficient statistics:
  Matrix range     [1e+00, 3e+00]
  Objective range  [1e+00, 3e+00]
  Bounds range     [0e+00, 0e+00]
  RHS range        [1e+02, 1e+08]


Iteration    Objective       Primal Inf.    Dual Inf.      Time
       0      handle free variables                          0s
      11    1.0000000e+08   0.000000e+00   0.000000e+00      0s

Solved in 11 iterations and 0.00 seconds (0.00 work units)
Optimal objective  1.000000000e+08
Solver log file: 'gurobi_master_gdpopt.ldbd_ipopt_L2.log'
Solver problem files: ('/tmp/tmp_z5u30_t.pyomo.lp',)
Read LP format model from file /tmp/tmp_z5u30_t.pyomo.lp
Reading time = 0.00 seconds
obj: 3 rows, 9 columns, 26 nonzeros
Set parameter Presolve to value 0
Set parameter LogFile to value "gurobi_native.log"
Set parameter Threads to value 1
Gurobi Optimizer version 13.0.1 build v13.0.1rc0 (linux64 - "Oracle Linux Server 9.7")

CPU model: AMD EPYC 7643 48-Core Processor, instruction set [SSE2|AVX|AVX2]
Thread count: 48 physical cores, 96 logical processors, using up to 1 threads

Non-default parameters:
Presolve  0
Threads  1

Optimize a model with 3 rows, 9 columns and 26 nonzeros (Min)
Model fingerprint: 0xa5dbdcd2
Model has 1 linear objective coefficients
Variable types: 1 continuous, 8 integer (0 binary)
Coefficient statistics:
  Matrix range     [1e+00, 2e+08]
  Objective range  [1e+00, 1e+00]
  Bounds range     [1e+00, 3e+00]
  RHS range        [1e+09, 3e+09]
Warning: Model contains large matrix coefficients
Warning: Model contains large rhs
         Consider reformulating model or setting NumericFocus parameter
         to avoid numerical issues.

Variable types: 1 continuous, 8 integer (0 binary)
Found heuristic solution: objective 1.000000e+08
Found heuristic solution: objective -142.1201217

Root relaxation: cutoff, 3 iterations, 0.00 seconds (0.00 work units)

    Nodes    |    Current Node    |     Objective Bounds      |     Work
 Expl Unexpl |  Obj  Depth IntInf | Incumbent    BestBd   Gap | It/Node Time

     0     0     cutoff    0      -142.12012 -142.12012  0.00%     -    0s

Explored 1 nodes (3 simplex iterations) in 0.00 seconds (0.00 work units)
Thread count was 1 (of 96 available processors)

Solution count 2: -142.12 1e+08 
No other solutions better than -142.12

Optimal solution found (tolerance 1.00e-04)
Best objective -1.421201217473e+02, best bound -1.421201217473e+02, gap 0.0000%
        3            Master   (1, 2, 2, 3, 3, 3, 3, 3)    -142.12012    -142.12012      0.00%    275.98  
        3         UB update   (1, 2, 2, 3, 3, 3, 3, 3)    -142.12012    -142.12012      0.00%    275.98  
        3   Anchor (promoted)   (1, 2, 2, 3, 3, 3, 3, 3)    -142.12012    -142.12012      0.00%    275.98  
LDBD bounds converged: UB=-142.12012079751904, LB=-142.12012174725535
Search path: (1, 2, 3, 3, 3, 3, 3, 3) -> (1, 3, 1, 3, 3, 3, 3, 3) -> (1, 2, 1, 3, 3, 3, 3, 3) -> (1, 2, 2, 3, 3, 3, 3, 3)
Anchor points: (1, 2, 3, 3, 3, 3, 3, 3) -> (1, 3, 1, 3, 3, 3, 3, 3) -> (1, 2, 1, 3, 3, 3, 3, 3) -> (1, 2, 2, 3, 3, 3, 3, 3)

Solved in 3 iterations and 275.98493 seconds
Optimal objective value -142.1201207975
Relative optimality gap 0.00000%

Problem: 
- Name: unknown
  Lower bound: -142.12012174725535
  Upper bound: -142.12012079751904
  Number of objectives: 1
  Number of constraints: 770
  Number of variables: 1485
  Number of binary variables: 21
  Number of integer variables: 0
  Number of continuous variables: 1464
  Number of nonzeros: None
  Sense: minimize
  Number of disjunctions: 8
Solver: 
- Name: GDPopt (22, 5, 13) - LDBD
  Status: ok
  User time: 275.98489082884043
  Wallclock time: 275.98489082884043
  Termination condition: optimal
  Iterations: 3
  Timing: main_timer_start_time: 5058016.660717678
total: 275.98489082884043

