Starting GDPopt version 22.5.13 using LDBD algorithm
iterlim: None
time_limit: 3600
tee: true
logger: <Logger pyomo.contrib.gdpopt (INFO)>
mip_solver: gurobi
mip_solver_args:
  keepfiles: true
  logfile: gurobi_master_gdpopt.ldbd_conopt_Linf.log
  options: {'Presolve': 0, 'LogFile': 'gurobi_native.log', 'Threads': 1}
  symbolic_solver_labels: true
  tee: true
subproblem_solver: gams
subproblem_solver_args:
  add_options: ['option threads=1;']
  solver: conopt
direction_norm: Linf
starting_point: [1, 2, 3, 3, 3, 3, 3, 3]
logical_constraint_list: None
disjunction_list: ComponentSet(['d[1] (key=d[1])', 'd[2] (key=d[2])', 'd[3] (key=d[3])', 'd[4] (key=d[4])', 'd[5] (key=d[5])', 'd[6] (key=d[6])', 'd[7] (key=d[7])', 'd[8] (key=d[8])'])
infinity_output: 100000000.0
integer_tolerance: 1e-05
constraint_tolerance: 1e-06
variable_tolerance: 1e-08
subproblem_initialization_method: <function restore_vars_to_original_values at 0x7f66d948b9c0>
call_before_subproblem_solve: <class 'type'>
call_after_subproblem_solve: <class 'type'>
call_after_subproblem_feasible: <class 'type'>
force_subproblem_nlp: false
subproblem_presolve: true
tighten_nlp_var_bounds: false
round_discrete_vars: true
max_fbbt_iterations: 3
bound_tolerance: 1e-06
separation_solver: gurobi
separation_solver_args:
  keepfiles: true
  logfile: gurobi_separation_gdpopt.ldbd_conopt_Linf.log
  options: {'Presolve': 0, 'LogFile': 'gurobi_native.log', 'Threads': 1}
  symbolic_solver_labels: true
  tee: true

If you use this software, you may cite the following:
            - Implementation:
            Chen, Q; Johnson, ES; Bernal, DE; Valentin, R; Kale, S;
            Bates, J; Siirola, JD; Grossmann, IE.
            Pyomo.GDP: an ecosystem for logic based modeling and optimization
            development.
            Optimization and Engineering, 2021.

Liñán, D. A.; Ricardez‐Sandoval, L. A. A Benders Decomposition Framework for the Optimization of Disjunctive Superstructures with Ordered Discrete Decisions. AIChE Journal 2023, 69 (5), e18008. https://doi.org/10.1002/aic.18008.
Original model has 770 constraints (42 nonlinear) and 8 disjunctions, with 1485 variables, of which 21 are binary, 0 are integer, and 1464 are continuous.
Reformulation Summary:
  Index | Ext Var | LB | UB | Associated Boolean Vars
      1 |       1 |  1 |  3 | stage_mode[1,1].indicator_var, stage_mode[1,2].indicator_var, stage_mode[1,3].indicator_var
      2 |       1 |  1 |  3 | stage_mode[2,1].indicator_var, stage_mode[2,2].indicator_var, stage_mode[2,3].indicator_var
      3 |       1 |  1 |  3 | stage_mode[3,1].indicator_var, stage_mode[3,2].indicator_var, stage_mode[3,3].indicator_var
      4 |       1 |  1 |  3 | stage_mode[4,1].indicator_var, stage_mode[4,2].indicator_var, stage_mode[4,3].indicator_var
      5 |       1 |  1 |  3 | stage_mode[5,1].indicator_var, stage_mode[5,2].indicator_var, stage_mode[5,3].indicator_var
      6 |       1 |  1 |  3 | stage_mode[6,1].indicator_var, stage_mode[6,2].indicator_var, stage_mode[6,3].indicator_var
      7 |       1 |  1 |  3 | stage_mode[7,1].indicator_var, stage_mode[7,2].indicator_var, stage_mode[7,3].indicator_var
      8 |       1 |  1 |  3 | stage_mode[8,1].indicator_var, stage_mode[8,2].indicator_var, stage_mode[8,3].indicator_var
=====================================================================================================
Iteration |   Search Type   |  External Variables  | Lower Bound | Upper Bound |   Gap    | Time(s)

        0     Initial point   (1, 2, 3, 3, 3, 3, 3, 3)          -inf    -122.69353       inf%      8.79  *
        1    Skipped Anchor   (1, 2, 3, 3, 3, 3, 3, 3)          -inf    -122.69353       inf%      8.79  
        1          Neighbor   (1, 1, 2, 2, 2, 2, 2, 2)          -inf    -122.69353       inf%     20.03  
        1          Neighbor   (1, 1, 2, 2, 2, 2, 2, 3)          -inf    -137.60744       inf%     30.94  *
        1          Neighbor   (1, 1, 2, 2, 2, 2, 3, 3)          -inf    -165.56266       inf%     42.08  *
        1          Neighbor   (1, 1, 2, 2, 2, 3, 3, 3)          -inf    -165.56266       inf%     59.40  
        1          Neighbor   (1, 1, 2, 2, 3, 3, 3, 3)          -inf    -165.56266       inf%     78.29  
        1          Neighbor   (1, 1, 2, 3, 3, 3, 3, 3)          -inf    -165.56266       inf%    109.07  
        1          Neighbor   (1, 2, 2, 2, 2, 2, 2, 2)          -inf    -165.56266       inf%    168.19  
        1          Neighbor   (1, 2, 2, 2, 2, 2, 2, 3)          -inf    -165.56266       inf%    180.91  
        1          Neighbor   (1, 2, 2, 2, 2, 2, 3, 3)          -inf    -170.52107       inf%    194.44  *
        1          Neighbor   (1, 2, 2, 2, 2, 3, 3, 3)          -inf    -186.52061       inf%    206.76  *
        1          Neighbor   (1, 2, 2, 2, 3, 3, 3, 3)          -inf    -188.44949       inf%    226.31  *
        1          Neighbor   (1, 2, 2, 3, 3, 3, 3, 3)          -inf    -188.44949       inf%    257.30  
        1          Neighbor   (2, 3, 3, 3, 3, 3, 3, 3)          -inf    -188.44949       inf%    667.68  
Solver log file: 'gurobi_separation_gdpopt.ldbd_conopt_Linf.log'
Solver problem files: ('/tmp/tmptis0swrs.pyomo.lp',)
Read LP format model from file /tmp/tmptis0swrs.pyomo.lp
Reading time = 0.00 seconds
obj: 384 rows, 9 columns, 3456 nonzeros
Set parameter Presolve to value 0
Set parameter LogFile to value "gurobi_native.log"
Set parameter Threads to value 1
Gurobi Optimizer version 13.0.1 build v13.0.1rc0 (linux64 - "Oracle Linux Server 9.7")

CPU model: AMD EPYC 7643 48-Core Processor, instruction set [SSE2|AVX|AVX2]
Thread count: 48 physical cores, 96 logical processors, using up to 1 threads

Non-default parameters:
Presolve  0
Threads  1

Optimize a model with 384 rows, 9 columns and 3456 nonzeros (Max)
Model fingerprint: 0x85cc9f00
Model has 9 linear objective coefficients
Coefficient statistics:
  Matrix range     [1e+00, 3e+00]
  Objective range  [1e+00, 3e+00]
  Bounds range     [0e+00, 0e+00]
  RHS range        [5e+01, 1e+08]


Iteration    Objective       Primal Inf.    Dual Inf.      Time
       0      handle free variables                          0s
      25   -1.2269353e+02   0.000000e+00   0.000000e+00      0s

Solved in 25 iterations and 0.00 seconds (0.00 work units)
Optimal objective -1.226935271e+02
Solver log file: 'gurobi_master_gdpopt.ldbd_conopt_Linf.log'
Solver problem files: ('/tmp/tmpodxufe27.pyomo.lp',)
Read LP format model from file /tmp/tmpodxufe27.pyomo.lp
Reading time = 0.00 seconds
obj: 1 rows, 5 columns, 5 nonzeros
Set parameter Presolve to value 0
Set parameter LogFile to value "gurobi_native.log"
Set parameter Threads to value 1
Gurobi Optimizer version 13.0.1 build v13.0.1rc0 (linux64 - "Oracle Linux Server 9.7")

CPU model: AMD EPYC 7643 48-Core Processor, instruction set [SSE2|AVX|AVX2]
Thread count: 48 physical cores, 96 logical processors, using up to 1 threads

Non-default parameters:
Presolve  0
Threads  1

Optimize a model with 1 rows, 5 columns and 5 nonzeros (Min)
Model fingerprint: 0x8a884ba3
Model has 1 linear objective coefficients
Variable types: 1 continuous, 4 integer (0 binary)
Coefficient statistics:
  Matrix range     [1e+00, 1e+08]
  Objective range  [1e+00, 1e+00]
  Bounds range     [1e+00, 3e+00]
  RHS range        [2e+00, 2e+00]
Warning: Model contains large matrix coefficients
         Consider reformulating model or setting NumericFocus parameter
         to avoid numerical issues.

Found heuristic solution: objective -42.4457882
Found heuristic solution: objective -122.6935271
Found heuristic solution: objective -2.00000e+08
Variable types: 1 continuous, 4 integer (0 binary)

Root relaxation: cutoff, 1 iterations, 0.00 seconds (0.00 work units)

    Nodes    |    Current Node    |     Objective Bounds      |     Work
 Expl Unexpl |  Obj  Depth IntInf | Incumbent    BestBd   Gap | It/Node Time

     0     0     cutoff    0      -2.000e+08 -2.000e+08  0.00%     -    0s

Explored 1 nodes (1 simplex iterations) in 0.00 seconds (0.00 work units)
Thread count was 1 (of 96 available processors)

Solution count 3: -2e+08 -122.694 -42.4458 
No other solutions better than -2e+08

Optimal solution found (tolerance 1.00e-04)
Best objective -2.000002878328e+08, best bound -2.000002878328e+08, gap 0.0000%
        1            Master   (1, 1, 1, 1, 1, 1, 3, 3)   -200000287.83284    -188.44949   106129284.70%    667.72  
        1         UB update   (1, 2, 2, 2, 3, 3, 3, 3)   -200000287.83284    -188.44949   106129284.70%    667.72  
Solver log file: 'gurobi_separation_gdpopt.ldbd_conopt_Linf.log'
Solver problem files: ('/tmp/tmp6hnzhn9q.pyomo.lp',)
Read LP format model from file /tmp/tmp6hnzhn9q.pyomo.lp
Reading time = 0.00 seconds
obj: 385 rows, 9 columns, 3465 nonzeros
Set parameter Presolve to value 0
Set parameter LogFile to value "gurobi_native.log"
Set parameter Threads to value 1
Gurobi Optimizer version 13.0.1 build v13.0.1rc0 (linux64 - "Oracle Linux Server 9.7")

CPU model: AMD EPYC 7643 48-Core Processor, instruction set [SSE2|AVX|AVX2]
Thread count: 48 physical cores, 96 logical processors, using up to 1 threads

Non-default parameters:
Presolve  0
Threads  1

Optimize a model with 385 rows, 9 columns and 3465 nonzeros (Max)
Model fingerprint: 0x78cb9369
Model has 9 linear objective coefficients
Coefficient statistics:
  Matrix range     [1e+00, 3e+00]
  Objective range  [1e+00, 3e+00]
  Bounds range     [0e+00, 0e+00]
  RHS range        [5e+01, 1e+08]


Iteration    Objective       Primal Inf.    Dual Inf.      Time
       0      handle free variables                          0s
      23   -1.2269353e+02   0.000000e+00   0.000000e+00      0s

Solved in 23 iterations and 0.00 seconds (0.00 work units)
Optimal objective -1.226935271e+02
Solver log file: 'gurobi_separation_gdpopt.ldbd_conopt_Linf.log'
Solver problem files: ('/tmp/tmpdcmf9urm.pyomo.lp',)
Read LP format model from file /tmp/tmpdcmf9urm.pyomo.lp
Reading time = 0.00 seconds
obj: 385 rows, 9 columns, 3465 nonzeros
Set parameter Presolve to value 0
Set parameter LogFile to value "gurobi_native.log"
Set parameter Threads to value 1
Gurobi Optimizer version 13.0.1 build v13.0.1rc0 (linux64 - "Oracle Linux Server 9.7")

CPU model: AMD EPYC 7643 48-Core Processor, instruction set [SSE2|AVX|AVX2]
Thread count: 48 physical cores, 96 logical processors, using up to 1 threads

Non-default parameters:
Presolve  0
Threads  1

Optimize a model with 385 rows, 9 columns and 3465 nonzeros (Max)
Model fingerprint: 0x9bedc662
Model has 9 linear objective coefficients
Coefficient statistics:
  Matrix range     [1e+00, 3e+00]
  Objective range  [1e+00, 3e+00]
  Bounds range     [0e+00, 0e+00]
  RHS range        [5e+01, 1e+08]


Iteration    Objective       Primal Inf.    Dual Inf.      Time
       0      handle free variables                          0s
      18    1.0000000e+08   0.000000e+00   0.000000e+00      0s

Solved in 18 iterations and 0.00 seconds (0.00 work units)
Optimal objective  1.000000000e+08
Solver log file: 'gurobi_master_gdpopt.ldbd_conopt_Linf.log'
Solver problem files: ('/tmp/tmpe93o1gld.pyomo.lp',)
Read LP format model from file /tmp/tmpe93o1gld.pyomo.lp
Reading time = 0.00 seconds
obj: 2 rows, 9 columns, 15 nonzeros
Set parameter Presolve to value 0
Set parameter LogFile to value "gurobi_native.log"
Set parameter Threads to value 1
Gurobi Optimizer version 13.0.1 build v13.0.1rc0 (linux64 - "Oracle Linux Server 9.7")

CPU model: AMD EPYC 7643 48-Core Processor, instruction set [SSE2|AVX|AVX2]
Thread count: 48 physical cores, 96 logical processors, using up to 1 threads

Non-default parameters:
Presolve  0
Threads  1

Optimize a model with 2 rows, 9 columns and 15 nonzeros (Min)
Model fingerprint: 0x3c4cf5a4
Model has 1 linear objective coefficients
Variable types: 1 continuous, 8 integer (0 binary)
Coefficient statistics:
  Matrix range     [1e+00, 1e+08]
  Objective range  [1e+00, 1e+00]
  Bounds range     [1e+00, 3e+00]
  RHS range        [2e+00, 1e+08]
Warning: Model contains large matrix coefficients
         Consider reformulating model or setting NumericFocus parameter
         to avoid numerical issues.

Found heuristic solution: objective 9.999996e+07
Variable types: 1 continuous, 8 integer (0 binary)

Root relaxation: objective -5.000022e+07, 2 iterations, 0.00 seconds (0.00 work units)

    Nodes    |    Current Node    |     Objective Bounds      |     Work
 Expl Unexpl |  Obj  Depth IntInf | Incumbent    BestBd   Gap | It/Node Time

     0     0 -5.000e+07    0    1 1.0000e+08 -5.000e+07   150%     -    0s
H    0     0                    -124.9477110 -5.000e+07      -     -    0s
H    0     0                    -190.7036773 -5.000e+07      -     -    0s

Explored 1 nodes (2 simplex iterations) in 0.00 seconds (0.00 work units)
Thread count was 1 (of 96 available processors)

Solution count 3: -190.704 -124.948 1e+08 

Optimal solution found (tolerance 1.00e-04)
Best objective -1.907036773264e+02, best bound -1.907036773488e+02, gap 0.0000%
        2            Master   (1, 3, 2, 3, 3, 3, 3, 3)    -190.70368    -188.44949      1.20%    669.24  
        2         UB update   (1, 2, 2, 2, 3, 3, 3, 3)    -190.70368    -188.44949      1.20%    669.24  
        2   Anchor (promoted)   (1, 3, 2, 3, 3, 3, 3, 3)    -190.70368    -188.44949      1.20%    669.24  
        3    Skipped Anchor   (1, 3, 2, 3, 3, 3, 3, 3)    -190.70368    -188.44949      1.20%    669.24  
Solver log file: 'gurobi_separation_gdpopt.ldbd_conopt_Linf.log'
Solver problem files: ('/tmp/tmpy668y9xm.pyomo.lp',)
Read LP format model from file /tmp/tmpy668y9xm.pyomo.lp
Reading time = 0.00 seconds
obj: 385 rows, 9 columns, 3465 nonzeros
Set parameter Presolve to value 0
Set parameter LogFile to value "gurobi_native.log"
Set parameter Threads to value 1
Gurobi Optimizer version 13.0.1 build v13.0.1rc0 (linux64 - "Oracle Linux Server 9.7")

CPU model: AMD EPYC 7643 48-Core Processor, instruction set [SSE2|AVX|AVX2]
Thread count: 48 physical cores, 96 logical processors, using up to 1 threads

Non-default parameters:
Presolve  0
Threads  1

Optimize a model with 385 rows, 9 columns and 3465 nonzeros (Max)
Model fingerprint: 0x78cb9369
Model has 9 linear objective coefficients
Coefficient statistics:
  Matrix range     [1e+00, 3e+00]
  Objective range  [1e+00, 3e+00]
  Bounds range     [0e+00, 0e+00]
  RHS range        [5e+01, 1e+08]


Iteration    Objective       Primal Inf.    Dual Inf.      Time
       0      handle free variables                          0s
      23   -1.2269353e+02   0.000000e+00   0.000000e+00      0s

Solved in 23 iterations and 0.00 seconds (0.00 work units)
Optimal objective -1.226935271e+02
Solver log file: 'gurobi_separation_gdpopt.ldbd_conopt_Linf.log'
Solver problem files: ('/tmp/tmpnytq6cuw.pyomo.lp',)
Read LP format model from file /tmp/tmpnytq6cuw.pyomo.lp
Reading time = 0.00 seconds
obj: 385 rows, 9 columns, 3465 nonzeros
Set parameter Presolve to value 0
Set parameter LogFile to value "gurobi_native.log"
Set parameter Threads to value 1
Gurobi Optimizer version 13.0.1 build v13.0.1rc0 (linux64 - "Oracle Linux Server 9.7")

CPU model: AMD EPYC 7643 48-Core Processor, instruction set [SSE2|AVX|AVX2]
Thread count: 48 physical cores, 96 logical processors, using up to 1 threads

Non-default parameters:
Presolve  0
Threads  1

Optimize a model with 385 rows, 9 columns and 3465 nonzeros (Max)
Model fingerprint: 0x9bedc662
Model has 9 linear objective coefficients
Coefficient statistics:
  Matrix range     [1e+00, 3e+00]
  Objective range  [1e+00, 3e+00]
  Bounds range     [0e+00, 0e+00]
  RHS range        [5e+01, 1e+08]


Iteration    Objective       Primal Inf.    Dual Inf.      Time
       0      handle free variables                          0s
      18    1.0000000e+08   0.000000e+00   0.000000e+00      0s

Solved in 18 iterations and 0.00 seconds (0.00 work units)
Optimal objective  1.000000000e+08
Solver log file: 'gurobi_separation_gdpopt.ldbd_conopt_Linf.log'
Solver problem files: ('/tmp/tmp20mp6cbx.pyomo.lp',)
Read LP format model from file /tmp/tmp20mp6cbx.pyomo.lp
Reading time = 0.00 seconds
obj: 385 rows, 9 columns, 3465 nonzeros
Set parameter Presolve to value 0
Set parameter LogFile to value "gurobi_native.log"
Set parameter Threads to value 1
Gurobi Optimizer version 13.0.1 build v13.0.1rc0 (linux64 - "Oracle Linux Server 9.7")

CPU model: AMD EPYC 7643 48-Core Processor, instruction set [SSE2|AVX|AVX2]
Thread count: 48 physical cores, 96 logical processors, using up to 1 threads

Non-default parameters:
Presolve  0
Threads  1

Optimize a model with 385 rows, 9 columns and 3465 nonzeros (Max)
Model fingerprint: 0x0c9f67e0
Model has 9 linear objective coefficients
Coefficient statistics:
  Matrix range     [1e+00, 3e+00]
  Objective range  [1e+00, 3e+00]
  Bounds range     [0e+00, 0e+00]
  RHS range        [5e+01, 1e+08]


Iteration    Objective       Primal Inf.    Dual Inf.      Time
       0      handle free variables                          0s
      30    1.0000000e+08   0.000000e+00   0.000000e+00      0s

Solved in 30 iterations and 0.00 seconds (0.00 work units)
Optimal objective  1.000000000e+08
Solver log file: 'gurobi_master_gdpopt.ldbd_conopt_Linf.log'
Solver problem files: ('/tmp/tmpc9blb2mp.pyomo.lp',)
Read LP format model from file /tmp/tmpc9blb2mp.pyomo.lp
Reading time = 0.00 seconds
obj: 3 rows, 9 columns, 18 nonzeros
Set parameter Presolve to value 0
Set parameter LogFile to value "gurobi_native.log"
Set parameter Threads to value 1
Gurobi Optimizer version 13.0.1 build v13.0.1rc0 (linux64 - "Oracle Linux Server 9.7")

CPU model: AMD EPYC 7643 48-Core Processor, instruction set [SSE2|AVX|AVX2]
Thread count: 48 physical cores, 96 logical processors, using up to 1 threads

Non-default parameters:
Presolve  0
Threads  1

Optimize a model with 3 rows, 9 columns and 18 nonzeros (Min)
Model fingerprint: 0xf7a172ac
Model has 1 linear objective coefficients
Variable types: 1 continuous, 8 integer (0 binary)
Coefficient statistics:
  Matrix range     [1e+00, 2e+08]
  Objective range  [1e+00, 1e+00]
  Bounds range     [1e+00, 3e+00]
  RHS range        [2e+00, 2e+08]
Warning: Model contains large matrix coefficients
         Consider reformulating model or setting NumericFocus parameter
         to avoid numerical issues.

Found heuristic solution: objective 1.000000e+08
Variable types: 1 continuous, 8 integer (0 binary)

Root relaxation: objective -5.000021e+07, 3 iterations, 0.00 seconds (0.00 work units)

    Nodes    |    Current Node    |     Objective Bounds      |     Work
 Expl Unexpl |  Obj  Depth IntInf | Incumbent    BestBd   Gap | It/Node Time

     0     0 -5.000e+07    0    2 1.0000e+08 -5.000e+07   150%     -    0s
H    0     0                    -124.9477110 -5.000e+07      -     -    0s
H    0     0                    -188.4494935 -5.000e+07      -     -    0s

Explored 1 nodes (3 simplex iterations) in 0.00 seconds (0.00 work units)
Thread count was 1 (of 96 available processors)

Solution count 3: -188.449 -124.948 1e+08 

Optimal solution found (tolerance 1.00e-04)
Best objective -1.884494934678e+02, best bound -1.884494935274e+02, gap 0.0000%
        3            Master   (1, 2, 2, 3, 3, 3, 3, 3)    -188.44949    -188.44949      0.00%    669.31  
        3         UB update   (1, 2, 2, 2, 3, 3, 3, 3)    -188.44949    -188.44949      0.00%    669.31  
        3   Anchor (promoted)   (1, 2, 2, 3, 3, 3, 3, 3)    -188.44949    -188.44949      0.00%    669.31  
LDBD bounds converged: UB=-188.44949342178782, LB=-188.44949346780777
Search path: (1, 2, 3, 3, 3, 3, 3, 3) -> (1, 1, 1, 1, 1, 1, 3, 3) -> (1, 3, 2, 3, 3, 3, 3, 3) -> (1, 2, 2, 3, 3, 3, 3, 3)
Anchor points: (1, 2, 3, 3, 3, 3, 3, 3) -> (1, 1, 1, 1, 1, 1, 3, 3) -> (1, 3, 2, 3, 3, 3, 3, 3) -> (1, 2, 2, 3, 3, 3, 3, 3)

Solved in 3 iterations and 669.31993 seconds
Optimal objective value -188.4494934218
Relative optimality gap 0.00000%

Problem: 
- Name: unknown
  Lower bound: -188.44949346780777
  Upper bound: -188.44949342178782
  Number of objectives: 1
  Number of constraints: 770
  Number of variables: 1485
  Number of binary variables: 21
  Number of integer variables: 0
  Number of continuous variables: 1464
  Number of nonzeros: None
  Sense: minimize
  Number of disjunctions: 8
Solver: 
- Name: GDPopt (22, 5, 13) - LDBD
  Status: ok
  User time: 669.3198837162927
  Wallclock time: 669.3198837162927
  Termination condition: optimal
  Iterations: 3
  Timing: main_timer_start_time: 5064381.994424767
total: 669.3198837162927

