Starting GDPopt version 22.5.13 using LDBD algorithm
iterlim: None
time_limit: 3600
tee: true
logger: <Logger pyomo.contrib.gdpopt (INFO)>
mip_solver: gurobi
mip_solver_args:
  keepfiles: true
  logfile: gurobi_master_gdpopt.ldbd_ipopt_L2_mode.log
  options: {'Presolve': 0, 'LogFile': 'gurobi_native.log', 'Threads': 1}
  symbolic_solver_labels: true
  tee: true
subproblem_solver: gams
subproblem_solver_args:
  add_options: ['option threads=1;']
  solver: ipopt
direction_norm: L2
starting_point: [1, 2]
logical_constraint_list: ComponentSet(['mode_transfer_lc1 (key=mode_transfer_lc1)', 'mode_transfer_lc2 (key=mode_transfer_lc2)'])
disjunction_list: None
infinity_output: 100000000.0
integer_tolerance: 1e-05
constraint_tolerance: 1e-06
variable_tolerance: 1e-08
subproblem_initialization_method: <function restore_vars_to_original_values at 0x7f66d948b9c0>
call_before_subproblem_solve: <class 'type'>
call_after_subproblem_solve: <class 'type'>
call_after_subproblem_feasible: <class 'type'>
force_subproblem_nlp: false
subproblem_presolve: true
tighten_nlp_var_bounds: false
round_discrete_vars: true
max_fbbt_iterations: 3
bound_tolerance: 1e-06
separation_solver: gurobi
separation_solver_args:
  keepfiles: true
  logfile: gurobi_separation_gdpopt.ldbd_ipopt_L2_mode.log
  options: {'Presolve': 0, 'LogFile': 'gurobi_native.log', 'Threads': 1}
  symbolic_solver_labels: true
  tee: true

If you use this software, you may cite the following:
            - Implementation:
            Chen, Q; Johnson, ES; Bernal, DE; Valentin, R; Kale, S;
            Bates, J; Siirola, JD; Grossmann, IE.
            Pyomo.GDP: an ecosystem for logic based modeling and optimization
            development.
            Optimization and Engineering, 2021.

Liñán, D. A.; Ricardez‐Sandoval, L. A. A Benders Decomposition Framework for the Optimization of Disjunctive Superstructures with Ordered Discrete Decisions. AIChE Journal 2023, 69 (5), e18008. https://doi.org/10.1002/aic.18008.
Original model has 770 constraints (42 nonlinear) and 8 disjunctions, with 1485 variables, of which 21 are binary, 0 are integer, and 1464 are continuous.
Reformulation Summary:
  Index | Ext Var | LB | UB | Associated Boolean Vars
      1 |       1 |  1 |  8 | mode_transfer[2,1], mode_transfer[3,1], mode_transfer[4,1], mode_transfer[5,1], mode_transfer[6,1], mode_transfer[7,1], mode_transfer[8,1], mode_transfer[9,1]
      2 |       1 |  1 |  8 | mode_transfer[2,2], mode_transfer[3,2], mode_transfer[4,2], mode_transfer[5,2], mode_transfer[6,2], mode_transfer[7,2], mode_transfer[8,2], mode_transfer[9,2]
=====================================================================================================
Iteration |   Search Type   |  External Variables  | Lower Bound | Upper Bound |   Gap    | Time(s)

        0     Initial point                 (1, 2)          -inf    -122.69353       inf%    138.95  *
        1    Skipped Anchor                 (1, 2)          -inf    -122.69353       inf%    138.96  
        1          Neighbor                 (1, 3)          -inf    -142.12012       inf%    263.20  *
Solver log file: 'gurobi_separation_gdpopt.ldbd_ipopt_L2_mode.log'
Solver problem files: ('/tmp/tmp1t7x28rx.pyomo.lp',)
Read LP format model from file /tmp/tmp1t7x28rx.pyomo.lp
Reading time = 0.00 seconds
obj: 4 rows, 3 columns, 12 nonzeros
Set parameter Presolve to value 0
Set parameter LogFile to value "gurobi_native.log"
Set parameter Threads to value 1
Gurobi Optimizer version 13.0.1 build v13.0.1rc0 (linux64 - "Oracle Linux Server 9.7")

CPU model: AMD EPYC 7643 48-Core Processor, instruction set [SSE2|AVX|AVX2]
Thread count: 48 physical cores, 96 logical processors, using up to 1 threads

Non-default parameters:
Presolve  0
Threads  1

Optimize a model with 4 rows, 3 columns and 12 nonzeros (Max)
Model fingerprint: 0xaa240892
Model has 3 linear objective coefficients
Coefficient statistics:
  Matrix range     [1e+00, 3e+00]
  Objective range  [1e+00, 2e+00]
  Bounds range     [0e+00, 0e+00]
  RHS range        [1e+02, 1e+08]


Iteration    Objective       Primal Inf.    Dual Inf.      Time
       0      handle free variables                          0s
       3   -1.2269353e+02   0.000000e+00   0.000000e+00      0s

Solved in 3 iterations and 0.00 seconds (0.00 work units)
Optimal objective -1.226935271e+02
Solver log file: 'gurobi_master_gdpopt.ldbd_ipopt_L2_mode.log'
Solver problem files: ('/tmp/tmp7nhy5yd9.pyomo.lp',)
Read LP format model from file /tmp/tmp7nhy5yd9.pyomo.lp
Reading time = 0.00 seconds
obj: 1 rows, 3 columns, 3 nonzeros
Set parameter Presolve to value 0
Set parameter LogFile to value "gurobi_native.log"
Set parameter Threads to value 1
Gurobi Optimizer version 13.0.1 build v13.0.1rc0 (linux64 - "Oracle Linux Server 9.7")

CPU model: AMD EPYC 7643 48-Core Processor, instruction set [SSE2|AVX|AVX2]
Thread count: 48 physical cores, 96 logical processors, using up to 1 threads

Non-default parameters:
Presolve  0
Threads  1

Optimize a model with 1 rows, 3 columns and 3 nonzeros (Min)
Model fingerprint: 0x737c10c0
Model has 1 linear objective coefficients
Variable types: 1 continuous, 2 integer (0 binary)
Coefficient statistics:
  Matrix range     [1e+00, 1e+08]
  Objective range  [1e+00, 1e+00]
  Bounds range     [1e+00, 8e+00]
  RHS range        [1e+08, 1e+08]
Warning: Model contains large matrix coefficients
         Consider reformulating model or setting NumericFocus parameter
         to avoid numerical issues.

Found heuristic solution: objective -6.00001e+08
Variable types: 1 continuous, 2 integer (0 binary)

Root relaxation: cutoff, 1 iterations, 0.00 seconds (0.00 work units)

    Nodes    |    Current Node    |     Objective Bounds      |     Work
 Expl Unexpl |  Obj  Depth IntInf | Incumbent    BestBd   Gap | It/Node Time

     0     0     cutoff    0      -6.000e+08 -6.000e+08  0.00%     -    0s

Explored 1 nodes (1 simplex iterations) in 0.00 seconds (0.00 work units)
Thread count was 1 (of 96 available processors)

Solution count 1: -6.00001e+08 
No other solutions better than -6.00001e+08

Optimal solution found (tolerance 1.00e-04)
Best objective -6.000008588547e+08, best bound -6.000008588547e+08, gap 0.0000%
        1            Master                 (1, 8)   -600000858.85469    -142.12012   422178586.23%    264.64  
        1         UB update                 (1, 3)   -600000858.85469    -142.12012   422178586.23%    264.64  
        2            Anchor                 (1, 8)   -600000858.85469    -142.12012   422178586.23%    511.84  
        2          Neighbor                 (2, 8)   -600000858.85469    -142.12012   422178586.23%    576.29  
        2          Neighbor                 (1, 7)   -600000858.85469    -142.12012   422178586.23%    596.08  
Solver log file: 'gurobi_separation_gdpopt.ldbd_ipopt_L2_mode.log'
Solver problem files: ('/tmp/tmpm0hd9pgg.pyomo.lp',)
Read LP format model from file /tmp/tmpm0hd9pgg.pyomo.lp
Reading time = 0.00 seconds
obj: 7 rows, 3 columns, 21 nonzeros
Set parameter Presolve to value 0
Set parameter LogFile to value "gurobi_native.log"
Set parameter Threads to value 1
Gurobi Optimizer version 13.0.1 build v13.0.1rc0 (linux64 - "Oracle Linux Server 9.7")

CPU model: AMD EPYC 7643 48-Core Processor, instruction set [SSE2|AVX|AVX2]
Thread count: 48 physical cores, 96 logical processors, using up to 1 threads

Non-default parameters:
Presolve  0
Threads  1

Optimize a model with 7 rows, 3 columns and 21 nonzeros (Max)
Model fingerprint: 0x33fb1144
Model has 3 linear objective coefficients
Coefficient statistics:
  Matrix range     [1e+00, 8e+00]
  Objective range  [1e+00, 2e+00]
  Bounds range     [0e+00, 0e+00]
  RHS range        [8e+01, 1e+08]


Iteration    Objective       Primal Inf.    Dual Inf.      Time
       0      handle free variables                          0s
       4   -1.2269353e+02   0.000000e+00   0.000000e+00      0s

Solved in 4 iterations and 0.00 seconds (0.00 work units)
Optimal objective -1.226935271e+02
Solver log file: 'gurobi_separation_gdpopt.ldbd_ipopt_L2_mode.log'
Solver problem files: ('/tmp/tmpgx4n_oyg.pyomo.lp',)
Read LP format model from file /tmp/tmpgx4n_oyg.pyomo.lp
Reading time = 0.00 seconds
obj: 7 rows, 3 columns, 21 nonzeros
Set parameter Presolve to value 0
Set parameter LogFile to value "gurobi_native.log"
Set parameter Threads to value 1
Gurobi Optimizer version 13.0.1 build v13.0.1rc0 (linux64 - "Oracle Linux Server 9.7")

CPU model: AMD EPYC 7643 48-Core Processor, instruction set [SSE2|AVX|AVX2]
Thread count: 48 physical cores, 96 logical processors, using up to 1 threads

Non-default parameters:
Presolve  0
Threads  1

Optimize a model with 7 rows, 3 columns and 21 nonzeros (Max)
Model fingerprint: 0x288a693b
Model has 3 linear objective coefficients
Coefficient statistics:
  Matrix range     [1e+00, 8e+00]
  Objective range  [1e+00, 8e+00]
  Bounds range     [0e+00, 0e+00]
  RHS range        [8e+01, 1e+08]


Iteration    Objective       Primal Inf.    Dual Inf.      Time
       0      handle free variables                          0s
       6   -8.2569650e+01   0.000000e+00   0.000000e+00      0s

Solved in 6 iterations and 0.00 seconds (0.00 work units)
Optimal objective -8.256964973e+01
Solver log file: 'gurobi_master_gdpopt.ldbd_ipopt_L2_mode.log'
Solver problem files: ('/tmp/tmpb5tcwu3s.pyomo.lp',)
Read LP format model from file /tmp/tmpb5tcwu3s.pyomo.lp
Reading time = 0.00 seconds
obj: 2 rows, 3 columns, 6 nonzeros
Set parameter Presolve to value 0
Set parameter LogFile to value "gurobi_native.log"
Set parameter Threads to value 1
Gurobi Optimizer version 13.0.1 build v13.0.1rc0 (linux64 - "Oracle Linux Server 9.7")

CPU model: AMD EPYC 7643 48-Core Processor, instruction set [SSE2|AVX|AVX2]
Thread count: 48 physical cores, 96 logical processors, using up to 1 threads

Non-default parameters:
Presolve  0
Threads  1

Optimize a model with 2 rows, 3 columns and 6 nonzeros (Min)
Model fingerprint: 0xd39b1a5e
Model has 1 linear objective coefficients
Variable types: 1 continuous, 2 integer (0 binary)
Coefficient statistics:
  Matrix range     [1e+00, 1e+08]
  Objective range  [1e+00, 1e+00]
  Bounds range     [1e+00, 8e+00]
  RHS range        [5e+02, 7e+07]
Warning: Model contains large matrix coefficients
         Consider reformulating model or setting NumericFocus parameter
         to avoid numerical issues.

Found heuristic solution: objective 1.666656e+07
Variable types: 1 continuous, 2 integer (0 binary)

Root relaxation: objective -4.299618e+02, 1 iterations, 0.00 seconds (0.00 work units)

    Nodes    |    Current Node    |     Objective Bounds      |     Work
 Expl Unexpl |  Obj  Depth IntInf | Incumbent    BestBd   Gap | It/Node Time

     0     0 -429.96176    0    1 1.6667e+07 -429.96176   100%     -    0s
H    0     0                    -372.0639656 -429.96176  15.6%     -    0s
     0     0     cutoff    0      -372.06397 -372.06397  0.00%     -    0s

Explored 1 nodes (1 simplex iterations) in 0.00 seconds (0.00 work units)
Thread count was 1 (of 96 available processors)

Solution count 2: -372.064 1.66666e+07 
No other solutions better than -372.064

Optimal solution found (tolerance 1.00e-04)
Best objective -3.720639656225e+02, best bound -3.720639656225e+02, gap 0.0000%
        2            Master                 (1, 3)    -372.06397    -142.12012    161.80%    596.11  
        2         UB update                 (1, 3)    -372.06397    -142.12012    161.80%    596.11  
        2   Anchor (promoted)                 (1, 3)    -372.06397    -142.12012    161.80%    596.11  
        3    Skipped Anchor                 (1, 3)    -372.06397    -142.12012    161.80%    596.11  
        3          Neighbor                 (2, 3)    -372.06397    -142.12012    161.80%    738.61  
        3          Neighbor                 (1, 4)    -372.06397    -188.44949     97.43%   1083.84  *
        3   Skipped Neighbor                 (1, 2)    -372.06397    -188.44949     97.43%   1083.84  
Solver log file: 'gurobi_separation_gdpopt.ldbd_ipopt_L2_mode.log'
Solver problem files: ('/tmp/tmpitxqw666.pyomo.lp',)
Read LP format model from file /tmp/tmpitxqw666.pyomo.lp
Reading time = 0.00 seconds
obj: 9 rows, 3 columns, 27 nonzeros
Set parameter Presolve to value 0
Set parameter LogFile to value "gurobi_native.log"
Set parameter Threads to value 1
Gurobi Optimizer version 13.0.1 build v13.0.1rc0 (linux64 - "Oracle Linux Server 9.7")

CPU model: AMD EPYC 7643 48-Core Processor, instruction set [SSE2|AVX|AVX2]
Thread count: 48 physical cores, 96 logical processors, using up to 1 threads

Non-default parameters:
Presolve  0
Threads  1

Optimize a model with 9 rows, 3 columns and 27 nonzeros (Max)
Model fingerprint: 0x6b81bd5c
Model has 3 linear objective coefficients
Coefficient statistics:
  Matrix range     [1e+00, 8e+00]
  Objective range  [1e+00, 2e+00]
  Bounds range     [0e+00, 0e+00]
  RHS range        [8e+01, 1e+08]


Iteration    Objective       Primal Inf.    Dual Inf.      Time
       0      handle free variables                          0s
       5   -1.2269353e+02   0.000000e+00   0.000000e+00      0s

Solved in 5 iterations and 0.00 seconds (0.00 work units)
Optimal objective -1.226935271e+02
Solver log file: 'gurobi_separation_gdpopt.ldbd_ipopt_L2_mode.log'
Solver problem files: ('/tmp/tmp03ytz_b4.pyomo.lp',)
Read LP format model from file /tmp/tmp03ytz_b4.pyomo.lp
Reading time = 0.00 seconds
obj: 9 rows, 3 columns, 27 nonzeros
Set parameter Presolve to value 0
Set parameter LogFile to value "gurobi_native.log"
Set parameter Threads to value 1
Gurobi Optimizer version 13.0.1 build v13.0.1rc0 (linux64 - "Oracle Linux Server 9.7")

CPU model: AMD EPYC 7643 48-Core Processor, instruction set [SSE2|AVX|AVX2]
Thread count: 48 physical cores, 96 logical processors, using up to 1 threads

Non-default parameters:
Presolve  0
Threads  1

Optimize a model with 9 rows, 3 columns and 27 nonzeros (Max)
Model fingerprint: 0x20c34657
Model has 3 linear objective coefficients
Coefficient statistics:
  Matrix range     [1e+00, 8e+00]
  Objective range  [1e+00, 8e+00]
  Bounds range     [0e+00, 0e+00]
  RHS range        [8e+01, 1e+08]


Iteration    Objective       Primal Inf.    Dual Inf.      Time
       0      handle free variables                          0s
       7   -8.2569650e+01   0.000000e+00   0.000000e+00      0s

Solved in 7 iterations and 0.00 seconds (0.00 work units)
Optimal objective -8.256964973e+01
Solver log file: 'gurobi_separation_gdpopt.ldbd_ipopt_L2_mode.log'
Solver problem files: ('/tmp/tmpt4jnrx05.pyomo.lp',)
Read LP format model from file /tmp/tmpt4jnrx05.pyomo.lp
Reading time = 0.00 seconds
obj: 9 rows, 3 columns, 27 nonzeros
Set parameter Presolve to value 0
Set parameter LogFile to value "gurobi_native.log"
Set parameter Threads to value 1
Gurobi Optimizer version 13.0.1 build v13.0.1rc0 (linux64 - "Oracle Linux Server 9.7")

CPU model: AMD EPYC 7643 48-Core Processor, instruction set [SSE2|AVX|AVX2]
Thread count: 48 physical cores, 96 logical processors, using up to 1 threads

Non-default parameters:
Presolve  0
Threads  1

Optimize a model with 9 rows, 3 columns and 27 nonzeros (Max)
Model fingerprint: 0xa80e3e52
Model has 3 linear objective coefficients
Coefficient statistics:
  Matrix range     [1e+00, 8e+00]
  Objective range  [1e+00, 3e+00]
  Bounds range     [0e+00, 0e+00]
  RHS range        [8e+01, 1e+08]


Iteration    Objective       Primal Inf.    Dual Inf.      Time
       0      handle free variables                          0s
       5   -1.5557151e+02   0.000000e+00   0.000000e+00      0s

Solved in 5 iterations and 0.00 seconds (0.00 work units)
Optimal objective -1.555715096e+02
Solver log file: 'gurobi_master_gdpopt.ldbd_ipopt_L2_mode.log'
Solver problem files: ('/tmp/tmp065p5yxa.pyomo.lp',)
Read LP format model from file /tmp/tmp065p5yxa.pyomo.lp
Reading time = 0.00 seconds
obj: 3 rows, 3 columns, 9 nonzeros
Set parameter Presolve to value 0
Set parameter LogFile to value "gurobi_native.log"
Set parameter Threads to value 1
Gurobi Optimizer version 13.0.1 build v13.0.1rc0 (linux64 - "Oracle Linux Server 9.7")

CPU model: AMD EPYC 7643 48-Core Processor, instruction set [SSE2|AVX|AVX2]
Thread count: 48 physical cores, 96 logical processors, using up to 1 threads

Non-default parameters:
Presolve  0
Threads  1

Optimize a model with 3 rows, 3 columns and 9 nonzeros (Min)
Model fingerprint: 0xfd2519cc
Model has 1 linear objective coefficients
Variable types: 1 continuous, 2 integer (0 binary)
Coefficient statistics:
  Matrix range     [1e+00, 8e+01]
  Objective range  [1e+00, 1e+00]
  Bounds range     [1e+00, 8e+00]
  RHS range        [1e+02, 5e+02]

Found heuristic solution: objective -89.8155446
Variable types: 1 continuous, 2 integer (0 binary)

Root relaxation: objective -2.339818e+02, 1 iterations, 0.00 seconds (0.00 work units)

    Nodes    |    Current Node    |     Objective Bounds      |     Work
 Expl Unexpl |  Obj  Depth IntInf | Incumbent    BestBd   Gap | It/Node Time

     0     0 -233.98176    0    1  -89.81554 -233.98176   161%     -    0s
H    0     0                    -198.3673761 -233.98176  18.0%     -    0s
H    0     0                    -221.3274746 -233.98176  5.72%     -    0s
     0     0     cutoff    0      -221.32747 -221.32747  0.00%     -    0s

Explored 1 nodes (1 simplex iterations) in 0.00 seconds (0.00 work units)
Thread count was 1 (of 96 available processors)

Solution count 3: -221.327 -198.367 -89.8155 
No other solutions better than -221.327

Optimal solution found (tolerance 1.00e-04)
Best objective -2.213274745816e+02, best bound -2.213274745816e+02, gap 0.0000%
        3            Master                 (1, 5)    -221.32747    -188.44949     17.45%   1083.87  
        3         UB update                 (1, 4)    -221.32747    -188.44949     17.45%   1083.87  
        4            Anchor                 (1, 5)    -221.32747    -188.44949     17.45%   1138.24  
        4          Neighbor                 (2, 5)    -221.32747    -188.44949     17.45%   1146.92  
        4          Neighbor                 (1, 6)    -221.32747    -188.44949     17.45%   1402.28  
        4   Skipped Neighbor                 (1, 4)    -221.32747    -188.44949     17.45%   1402.28  
Solver log file: 'gurobi_separation_gdpopt.ldbd_ipopt_L2_mode.log'
Solver problem files: ('/tmp/tmpznl1bzge.pyomo.lp',)
Read LP format model from file /tmp/tmpznl1bzge.pyomo.lp
Reading time = 0.00 seconds
obj: 12 rows, 3 columns, 36 nonzeros
Set parameter Presolve to value 0
Set parameter LogFile to value "gurobi_native.log"
Set parameter Threads to value 1
Gurobi Optimizer version 13.0.1 build v13.0.1rc0 (linux64 - "Oracle Linux Server 9.7")

CPU model: AMD EPYC 7643 48-Core Processor, instruction set [SSE2|AVX|AVX2]
Thread count: 48 physical cores, 96 logical processors, using up to 1 threads

Non-default parameters:
Presolve  0
Threads  1

Optimize a model with 12 rows, 3 columns and 36 nonzeros (Max)
Model fingerprint: 0xd1d5bd09
Model has 3 linear objective coefficients
Coefficient statistics:
  Matrix range     [1e+00, 8e+00]
  Objective range  [1e+00, 2e+00]
  Bounds range     [0e+00, 0e+00]
  RHS range        [8e+01, 1e+08]


Iteration    Objective       Primal Inf.    Dual Inf.      Time
       0      handle free variables                          0s
       5   -1.2269353e+02   0.000000e+00   0.000000e+00      0s

Solved in 5 iterations and 0.00 seconds (0.00 work units)
Optimal objective -1.226935271e+02
Solver log file: 'gurobi_separation_gdpopt.ldbd_ipopt_L2_mode.log'
Solver problem files: ('/tmp/tmp71ivwbq1.pyomo.lp',)
Read LP format model from file /tmp/tmp71ivwbq1.pyomo.lp
Reading time = 0.00 seconds
obj: 12 rows, 3 columns, 36 nonzeros
Set parameter Presolve to value 0
Set parameter LogFile to value "gurobi_native.log"
Set parameter Threads to value 1
Gurobi Optimizer version 13.0.1 build v13.0.1rc0 (linux64 - "Oracle Linux Server 9.7")

CPU model: AMD EPYC 7643 48-Core Processor, instruction set [SSE2|AVX|AVX2]
Thread count: 48 physical cores, 96 logical processors, using up to 1 threads

Non-default parameters:
Presolve  0
Threads  1

Optimize a model with 12 rows, 3 columns and 36 nonzeros (Max)
Model fingerprint: 0xd2fd64d6
Model has 3 linear objective coefficients
Coefficient statistics:
  Matrix range     [1e+00, 8e+00]
  Objective range  [1e+00, 8e+00]
  Bounds range     [0e+00, 0e+00]
  RHS range        [8e+01, 1e+08]


Iteration    Objective       Primal Inf.    Dual Inf.      Time
       0      handle free variables                          0s
       9   -8.2569650e+01   0.000000e+00   0.000000e+00      0s

Solved in 9 iterations and 0.00 seconds (0.00 work units)
Optimal objective -8.256964973e+01
Solver log file: 'gurobi_separation_gdpopt.ldbd_ipopt_L2_mode.log'
Solver problem files: ('/tmp/tmphsoo07d4.pyomo.lp',)
Read LP format model from file /tmp/tmphsoo07d4.pyomo.lp
Reading time = 0.00 seconds
obj: 12 rows, 3 columns, 36 nonzeros
Set parameter Presolve to value 0
Set parameter LogFile to value "gurobi_native.log"
Set parameter Threads to value 1
Gurobi Optimizer version 13.0.1 build v13.0.1rc0 (linux64 - "Oracle Linux Server 9.7")

CPU model: AMD EPYC 7643 48-Core Processor, instruction set [SSE2|AVX|AVX2]
Thread count: 48 physical cores, 96 logical processors, using up to 1 threads

Non-default parameters:
Presolve  0
Threads  1

Optimize a model with 12 rows, 3 columns and 36 nonzeros (Max)
Model fingerprint: 0x4fdd0add
Model has 3 linear objective coefficients
Coefficient statistics:
  Matrix range     [1e+00, 8e+00]
  Objective range  [1e+00, 3e+00]
  Bounds range     [0e+00, 0e+00]
  RHS range        [8e+01, 1e+08]


Iteration    Objective       Primal Inf.    Dual Inf.      Time
       0      handle free variables                          0s
       5   -1.5557151e+02   0.000000e+00   0.000000e+00      0s

Solved in 5 iterations and 0.00 seconds (0.00 work units)
Optimal objective -1.555715096e+02
Solver log file: 'gurobi_separation_gdpopt.ldbd_ipopt_L2_mode.log'
Solver problem files: ('/tmp/tmpp9d_tvbb.pyomo.lp',)
Read LP format model from file /tmp/tmpp9d_tvbb.pyomo.lp
Reading time = 0.00 seconds
obj: 12 rows, 3 columns, 36 nonzeros
Set parameter Presolve to value 0
Set parameter LogFile to value "gurobi_native.log"
Set parameter Threads to value 1
Gurobi Optimizer version 13.0.1 build v13.0.1rc0 (linux64 - "Oracle Linux Server 9.7")

CPU model: AMD EPYC 7643 48-Core Processor, instruction set [SSE2|AVX|AVX2]
Thread count: 48 physical cores, 96 logical processors, using up to 1 threads

Non-default parameters:
Presolve  0
Threads  1

Optimize a model with 12 rows, 3 columns and 36 nonzeros (Max)
Model fingerprint: 0xb3ed4c43
Model has 3 linear objective coefficients
Coefficient statistics:
  Matrix range     [1e+00, 8e+00]
  Objective range  [1e+00, 5e+00]
  Bounds range     [0e+00, 0e+00]
  RHS range        [8e+01, 1e+08]


Iteration    Objective       Primal Inf.    Dual Inf.      Time
       0      handle free variables                          0s
       8   -1.8652061e+02   0.000000e+00   0.000000e+00      0s

Solved in 8 iterations and 0.00 seconds (0.00 work units)
Optimal objective -1.865206149e+02
Solver log file: 'gurobi_master_gdpopt.ldbd_ipopt_L2_mode.log'
Solver problem files: ('/tmp/tmp_in9fqaq.pyomo.lp',)
Read LP format model from file /tmp/tmp_in9fqaq.pyomo.lp
Reading time = 0.00 seconds
obj: 4 rows, 3 columns, 12 nonzeros
Set parameter Presolve to value 0
Set parameter LogFile to value "gurobi_native.log"
Set parameter Threads to value 1
Gurobi Optimizer version 13.0.1 build v13.0.1rc0 (linux64 - "Oracle Linux Server 9.7")

CPU model: AMD EPYC 7643 48-Core Processor, instruction set [SSE2|AVX|AVX2]
Thread count: 48 physical cores, 96 logical processors, using up to 1 threads

Non-default parameters:
Presolve  0
Threads  1

Optimize a model with 4 rows, 3 columns and 12 nonzeros (Min)
Model fingerprint: 0x3d631d7b
Model has 1 linear objective coefficients
Variable types: 1 continuous, 2 integer (0 binary)
Coefficient statistics:
  Matrix range     [1e+00, 8e+01]
  Objective range  [1e+00, 1e+00]
  Bounds range     [1e+00, 8e+00]
  RHS range        [1e+02, 5e+02]

Found heuristic solution: objective -89.8155446
Variable types: 1 continuous, 2 integer (0 binary)

Root relaxation: objective -1.884495e+02, 3 iterations, 0.00 seconds (0.00 work units)

    Nodes    |    Current Node    |     Objective Bounds      |     Work
 Expl Unexpl |  Obj  Depth IntInf | Incumbent    BestBd   Gap | It/Node Time

*    0     0               0    -188.4494921 -188.44949  0.00%     -    0s

Explored 1 nodes (3 simplex iterations) in 0.00 seconds (0.00 work units)
Thread count was 1 (of 96 available processors)

Solution count 2: -188.449 -89.8155 
No other solutions better than -188.449

Optimal solution found (tolerance 1.00e-04)
Best objective -1.884494920929e+02, best bound -1.884494920929e+02, gap 0.0000%
        4            Master                 (1, 4)    -188.44949    -188.44949      0.00%   1402.32  
        4         UB update                 (1, 4)    -188.44949    -188.44949      0.00%   1402.32  
        4   Anchor (promoted)                 (1, 4)    -188.44949    -188.44949      0.00%   1402.32  
LDBD bounds converged: UB=-188.44949209288998, LB=-188.44949209288995
Search path: (1, 2) -> (1, 8) -> (1, 3) -> (1, 5) -> (1, 4)
Anchor points: (1, 2) -> (1, 8) -> (1, 3) -> (1, 5) -> (1, 4)

Solved in 4 iterations and 1402.32692 seconds
Optimal objective value -188.4494920929
Relative optimality gap 0.00000%

Problem: 
- Name: unknown
  Lower bound: -188.44949209288995
  Upper bound: -188.44949209288998
  Number of objectives: 1
  Number of constraints: 770
  Number of variables: 1485
  Number of binary variables: 21
  Number of integer variables: 0
  Number of continuous variables: 1464
  Number of nonzeros: None
  Sense: minimize
  Number of disjunctions: 8
Solver: 
- Name: GDPopt (22, 5, 13) - LDBD
  Status: ok
  User time: 1402.326876332052
  Wallclock time: 1402.326876332052
  Termination condition: optimal
  Iterations: 4
  Timing: main_timer_start_time: 5060973.694343992
total: 1402.326876332052

