Starting GDPopt version 22.5.13 using LDBD algorithm
iterlim: None
time_limit: 900
tee: true
logger: <Logger pyomo.contrib.gdpopt (INFO)>
mip_solver: gurobi
mip_solver_args:
  keepfiles: true
  logfile: gurobi_master_gdpopt.ldbd_conopt_L2.log
  options: {'Presolve': 0, 'LogFile': 'gurobi_native.log', 'Threads': 1}
  symbolic_solver_labels: true
  tee: true
subproblem_solver: gams
subproblem_solver_args:
  add_options: ['option threads=1;']
  solver: conopt
direction_norm: L2
starting_point: [1, 2, 3, 3, 3, 3]
logical_constraint_list: None
disjunction_list: ComponentSet(['d[1] (key=d[1])', 'd[2] (key=d[2])', 'd[3] (key=d[3])', 'd[4] (key=d[4])', 'd[5] (key=d[5])', 'd[6] (key=d[6])'])
infinity_output: 100000000.0
integer_tolerance: 1e-05
constraint_tolerance: 1e-06
variable_tolerance: 1e-08
subproblem_initialization_method: <function restore_vars_to_original_values at 0x7f72aea4b9c0>
call_before_subproblem_solve: <class 'type'>
call_after_subproblem_solve: <class 'type'>
call_after_subproblem_feasible: <class 'type'>
force_subproblem_nlp: false
subproblem_presolve: true
tighten_nlp_var_bounds: false
round_discrete_vars: true
max_fbbt_iterations: 3
bound_tolerance: 1e-06
separation_solver: gurobi
separation_solver_args:
  keepfiles: true
  logfile: gurobi_separation_gdpopt.ldbd_conopt_L2.log
  options: {'Presolve': 0, 'LogFile': 'gurobi_native.log', 'Threads': 1}
  symbolic_solver_labels: true
  tee: true

If you use this software, you may cite the following:
            - Implementation:
            Chen, Q; Johnson, ES; Bernal, DE; Valentin, R; Kale, S;
            Bates, J; Siirola, JD; Grossmann, IE.
            Pyomo.GDP: an ecosystem for logic based modeling and optimization
            development.
            Optimization and Engineering, 2021.

Liñán, D. A.; Ricardez‐Sandoval, L. A. A Benders Decomposition Framework for the Optimization of Disjunctive Superstructures with Ordered Discrete Decisions. AIChE Journal 2023, 69 (5), e18008. https://doi.org/10.1002/aic.18008.
Original model has 576 constraints (30 nonlinear) and 6 disjunctions, with 1113 variables, of which 15 are binary, 0 are integer, and 1098 are continuous.
Reformulation Summary:
  Index | Ext Var | LB | UB | Associated Boolean Vars
      1 |       1 |  1 |  3 | stage_mode[1,1].indicator_var, stage_mode[1,2].indicator_var, stage_mode[1,3].indicator_var
      2 |       1 |  1 |  3 | stage_mode[2,1].indicator_var, stage_mode[2,2].indicator_var, stage_mode[2,3].indicator_var
      3 |       1 |  1 |  3 | stage_mode[3,1].indicator_var, stage_mode[3,2].indicator_var, stage_mode[3,3].indicator_var
      4 |       1 |  1 |  3 | stage_mode[4,1].indicator_var, stage_mode[4,2].indicator_var, stage_mode[4,3].indicator_var
      5 |       1 |  1 |  3 | stage_mode[5,1].indicator_var, stage_mode[5,2].indicator_var, stage_mode[5,3].indicator_var
      6 |       1 |  1 |  3 | stage_mode[6,1].indicator_var, stage_mode[6,2].indicator_var, stage_mode[6,3].indicator_var
=====================================================================================================
Iteration |   Search Type   |  External Variables  | Lower Bound | Upper Bound |   Gap    | Time(s)

        0     Initial point     (1, 2, 3, 3, 3, 3)          -inf     -50.67925       inf%      5.86  *
        1    Skipped Anchor     (1, 2, 3, 3, 3, 3)          -inf     -50.67925       inf%      5.86  
        1          Neighbor     (1, 2, 2, 3, 3, 3)          -inf     -55.98749       inf%     15.47  *
Solver log file: 'gurobi_separation_gdpopt.ldbd_conopt_L2.log'
Solver problem files: ('/tmp/tmp952nk_y0.pyomo.lp',)
Read LP format model from file /tmp/tmp952nk_y0.pyomo.lp
Reading time = 0.00 seconds
obj: 8 rows, 7 columns, 56 nonzeros
Set parameter Presolve to value 0
Set parameter LogFile to value "gurobi_native.log"
Set parameter Threads to value 1
Gurobi Optimizer version 13.0.1 build v13.0.1rc0 (linux64 - "Oracle Linux Server 9.7")

CPU model: AMD EPYC 7643 48-Core Processor, instruction set [SSE2|AVX|AVX2]
Thread count: 48 physical cores, 96 logical processors, using up to 1 threads

Non-default parameters:
Presolve  0
Threads  1

Optimize a model with 8 rows, 7 columns and 56 nonzeros (Max)
Model fingerprint: 0xae5c24d1
Model has 7 linear objective coefficients
Coefficient statistics:
  Matrix range     [1e+00, 3e+00]
  Objective range  [1e+00, 3e+00]
  Bounds range     [0e+00, 0e+00]
  RHS range        [5e+01, 1e+08]


Iteration    Objective       Primal Inf.    Dual Inf.      Time
       0      handle free variables                          0s
       8   -5.0679250e+01   0.000000e+00   0.000000e+00      0s

Solved in 8 iterations and 0.00 seconds (0.00 work units)
Optimal objective -5.067924988e+01
Solver log file: 'gurobi_master_gdpopt.ldbd_conopt_L2.log'
Solver problem files: ('/tmp/tmpzw5l_02d.pyomo.lp',)
Read LP format model from file /tmp/tmpzw5l_02d.pyomo.lp
Reading time = 0.00 seconds
obj: 1 rows, 7 columns, 7 nonzeros
Set parameter Presolve to value 0
Set parameter LogFile to value "gurobi_native.log"
Set parameter Threads to value 1
Gurobi Optimizer version 13.0.1 build v13.0.1rc0 (linux64 - "Oracle Linux Server 9.7")

CPU model: AMD EPYC 7643 48-Core Processor, instruction set [SSE2|AVX|AVX2]
Thread count: 48 physical cores, 96 logical processors, using up to 1 threads

Non-default parameters:
Presolve  0
Threads  1

Optimize a model with 1 rows, 7 columns and 7 nonzeros (Min)
Model fingerprint: 0x0c435fcf
Model has 1 linear objective coefficients
Variable types: 1 continuous, 6 integer (0 binary)
Coefficient statistics:
  Matrix range     [1e+00, 1e+08]
  Objective range  [1e+00, 1e+00]
  Bounds range     [1e+00, 3e+00]
  RHS range        [1e+09, 1e+09]
Warning: Model contains large matrix coefficients
Warning: Model contains large rhs
         Consider reformulating model or setting NumericFocus parameter
         to avoid numerical issues.

Found heuristic solution: objective -1.00000e+08
Variable types: 1 continuous, 6 integer (0 binary)

Root relaxation: cutoff, 1 iterations, 0.00 seconds (0.00 work units)

    Nodes    |    Current Node    |     Objective Bounds      |     Work
 Expl Unexpl |  Obj  Depth IntInf | Incumbent    BestBd   Gap | It/Node Time

     0     0     cutoff    0      -1.000e+08 -1.000e+08  0.00%     -    0s

Explored 1 nodes (1 simplex iterations) in 0.00 seconds (0.00 work units)
Thread count was 1 (of 96 available processors)

Solution count 1: -1e+08 
No other solutions better than -1e+08

Optimal solution found (tolerance 1.00e-04)
Best objective -1.000001119750e+08, best bound -1.000001119750e+08, gap 0.0000%
        1            Master     (1, 3, 1, 3, 3, 3)   -100000111.97497     -55.98749   178611440.94%     18.93  
        1         UB update     (1, 2, 2, 3, 3, 3)   -100000111.97497     -55.98749   178611440.94%     18.93  
Solver log file: 'gurobi_separation_gdpopt.ldbd_conopt_L2.log'
Solver problem files: ('/tmp/tmpgbt9h6lv.pyomo.lp',)
Read LP format model from file /tmp/tmpgbt9h6lv.pyomo.lp
Reading time = 0.00 seconds
obj: 9 rows, 7 columns, 63 nonzeros
Set parameter Presolve to value 0
Set parameter LogFile to value "gurobi_native.log"
Set parameter Threads to value 1
Gurobi Optimizer version 13.0.1 build v13.0.1rc0 (linux64 - "Oracle Linux Server 9.7")

CPU model: AMD EPYC 7643 48-Core Processor, instruction set [SSE2|AVX|AVX2]
Thread count: 48 physical cores, 96 logical processors, using up to 1 threads

Non-default parameters:
Presolve  0
Threads  1

Optimize a model with 9 rows, 7 columns and 63 nonzeros (Max)
Model fingerprint: 0xffbcd287
Model has 7 linear objective coefficients
Coefficient statistics:
  Matrix range     [1e+00, 3e+00]
  Objective range  [1e+00, 3e+00]
  Bounds range     [0e+00, 0e+00]
  RHS range        [5e+01, 1e+08]


Iteration    Objective       Primal Inf.    Dual Inf.      Time
       0      handle free variables                          0s
       9   -5.0679250e+01   0.000000e+00   0.000000e+00      0s

Solved in 9 iterations and 0.00 seconds (0.00 work units)
Optimal objective -5.067924988e+01
Solver log file: 'gurobi_separation_gdpopt.ldbd_conopt_L2.log'
Solver problem files: ('/tmp/tmptb4we_ao.pyomo.lp',)
Read LP format model from file /tmp/tmptb4we_ao.pyomo.lp
Reading time = 0.00 seconds
obj: 9 rows, 7 columns, 63 nonzeros
Set parameter Presolve to value 0
Set parameter LogFile to value "gurobi_native.log"
Set parameter Threads to value 1
Gurobi Optimizer version 13.0.1 build v13.0.1rc0 (linux64 - "Oracle Linux Server 9.7")

CPU model: AMD EPYC 7643 48-Core Processor, instruction set [SSE2|AVX|AVX2]
Thread count: 48 physical cores, 96 logical processors, using up to 1 threads

Non-default parameters:
Presolve  0
Threads  1

Optimize a model with 9 rows, 7 columns and 63 nonzeros (Max)
Model fingerprint: 0x38e2160f
Model has 7 linear objective coefficients
Coefficient statistics:
  Matrix range     [1e+00, 3e+00]
  Objective range  [1e+00, 3e+00]
  Bounds range     [0e+00, 0e+00]
  RHS range        [5e+01, 1e+08]


Iteration    Objective       Primal Inf.    Dual Inf.      Time
       0      handle free variables                          0s
       8    1.0000000e+08   0.000000e+00   0.000000e+00      0s

Solved in 8 iterations and 0.00 seconds (0.00 work units)
Optimal objective  1.000000000e+08
Solver log file: 'gurobi_master_gdpopt.ldbd_conopt_L2.log'
Solver problem files: ('/tmp/tmp26rmy30n.pyomo.lp',)
Read LP format model from file /tmp/tmp26rmy30n.pyomo.lp
Reading time = 0.00 seconds
obj: 2 rows, 7 columns, 13 nonzeros
Set parameter Presolve to value 0
Set parameter LogFile to value "gurobi_native.log"
Set parameter Threads to value 1
Gurobi Optimizer version 13.0.1 build v13.0.1rc0 (linux64 - "Oracle Linux Server 9.7")

CPU model: AMD EPYC 7643 48-Core Processor, instruction set [SSE2|AVX|AVX2]
Thread count: 48 physical cores, 96 logical processors, using up to 1 threads

Non-default parameters:
Presolve  0
Threads  1

Optimize a model with 2 rows, 7 columns and 13 nonzeros (Min)
Model fingerprint: 0xe4cfabae
Model has 1 linear objective coefficients
Variable types: 1 continuous, 6 integer (0 binary)
Coefficient statistics:
  Matrix range     [1e+00, 1e+08]
  Objective range  [1e+00, 1e+00]
  Bounds range     [1e+00, 3e+00]
  RHS range        [6e+08, 1e+09]
Warning: Model contains large matrix coefficients
Warning: Model contains large rhs
         Consider reformulating model or setting NumericFocus parameter
         to avoid numerical issues.

Found heuristic solution: objective 9.999999e+07
Variable types: 1 continuous, 6 integer (0 binary)

Root relaxation: objective -5.864160e+01, 2 iterations, 0.00 seconds (0.00 work units)

    Nodes    |    Current Node    |     Objective Bounds      |     Work
 Expl Unexpl |  Obj  Depth IntInf | Incumbent    BestBd   Gap | It/Node Time

*    0     0               0     -58.6416045  -58.64160  0.00%     -    0s

Explored 1 nodes (2 simplex iterations) in 0.00 seconds (0.00 work units)
Thread count was 1 (of 96 available processors)

Solution count 2: -58.6416 1e+08 
No other solutions better than -58.6416

Optimal solution found (tolerance 1.00e-04)
Best objective -5.864160454943e+01, best bound -5.864160454943e+01, gap 0.0000%
        2            Master     (1, 2, 1, 3, 3, 3)     -58.64160     -55.98749      4.74%     20.06  
        2         UB update     (1, 2, 2, 3, 3, 3)     -58.64160     -55.98749      4.74%     20.06  
Solver log file: 'gurobi_separation_gdpopt.ldbd_conopt_L2.log'
Solver problem files: ('/tmp/tmpqdbiwq2u.pyomo.lp',)
Read LP format model from file /tmp/tmpqdbiwq2u.pyomo.lp
Reading time = 0.00 seconds
obj: 10 rows, 7 columns, 70 nonzeros
Set parameter Presolve to value 0
Set parameter LogFile to value "gurobi_native.log"
Set parameter Threads to value 1
Gurobi Optimizer version 13.0.1 build v13.0.1rc0 (linux64 - "Oracle Linux Server 9.7")

CPU model: AMD EPYC 7643 48-Core Processor, instruction set [SSE2|AVX|AVX2]
Thread count: 48 physical cores, 96 logical processors, using up to 1 threads

Non-default parameters:
Presolve  0
Threads  1

Optimize a model with 10 rows, 7 columns and 70 nonzeros (Max)
Model fingerprint: 0x9d2b3f60
Model has 7 linear objective coefficients
Coefficient statistics:
  Matrix range     [1e+00, 3e+00]
  Objective range  [1e+00, 3e+00]
  Bounds range     [0e+00, 0e+00]
  RHS range        [5e+01, 1e+08]


Iteration    Objective       Primal Inf.    Dual Inf.      Time
       0      handle free variables                          0s
       9   -5.0679250e+01   0.000000e+00   0.000000e+00      0s

Solved in 9 iterations and 0.00 seconds (0.00 work units)
Optimal objective -5.067924988e+01
Solver log file: 'gurobi_separation_gdpopt.ldbd_conopt_L2.log'
Solver problem files: ('/tmp/tmpd63kyzi2.pyomo.lp',)
Read LP format model from file /tmp/tmpd63kyzi2.pyomo.lp
Reading time = 0.00 seconds
obj: 10 rows, 7 columns, 70 nonzeros
Set parameter Presolve to value 0
Set parameter LogFile to value "gurobi_native.log"
Set parameter Threads to value 1
Gurobi Optimizer version 13.0.1 build v13.0.1rc0 (linux64 - "Oracle Linux Server 9.7")

CPU model: AMD EPYC 7643 48-Core Processor, instruction set [SSE2|AVX|AVX2]
Thread count: 48 physical cores, 96 logical processors, using up to 1 threads

Non-default parameters:
Presolve  0
Threads  1

Optimize a model with 10 rows, 7 columns and 70 nonzeros (Max)
Model fingerprint: 0xbf78a344
Model has 7 linear objective coefficients
Coefficient statistics:
  Matrix range     [1e+00, 3e+00]
  Objective range  [1e+00, 3e+00]
  Bounds range     [0e+00, 0e+00]
  RHS range        [5e+01, 1e+08]


Iteration    Objective       Primal Inf.    Dual Inf.      Time
       0      handle free variables                          0s
       8    1.0000000e+08   0.000000e+00   0.000000e+00      0s

Solved in 8 iterations and 0.00 seconds (0.00 work units)
Optimal objective  1.000000000e+08
Solver log file: 'gurobi_separation_gdpopt.ldbd_conopt_L2.log'
Solver problem files: ('/tmp/tmp2qetyrs0.pyomo.lp',)
Read LP format model from file /tmp/tmp2qetyrs0.pyomo.lp
Reading time = 0.00 seconds
obj: 10 rows, 7 columns, 70 nonzeros
Set parameter Presolve to value 0
Set parameter LogFile to value "gurobi_native.log"
Set parameter Threads to value 1
Gurobi Optimizer version 13.0.1 build v13.0.1rc0 (linux64 - "Oracle Linux Server 9.7")

CPU model: AMD EPYC 7643 48-Core Processor, instruction set [SSE2|AVX|AVX2]
Thread count: 48 physical cores, 96 logical processors, using up to 1 threads

Non-default parameters:
Presolve  0
Threads  1

Optimize a model with 10 rows, 7 columns and 70 nonzeros (Max)
Model fingerprint: 0xc92e3d34
Model has 7 linear objective coefficients
Coefficient statistics:
  Matrix range     [1e+00, 3e+00]
  Objective range  [1e+00, 3e+00]
  Bounds range     [0e+00, 0e+00]
  RHS range        [5e+01, 1e+08]


Iteration    Objective       Primal Inf.    Dual Inf.      Time
       0      handle free variables                          0s
       9    1.0000000e+08   0.000000e+00   0.000000e+00      0s

Solved in 9 iterations and 0.00 seconds (0.00 work units)
Optimal objective  1.000000000e+08
Solver log file: 'gurobi_master_gdpopt.ldbd_conopt_L2.log'
Solver problem files: ('/tmp/tmpwr6rxija.pyomo.lp',)
Read LP format model from file /tmp/tmpwr6rxija.pyomo.lp
Reading time = 0.00 seconds
obj: 3 rows, 7 columns, 20 nonzeros
Set parameter Presolve to value 0
Set parameter LogFile to value "gurobi_native.log"
Set parameter Threads to value 1
Gurobi Optimizer version 13.0.1 build v13.0.1rc0 (linux64 - "Oracle Linux Server 9.7")

CPU model: AMD EPYC 7643 48-Core Processor, instruction set [SSE2|AVX|AVX2]
Thread count: 48 physical cores, 96 logical processors, using up to 1 threads

Non-default parameters:
Presolve  0
Threads  1

Optimize a model with 3 rows, 7 columns and 20 nonzeros (Min)
Model fingerprint: 0xc6aff1bb
Model has 1 linear objective coefficients
Variable types: 1 continuous, 6 integer (0 binary)
Coefficient statistics:
  Matrix range     [1e+00, 2e+08]
  Objective range  [1e+00, 1e+00]
  Bounds range     [1e+00, 3e+00]
  RHS range        [6e+08, 2e+09]
Warning: Model contains large matrix coefficients
Warning: Model contains large rhs
         Consider reformulating model or setting NumericFocus parameter
         to avoid numerical issues.

Variable types: 1 continuous, 6 integer (0 binary)
Found heuristic solution: objective 1.000000e+08
Found heuristic solution: objective -55.9874865

Root relaxation: cutoff, 3 iterations, 0.00 seconds (0.00 work units)

    Nodes    |    Current Node    |     Objective Bounds      |     Work
 Expl Unexpl |  Obj  Depth IntInf | Incumbent    BestBd   Gap | It/Node Time

     0     0     cutoff    0       -55.98749  -55.98749  0.00%     -    0s

Explored 1 nodes (3 simplex iterations) in 0.00 seconds (0.00 work units)
Thread count was 1 (of 96 available processors)

Solution count 2: -55.9875 1e+08 
No other solutions better than -55.9875

Optimal solution found (tolerance 1.00e-04)
Best objective -5.598748651147e+01, best bound -5.598748651147e+01, gap 0.0000%
        3            Master     (1, 2, 2, 3, 3, 3)     -55.98749     -55.98749      0.00%     21.08  
        3         UB update     (1, 2, 2, 3, 3, 3)     -55.98749     -55.98749      0.00%     21.08  
        3   Anchor (promoted)     (1, 2, 2, 3, 3, 3)     -55.98749     -55.98749      0.00%     21.08  
LDBD bounds converged: UB=-55.98748627849156, LB=-55.9874865114689
Search path: (1, 2, 3, 3, 3, 3) -> (1, 3, 1, 3, 3, 3) -> (1, 2, 1, 3, 3, 3) -> (1, 2, 2, 3, 3, 3)
Anchor points: (1, 2, 3, 3, 3, 3) -> (1, 3, 1, 3, 3, 3) -> (1, 2, 1, 3, 3, 3) -> (1, 2, 2, 3, 3, 3)

Solved in 3 iterations and 21.08272 seconds
Optimal objective value -55.9874862785
Relative optimality gap 0.00000%

Problem: 
- Name: unknown
  Lower bound: -55.9874865114689
  Upper bound: -55.98748627849156
  Number of objectives: 1
  Number of constraints: 576
  Number of variables: 1113
  Number of binary variables: 15
  Number of integer variables: 0
  Number of continuous variables: 1098
  Number of nonzeros: None
  Sense: minimize
  Number of disjunctions: 6
Solver: 
- Name: GDPopt (22, 5, 13) - LDBD
  Status: ok
  User time: 21.082677067257464
  Wallclock time: 21.082677067257464
  Termination condition: optimal
  Iterations: 3
  Timing: main_timer_start_time: 5047031.412474499
total: 21.082677067257464

