Starting GDPopt version 22.5.13 using LDBD algorithm
iterlim: None
time_limit: 7200
tee: true
logger: <Logger pyomo.contrib.gdpopt (INFO)>
mip_solver: gurobi
mip_solver_args:
  keepfiles: true
  logfile: gurobi_master_gdpopt.ldbd_conopt_Linf.log
  options: {'Presolve': 0, 'LogFile': 'gurobi_native.log', 'Threads': 1}
  symbolic_solver_labels: true
  tee: true
subproblem_solver: gams
subproblem_solver_args:
  add_options: ['option threads=1;']
  solver: conopt
direction_norm: Linf
starting_point: [1, 2, 3, 3, 3, 3, 3, 3, 3]
logical_constraint_list: None
disjunction_list: ComponentSet(['d[1] (key=d[1])', 'd[2] (key=d[2])', 'd[3] (key=d[3])', 'd[4] (key=d[4])', 'd[5] (key=d[5])', 'd[6] (key=d[6])', 'd[7] (key=d[7])', 'd[8] (key=d[8])', 'd[9] (key=d[9])'])
infinity_output: 100000000.0
integer_tolerance: 1e-05
constraint_tolerance: 1e-06
variable_tolerance: 1e-08
subproblem_initialization_method: <function restore_vars_to_original_values at 0x7efca8c839c0>
call_before_subproblem_solve: <class 'type'>
call_after_subproblem_solve: <class 'type'>
call_after_subproblem_feasible: <class 'type'>
force_subproblem_nlp: false
subproblem_presolve: true
tighten_nlp_var_bounds: false
round_discrete_vars: true
max_fbbt_iterations: 3
bound_tolerance: 1e-06
separation_solver: gurobi
separation_solver_args:
  keepfiles: true
  logfile: gurobi_separation_gdpopt.ldbd_conopt_Linf.log
  options: {'Presolve': 0, 'LogFile': 'gurobi_native.log', 'Threads': 1}
  symbolic_solver_labels: true
  tee: true

If you use this software, you may cite the following:
            - Implementation:
            Chen, Q; Johnson, ES; Bernal, DE; Valentin, R; Kale, S;
            Bates, J; Siirola, JD; Grossmann, IE.
            Pyomo.GDP: an ecosystem for logic based modeling and optimization
            development.
            Optimization and Engineering, 2021.

Liñán, D. A.; Ricardez‐Sandoval, L. A. A Benders Decomposition Framework for the Optimization of Disjunctive Superstructures with Ordered Discrete Decisions. AIChE Journal 2023, 69 (5), e18008. https://doi.org/10.1002/aic.18008.
Original model has 867 constraints (48 nonlinear) and 9 disjunctions, with 1671 variables, of which 24 are binary, 0 are integer, and 1647 are continuous.
Reformulation Summary:
  Index | Ext Var | LB | UB | Associated Boolean Vars
      1 |       1 |  1 |  3 | stage_mode[1,1].indicator_var, stage_mode[1,2].indicator_var, stage_mode[1,3].indicator_var
      2 |       1 |  1 |  3 | stage_mode[2,1].indicator_var, stage_mode[2,2].indicator_var, stage_mode[2,3].indicator_var
      3 |       1 |  1 |  3 | stage_mode[3,1].indicator_var, stage_mode[3,2].indicator_var, stage_mode[3,3].indicator_var
      4 |       1 |  1 |  3 | stage_mode[4,1].indicator_var, stage_mode[4,2].indicator_var, stage_mode[4,3].indicator_var
      5 |       1 |  1 |  3 | stage_mode[5,1].indicator_var, stage_mode[5,2].indicator_var, stage_mode[5,3].indicator_var
      6 |       1 |  1 |  3 | stage_mode[6,1].indicator_var, stage_mode[6,2].indicator_var, stage_mode[6,3].indicator_var
      7 |       1 |  1 |  3 | stage_mode[7,1].indicator_var, stage_mode[7,2].indicator_var, stage_mode[7,3].indicator_var
      8 |       1 |  1 |  3 | stage_mode[8,1].indicator_var, stage_mode[8,2].indicator_var, stage_mode[8,3].indicator_var
      9 |       1 |  1 |  3 | stage_mode[9,1].indicator_var, stage_mode[9,2].indicator_var, stage_mode[9,3].indicator_var
=====================================================================================================
Iteration |   Search Type   |  External Variables  | Lower Bound | Upper Bound |   Gap    | Time(s)

        0     Initial point   (1, 2, 3, 3, 3, 3, 3, 3, 3)          -inf    -197.14013       inf%     10.35  *
        1    Skipped Anchor   (1, 2, 3, 3, 3, 3, 3, 3, 3)          -inf    -197.14013       inf%     10.36  
        1          Neighbor   (1, 1, 2, 2, 2, 2, 2, 2, 2)          -inf    -197.14013       inf%     23.75  
        1          Neighbor   (1, 1, 2, 2, 2, 2, 2, 2, 3)          -inf    -197.14013       inf%     40.73  
        1          Neighbor   (1, 1, 2, 2, 2, 2, 2, 3, 3)          -inf    -197.14013       inf%     58.73  
        1          Neighbor   (1, 1, 2, 2, 2, 2, 3, 3, 3)          -inf    -197.14013       inf%     76.52  
        1          Neighbor   (1, 1, 2, 2, 2, 3, 3, 3, 3)          -inf    -197.14013       inf%    102.34  
        1          Neighbor   (1, 1, 2, 2, 3, 3, 3, 3, 3)          -inf    -197.14013       inf%    143.44  
        1          Neighbor   (1, 1, 2, 3, 3, 3, 3, 3, 3)          -inf    -197.14013       inf%    212.70  
        1          Neighbor   (1, 2, 2, 2, 2, 2, 2, 2, 2)          -inf    -197.14013       inf%    327.74  
        1          Neighbor   (1, 2, 2, 2, 2, 2, 2, 2, 3)          -inf    -197.14013       inf%    338.29  
        1          Neighbor   (1, 2, 2, 2, 2, 2, 2, 3, 3)          -inf    -197.14013       inf%    350.26  
        1          Neighbor   (1, 2, 2, 2, 2, 2, 3, 3, 3)          -inf    -197.14013       inf%    365.56  
        1          Neighbor   (1, 2, 2, 2, 2, 3, 3, 3, 3)          -inf    -207.62612       inf%    387.60  *
        1          Neighbor   (1, 2, 2, 2, 3, 3, 3, 3, 3)          -inf    -212.00879       inf%    421.97  *
        1          Neighbor   (1, 2, 2, 3, 3, 3, 3, 3, 3)          -inf    -212.00879       inf%    485.76  
        1          Neighbor   (2, 3, 3, 3, 3, 3, 3, 3, 3)          -inf    -212.00879       inf%   1412.44  
Solver log file: 'gurobi_separation_gdpopt.ldbd_conopt_Linf.log'
Solver problem files: ('/tmp/tmpwsoska7s.pyomo.lp',)
Read LP format model from file /tmp/tmpwsoska7s.pyomo.lp
Reading time = 0.00 seconds
obj: 768 rows, 10 columns, 7680 nonzeros
Set parameter Presolve to value 0
Set parameter LogFile to value "gurobi_native.log"
Set parameter Threads to value 1
Gurobi Optimizer version 13.0.1 build v13.0.1rc0 (linux64 - "Oracle Linux Server 9.7")

CPU model: AMD EPYC 7643 48-Core Processor, instruction set [SSE2|AVX|AVX2]
Thread count: 48 physical cores, 96 logical processors, using up to 1 threads

Non-default parameters:
Presolve  0
Threads  1

Optimize a model with 768 rows, 10 columns and 7680 nonzeros (Max)
Model fingerprint: 0x81a8c6c3
Model has 10 linear objective coefficients
Coefficient statistics:
  Matrix range     [1e+00, 3e+00]
  Objective range  [1e+00, 3e+00]
  Bounds range     [0e+00, 0e+00]
  RHS range        [7e+01, 1e+08]


Iteration    Objective       Primal Inf.    Dual Inf.      Time
       0      handle free variables                          0s
      27   -1.9714013e+02   0.000000e+00   0.000000e+00      0s

Solved in 27 iterations and 0.00 seconds (0.00 work units)
Optimal objective -1.971401312e+02
Solver log file: 'gurobi_master_gdpopt.ldbd_conopt_Linf.log'
Solver problem files: ('/tmp/tmpbue2w4q5.pyomo.lp',)
Read LP format model from file /tmp/tmpbue2w4q5.pyomo.lp
Reading time = 0.00 seconds
obj: 1 rows, 5 columns, 5 nonzeros
Set parameter Presolve to value 0
Set parameter LogFile to value "gurobi_native.log"
Set parameter Threads to value 1
Gurobi Optimizer version 13.0.1 build v13.0.1rc0 (linux64 - "Oracle Linux Server 9.7")

CPU model: AMD EPYC 7643 48-Core Processor, instruction set [SSE2|AVX|AVX2]
Thread count: 48 physical cores, 96 logical processors, using up to 1 threads

Non-default parameters:
Presolve  0
Threads  1

Optimize a model with 1 rows, 5 columns and 5 nonzeros (Min)
Model fingerprint: 0x7c5af631
Model has 1 linear objective coefficients
Variable types: 1 continuous, 4 integer (0 binary)
Coefficient statistics:
  Matrix range     [1e+00, 1e+08]
  Objective range  [1e+00, 1e+00]
  Bounds range     [1e+00, 3e+00]
  RHS range        [1e+02, 1e+02]
Warning: Model contains large matrix coefficients
         Consider reformulating model or setting NumericFocus parameter
         to avoid numerical issues.

Found heuristic solution: objective -197.1401312
Found heuristic solution: objective -2.00000e+08
Variable types: 1 continuous, 4 integer (0 binary)

Root relaxation: cutoff, 1 iterations, 0.00 seconds (0.00 work units)

    Nodes    |    Current Node    |     Objective Bounds      |     Work
 Expl Unexpl |  Obj  Depth IntInf | Incumbent    BestBd   Gap | It/Node Time

     0     0     cutoff    0      -2.000e+08 -2.000e+08  0.00%     -    0s

Explored 1 nodes (1 simplex iterations) in 0.00 seconds (0.00 work units)
Thread count was 1 (of 96 available processors)

Solution count 2: -2e+08 -197.14 
No other solutions better than -2e+08

Optimal solution found (tolerance 1.00e-04)
Best objective -2.000003722079e+08, best bound -2.000003722079e+08, gap 0.0000%
        1            Master   (1, 1, 1, 1, 1, 1, 1, 3, 3)   -200000372.20791    -212.00879   94335788.10%   1412.49  
        1         UB update   (1, 2, 2, 2, 3, 3, 3, 3, 3)   -200000372.20791    -212.00879   94335788.10%   1412.49  
Solver log file: 'gurobi_separation_gdpopt.ldbd_conopt_Linf.log'
Solver problem files: ('/tmp/tmpjwtvnrp9.pyomo.lp',)
Read LP format model from file /tmp/tmpjwtvnrp9.pyomo.lp
Reading time = 0.00 seconds
obj: 769 rows, 10 columns, 7690 nonzeros
Set parameter Presolve to value 0
Set parameter LogFile to value "gurobi_native.log"
Set parameter Threads to value 1
Gurobi Optimizer version 13.0.1 build v13.0.1rc0 (linux64 - "Oracle Linux Server 9.7")

CPU model: AMD EPYC 7643 48-Core Processor, instruction set [SSE2|AVX|AVX2]
Thread count: 48 physical cores, 96 logical processors, using up to 1 threads

Non-default parameters:
Presolve  0
Threads  1

Optimize a model with 769 rows, 10 columns and 7690 nonzeros (Max)
Model fingerprint: 0xdc1ab187
Model has 10 linear objective coefficients
Coefficient statistics:
  Matrix range     [1e+00, 3e+00]
  Objective range  [1e+00, 3e+00]
  Bounds range     [0e+00, 0e+00]
  RHS range        [7e+01, 1e+08]


Iteration    Objective       Primal Inf.    Dual Inf.      Time
       0      handle free variables                          0s
      28   -1.9714013e+02   0.000000e+00   0.000000e+00      0s

Solved in 28 iterations and 0.00 seconds (0.00 work units)
Optimal objective -1.971401312e+02
Solver log file: 'gurobi_separation_gdpopt.ldbd_conopt_Linf.log'
Solver problem files: ('/tmp/tmpkq1bc6j5.pyomo.lp',)
Read LP format model from file /tmp/tmpkq1bc6j5.pyomo.lp
Reading time = 0.00 seconds
obj: 769 rows, 10 columns, 7690 nonzeros
Set parameter Presolve to value 0
Set parameter LogFile to value "gurobi_native.log"
Set parameter Threads to value 1
Gurobi Optimizer version 13.0.1 build v13.0.1rc0 (linux64 - "Oracle Linux Server 9.7")

CPU model: AMD EPYC 7643 48-Core Processor, instruction set [SSE2|AVX|AVX2]
Thread count: 48 physical cores, 96 logical processors, using up to 1 threads

Non-default parameters:
Presolve  0
Threads  1

Optimize a model with 769 rows, 10 columns and 7690 nonzeros (Max)
Model fingerprint: 0xcf88a66e
Model has 10 linear objective coefficients
Coefficient statistics:
  Matrix range     [1e+00, 3e+00]
  Objective range  [1e+00, 3e+00]
  Bounds range     [0e+00, 0e+00]
  RHS range        [7e+01, 1e+08]


Iteration    Objective       Primal Inf.    Dual Inf.      Time
       0      handle free variables                          0s
      22    1.0000000e+08   0.000000e+00   0.000000e+00      0s

Solved in 22 iterations and 0.00 seconds (0.00 work units)
Optimal objective  1.000000000e+08
Solver log file: 'gurobi_master_gdpopt.ldbd_conopt_Linf.log'
Solver problem files: ('/tmp/tmprzynewq7.pyomo.lp',)
Read LP format model from file /tmp/tmprzynewq7.pyomo.lp
Reading time = 0.00 seconds
obj: 2 rows, 10 columns, 16 nonzeros
Set parameter Presolve to value 0
Set parameter LogFile to value "gurobi_native.log"
Set parameter Threads to value 1
Gurobi Optimizer version 13.0.1 build v13.0.1rc0 (linux64 - "Oracle Linux Server 9.7")

CPU model: AMD EPYC 7643 48-Core Processor, instruction set [SSE2|AVX|AVX2]
Thread count: 48 physical cores, 96 logical processors, using up to 1 threads

Non-default parameters:
Presolve  0
Threads  1

Optimize a model with 2 rows, 10 columns and 16 nonzeros (Min)
Model fingerprint: 0x6bf90a67
Model has 1 linear objective coefficients
Variable types: 1 continuous, 9 integer (0 binary)
Coefficient statistics:
  Matrix range     [1e-08, 1e+08]
  Objective range  [1e+00, 1e+00]
  Bounds range     [1e+00, 3e+00]
  RHS range        [1e+02, 1e+08]
Warning: Model contains large matrix coefficient range
         Consider reformulating model or setting NumericFocus parameter
         to avoid numerical issues.

Found heuristic solution: objective 9.999998e+07
Variable types: 1 continuous, 9 integer (0 binary)

Root relaxation: objective -1.000004e+08, 2 iterations, 0.00 seconds (0.00 work units)

    Nodes    |    Current Node    |     Objective Bounds      |     Work
 Expl Unexpl |  Obj  Depth IntInf | Incumbent    BestBd   Gap | It/Node Time

*    0     0               0    -1.00000e+08 -1.000e+08  0.00%     -    0s

Explored 1 nodes (2 simplex iterations) in 0.00 seconds (0.00 work units)
Thread count was 1 (of 96 available processors)

Solution count 2: -1e+08 1e+08 
No other solutions better than -1e+08

Optimal solution found (tolerance 1.00e-04)
Best objective -1.000003894797e+08, best bound -1.000003894797e+08, gap 0.0000%
        2            Master   (1, 3, 3, 3, 2, 3, 3, 3, 3)   -100000389.47969    -212.00879   47167939.98%   1414.48  
        2         UB update   (1, 2, 2, 2, 3, 3, 3, 3, 3)   -100000389.47969    -212.00879   47167939.98%   1414.48  
        2   Anchor (promoted)   (1, 3, 3, 3, 2, 3, 3, 3, 3)   -100000389.47969    -212.00879   47167939.98%   1414.48  
        3    Skipped Anchor   (1, 3, 3, 3, 2, 3, 3, 3, 3)   -100000389.47969    -212.00879   47167939.98%   1414.48  
Solver log file: 'gurobi_separation_gdpopt.ldbd_conopt_Linf.log'
Solver problem files: ('/tmp/tmp_8wgtza5.pyomo.lp',)
Read LP format model from file /tmp/tmp_8wgtza5.pyomo.lp
Reading time = 0.00 seconds
obj: 769 rows, 10 columns, 7690 nonzeros
Set parameter Presolve to value 0
Set parameter LogFile to value "gurobi_native.log"
Set parameter Threads to value 1
Gurobi Optimizer version 13.0.1 build v13.0.1rc0 (linux64 - "Oracle Linux Server 9.7")

CPU model: AMD EPYC 7643 48-Core Processor, instruction set [SSE2|AVX|AVX2]
Thread count: 48 physical cores, 96 logical processors, using up to 1 threads

Non-default parameters:
Presolve  0
Threads  1

Optimize a model with 769 rows, 10 columns and 7690 nonzeros (Max)
Model fingerprint: 0xdc1ab187
Model has 10 linear objective coefficients
Coefficient statistics:
  Matrix range     [1e+00, 3e+00]
  Objective range  [1e+00, 3e+00]
  Bounds range     [0e+00, 0e+00]
  RHS range        [7e+01, 1e+08]


Iteration    Objective       Primal Inf.    Dual Inf.      Time
       0      handle free variables                          0s
      28   -1.9714013e+02   0.000000e+00   0.000000e+00      0s

Solved in 28 iterations and 0.00 seconds (0.00 work units)
Optimal objective -1.971401312e+02
Solver log file: 'gurobi_separation_gdpopt.ldbd_conopt_Linf.log'
Solver problem files: ('/tmp/tmpyurb4wvf.pyomo.lp',)
Read LP format model from file /tmp/tmpyurb4wvf.pyomo.lp
Reading time = 0.00 seconds
obj: 769 rows, 10 columns, 7690 nonzeros
Set parameter Presolve to value 0
Set parameter LogFile to value "gurobi_native.log"
Set parameter Threads to value 1
Gurobi Optimizer version 13.0.1 build v13.0.1rc0 (linux64 - "Oracle Linux Server 9.7")

CPU model: AMD EPYC 7643 48-Core Processor, instruction set [SSE2|AVX|AVX2]
Thread count: 48 physical cores, 96 logical processors, using up to 1 threads

Non-default parameters:
Presolve  0
Threads  1

Optimize a model with 769 rows, 10 columns and 7690 nonzeros (Max)
Model fingerprint: 0xcf88a66e
Model has 10 linear objective coefficients
Coefficient statistics:
  Matrix range     [1e+00, 3e+00]
  Objective range  [1e+00, 3e+00]
  Bounds range     [0e+00, 0e+00]
  RHS range        [7e+01, 1e+08]


Iteration    Objective       Primal Inf.    Dual Inf.      Time
       0      handle free variables                          0s
      22    1.0000000e+08   0.000000e+00   0.000000e+00      0s

Solved in 22 iterations and 0.00 seconds (0.00 work units)
Optimal objective  1.000000000e+08
Solver log file: 'gurobi_separation_gdpopt.ldbd_conopt_Linf.log'
Solver problem files: ('/tmp/tmp56tdmc12.pyomo.lp',)
Read LP format model from file /tmp/tmp56tdmc12.pyomo.lp
Reading time = 0.00 seconds
obj: 769 rows, 10 columns, 7690 nonzeros
Set parameter Presolve to value 0
Set parameter LogFile to value "gurobi_native.log"
Set parameter Threads to value 1
Gurobi Optimizer version 13.0.1 build v13.0.1rc0 (linux64 - "Oracle Linux Server 9.7")

CPU model: AMD EPYC 7643 48-Core Processor, instruction set [SSE2|AVX|AVX2]
Thread count: 48 physical cores, 96 logical processors, using up to 1 threads

Non-default parameters:
Presolve  0
Threads  1

Optimize a model with 769 rows, 10 columns and 7690 nonzeros (Max)
Model fingerprint: 0xf94e8e6e
Model has 10 linear objective coefficients
Coefficient statistics:
  Matrix range     [1e+00, 3e+00]
  Objective range  [1e+00, 3e+00]
  Bounds range     [0e+00, 0e+00]
  RHS range        [7e+01, 1e+08]


Iteration    Objective       Primal Inf.    Dual Inf.      Time
       0      handle free variables                          0s
      27    1.0000000e+08   0.000000e+00   0.000000e+00      0s

Solved in 27 iterations and 0.00 seconds (0.00 work units)
Optimal objective  1.000000000e+08
Solver log file: 'gurobi_master_gdpopt.ldbd_conopt_Linf.log'
Solver problem files: ('/tmp/tmp2j_l0t9m.pyomo.lp',)
Read LP format model from file /tmp/tmp2j_l0t9m.pyomo.lp
Reading time = 0.00 seconds
obj: 3 rows, 10 columns, 19 nonzeros
Set parameter Presolve to value 0
Set parameter LogFile to value "gurobi_native.log"
Set parameter Threads to value 1
Gurobi Optimizer version 13.0.1 build v13.0.1rc0 (linux64 - "Oracle Linux Server 9.7")

CPU model: AMD EPYC 7643 48-Core Processor, instruction set [SSE2|AVX|AVX2]
Thread count: 48 physical cores, 96 logical processors, using up to 1 threads

Non-default parameters:
Presolve  0
Threads  1

Optimize a model with 3 rows, 10 columns and 19 nonzeros (Min)
Model fingerprint: 0x41f6a3aa
Model has 1 linear objective coefficients
Variable types: 1 continuous, 9 integer (0 binary)
Coefficient statistics:
  Matrix range     [1e-08, 2e+08]
  Objective range  [1e+00, 1e+00]
  Bounds range     [1e+00, 3e+00]
  RHS range        [1e+02, 2e+08]
Warning: Model contains large matrix coefficient range
         Consider reformulating model or setting NumericFocus parameter
         to avoid numerical issues.

Found heuristic solution: objective 1.000000e+08
Variable types: 1 continuous, 9 integer (0 binary)

Root relaxation: objective -5.000027e+07, 3 iterations, 0.00 seconds (0.00 work units)

    Nodes    |    Current Node    |     Objective Bounds      |     Work
 Expl Unexpl |  Obj  Depth IntInf | Incumbent    BestBd   Gap | It/Node Time

     0     0 -5.000e+07    0    2 1.0000e+08 -5.000e+07   150%     -    0s
H    0     0                    -199.8338695 -5.000e+07      -     -    0s
H    0     0                    -213.7157153 -5.000e+07      -     -    0s

Explored 1 nodes (3 simplex iterations) in 0.00 seconds (0.00 work units)
Thread count was 1 (of 96 available processors)

Solution count 3: -213.716 -199.834 1e+08 
No other solutions better than -213.716

Optimal solution found (tolerance 1.00e-04)
Best objective -2.137157152891e+02, best bound -2.137157152891e+02, gap 0.0000%
        3            Master   (1, 3, 2, 3, 3, 3, 3, 3, 3)    -213.71572    -212.00879      0.81%   1414.62  
        3         UB update   (1, 2, 2, 2, 3, 3, 3, 3, 3)    -213.71572    -212.00879      0.81%   1414.62  
        3   Anchor (promoted)   (1, 3, 2, 3, 3, 3, 3, 3, 3)    -213.71572    -212.00879      0.81%   1414.62  
        4    Skipped Anchor   (1, 3, 2, 3, 3, 3, 3, 3, 3)    -213.71572    -212.00879      0.81%   1414.62  
Solver log file: 'gurobi_separation_gdpopt.ldbd_conopt_Linf.log'
Solver problem files: ('/tmp/tmp6jcfbg_b.pyomo.lp',)
Read LP format model from file /tmp/tmp6jcfbg_b.pyomo.lp
Reading time = 0.00 seconds
obj: 769 rows, 10 columns, 7690 nonzeros
Set parameter Presolve to value 0
Set parameter LogFile to value "gurobi_native.log"
Set parameter Threads to value 1
Gurobi Optimizer version 13.0.1 build v13.0.1rc0 (linux64 - "Oracle Linux Server 9.7")

CPU model: AMD EPYC 7643 48-Core Processor, instruction set [SSE2|AVX|AVX2]
Thread count: 48 physical cores, 96 logical processors, using up to 1 threads

Non-default parameters:
Presolve  0
Threads  1

Optimize a model with 769 rows, 10 columns and 7690 nonzeros (Max)
Model fingerprint: 0xdc1ab187
Model has 10 linear objective coefficients
Coefficient statistics:
  Matrix range     [1e+00, 3e+00]
  Objective range  [1e+00, 3e+00]
  Bounds range     [0e+00, 0e+00]
  RHS range        [7e+01, 1e+08]


Iteration    Objective       Primal Inf.    Dual Inf.      Time
       0      handle free variables                          0s
      28   -1.9714013e+02   0.000000e+00   0.000000e+00      0s

Solved in 28 iterations and 0.00 seconds (0.00 work units)
Optimal objective -1.971401312e+02
Solver log file: 'gurobi_separation_gdpopt.ldbd_conopt_Linf.log'
Solver problem files: ('/tmp/tmpqhlc0ypc.pyomo.lp',)
Read LP format model from file /tmp/tmpqhlc0ypc.pyomo.lp
Reading time = 0.00 seconds
obj: 769 rows, 10 columns, 7690 nonzeros
Set parameter Presolve to value 0
Set parameter LogFile to value "gurobi_native.log"
Set parameter Threads to value 1
Gurobi Optimizer version 13.0.1 build v13.0.1rc0 (linux64 - "Oracle Linux Server 9.7")

CPU model: AMD EPYC 7643 48-Core Processor, instruction set [SSE2|AVX|AVX2]
Thread count: 48 physical cores, 96 logical processors, using up to 1 threads

Non-default parameters:
Presolve  0
Threads  1

Optimize a model with 769 rows, 10 columns and 7690 nonzeros (Max)
Model fingerprint: 0xcf88a66e
Model has 10 linear objective coefficients
Coefficient statistics:
  Matrix range     [1e+00, 3e+00]
  Objective range  [1e+00, 3e+00]
  Bounds range     [0e+00, 0e+00]
  RHS range        [7e+01, 1e+08]


Iteration    Objective       Primal Inf.    Dual Inf.      Time
       0      handle free variables                          0s
      22    1.0000000e+08   0.000000e+00   0.000000e+00      0s

Solved in 22 iterations and 0.00 seconds (0.00 work units)
Optimal objective  1.000000000e+08
Solver log file: 'gurobi_separation_gdpopt.ldbd_conopt_Linf.log'
Solver problem files: ('/tmp/tmp1_fb1esk.pyomo.lp',)
Read LP format model from file /tmp/tmp1_fb1esk.pyomo.lp
Reading time = 0.00 seconds
obj: 769 rows, 10 columns, 7690 nonzeros
Set parameter Presolve to value 0
Set parameter LogFile to value "gurobi_native.log"
Set parameter Threads to value 1
Gurobi Optimizer version 13.0.1 build v13.0.1rc0 (linux64 - "Oracle Linux Server 9.7")

CPU model: AMD EPYC 7643 48-Core Processor, instruction set [SSE2|AVX|AVX2]
Thread count: 48 physical cores, 96 logical processors, using up to 1 threads

Non-default parameters:
Presolve  0
Threads  1

Optimize a model with 769 rows, 10 columns and 7690 nonzeros (Max)
Model fingerprint: 0xf94e8e6e
Model has 10 linear objective coefficients
Coefficient statistics:
  Matrix range     [1e+00, 3e+00]
  Objective range  [1e+00, 3e+00]
  Bounds range     [0e+00, 0e+00]
  RHS range        [7e+01, 1e+08]


Iteration    Objective       Primal Inf.    Dual Inf.      Time
       0      handle free variables                          0s
      27    1.0000000e+08   0.000000e+00   0.000000e+00      0s

Solved in 27 iterations and 0.00 seconds (0.00 work units)
Optimal objective  1.000000000e+08
Solver log file: 'gurobi_separation_gdpopt.ldbd_conopt_Linf.log'
Solver problem files: ('/tmp/tmpx34crj4c.pyomo.lp',)
Read LP format model from file /tmp/tmpx34crj4c.pyomo.lp
Reading time = 0.00 seconds
obj: 769 rows, 10 columns, 7690 nonzeros
Set parameter Presolve to value 0
Set parameter LogFile to value "gurobi_native.log"
Set parameter Threads to value 1
Gurobi Optimizer version 13.0.1 build v13.0.1rc0 (linux64 - "Oracle Linux Server 9.7")

CPU model: AMD EPYC 7643 48-Core Processor, instruction set [SSE2|AVX|AVX2]
Thread count: 48 physical cores, 96 logical processors, using up to 1 threads

Non-default parameters:
Presolve  0
Threads  1

Optimize a model with 769 rows, 10 columns and 7690 nonzeros (Max)
Model fingerprint: 0x71d89f1a
Model has 10 linear objective coefficients
Coefficient statistics:
  Matrix range     [1e+00, 3e+00]
  Objective range  [1e+00, 3e+00]
  Bounds range     [0e+00, 0e+00]
  RHS range        [7e+01, 1e+08]


Iteration    Objective       Primal Inf.    Dual Inf.      Time
       0      handle free variables                          0s
      32    1.0000000e+08   0.000000e+00   0.000000e+00      0s

Solved in 32 iterations and 0.00 seconds (0.00 work units)
Optimal objective  1.000000000e+08
Solver log file: 'gurobi_master_gdpopt.ldbd_conopt_Linf.log'
Solver problem files: ('/tmp/tmphzj5bliw.pyomo.lp',)
Read LP format model from file /tmp/tmphzj5bliw.pyomo.lp
Reading time = 0.00 seconds
obj: 4 rows, 10 columns, 22 nonzeros
Set parameter Presolve to value 0
Set parameter LogFile to value "gurobi_native.log"
Set parameter Threads to value 1
Gurobi Optimizer version 13.0.1 build v13.0.1rc0 (linux64 - "Oracle Linux Server 9.7")

CPU model: AMD EPYC 7643 48-Core Processor, instruction set [SSE2|AVX|AVX2]
Thread count: 48 physical cores, 96 logical processors, using up to 1 threads

Non-default parameters:
Presolve  0
Threads  1

Optimize a model with 4 rows, 10 columns and 22 nonzeros (Min)
Model fingerprint: 0x3ca51383
Model has 1 linear objective coefficients
Variable types: 1 continuous, 9 integer (0 binary)
Coefficient statistics:
  Matrix range     [1e-08, 2e+08]
  Objective range  [1e+00, 1e+00]
  Bounds range     [1e+00, 3e+00]
  RHS range        [1e+02, 2e+08]
Warning: Model contains large matrix coefficient range
         Consider reformulating model or setting NumericFocus parameter
         to avoid numerical issues.

Found heuristic solution: objective 1.000000e+08
Variable types: 1 continuous, 9 integer (0 binary)

Root relaxation: objective -5.000027e+07, 4 iterations, 0.00 seconds (0.00 work units)

    Nodes    |    Current Node    |     Objective Bounds      |     Work
 Expl Unexpl |  Obj  Depth IntInf | Incumbent    BestBd   Gap | It/Node Time

     0     0 -5.000e+07    0    3 1.0000e+08 -5.000e+07   150%     -    0s
H    0     0                    -199.8338695 -5.000e+07      -     -    0s
H    0     0                    -207.6261163 -5.000e+07      -     -    0s
     0     0 -212.00879    0    3 -207.62612 -212.00879  2.11%     -    0s
H    0     0                    -212.0087874 -212.00879  0.00%     -    0s
     0     0 -212.00879    0    3 -212.00879 -212.00879  0.00%     -    0s

Explored 1 nodes (4 simplex iterations) in 0.00 seconds (0.00 work units)
Thread count was 1 (of 96 available processors)

Solution count 4: -212.009 -207.626 -199.834 1e+08 
No other solutions better than -212.009

Optimal solution found (tolerance 1.00e-04)
Best objective -2.120087874137e+02, best bound -2.120087874137e+02, gap 0.0000%
        4            Master   (1, 2, 2, 1, 3, 3, 3, 3, 3)    -212.00879    -212.00879      0.00%   1415.09  
        4         UB update   (1, 2, 2, 2, 3, 3, 3, 3, 3)    -212.00879    -212.00879      0.00%   1415.09  
LDBD bounds converged: UB=-212.00878715675523, LB=-212.00878741367362
Search path: (1, 2, 3, 3, 3, 3, 3, 3, 3) -> (1, 1, 1, 1, 1, 1, 1, 3, 3) -> (1, 3, 3, 3, 2, 3, 3, 3, 3) -> (1, 3, 2, 3, 3, 3, 3, 3, 3) -> (1, 2, 2, 1, 3, 3, 3, 3, 3)
Anchor points: (1, 2, 3, 3, 3, 3, 3, 3, 3) -> (1, 1, 1, 1, 1, 1, 1, 3, 3) -> (1, 3, 3, 3, 2, 3, 3, 3, 3) -> (1, 3, 2, 3, 3, 3, 3, 3, 3) -> (1, 2, 2, 1, 3, 3, 3, 3, 3)

Solved in 4 iterations and 1415.09289 seconds
Optimal objective value -212.0087871568
Relative optimality gap 0.00000%

Problem: 
- Name: unknown
  Lower bound: -212.00878741367362
  Upper bound: -212.00878715675523
  Number of objectives: 1
  Number of constraints: 867
  Number of variables: 1671
  Number of binary variables: 24
  Number of integer variables: 0
  Number of continuous variables: 1647
  Number of nonzeros: None
  Sense: minimize
  Number of disjunctions: 9
Solver: 
- Name: GDPopt (22, 5, 13) - LDBD
  Status: ok
  User time: 1415.0928390230983
  Wallclock time: 1415.0928390230983
  Termination condition: optimal
  Iterations: 4
  Timing: main_timer_start_time: 5062068.571294285
total: 1415.0928390230983

