Starting GDPopt version 22.5.13 using LDBD algorithm
iterlim: None
time_limit: 900
tee: true
logger: <Logger pyomo.contrib.gdpopt (INFO)>
mip_solver: gurobi
mip_solver_args:
subproblem_solver: gams
subproblem_solver_args:
  solver: ipopt
direction_norm: L2
starting_point: [1, 1, 1]
logical_constraint_list: None
disjunction_list: ComponentSet(['d[1] (key=d[1])', 'd[2] (key=d[2])', 'd[3] (key=d[3])'])
infinity_output: 100000000.0
integer_tolerance: 1e-05
constraint_tolerance: 1e-06
variable_tolerance: 1e-08
subproblem_initialization_method: <function restore_vars_to_original_values at 0x7f9cbac7ba60>
call_before_subproblem_solve: <class 'type'>
call_after_subproblem_solve: <class 'type'>
call_after_subproblem_feasible: <class 'type'>
force_subproblem_nlp: false
subproblem_presolve: true
tighten_nlp_var_bounds: false
round_discrete_vars: true
max_fbbt_iterations: 3
bound_tolerance: 1e-06
separation_solver: gurobi
separation_solver_args:
cuts_for_all_evaluated_points: false

If you use this software, you may cite the following:
            - Implementation:
            Chen, Q; Johnson, ES; Bernal, DE; Valentin, R; Kale, S;
            Bates, J; Siirola, JD; Grossmann, IE.
            Pyomo.GDP: an ecosystem for logic based modeling and optimization
            development.
            Optimization and Engineering, 2021.

Liñán, D. A.; Ricardez‐Sandoval, L. A. A Benders Decomposition Framework for the Optimization of Disjunctive Superstructures with Ordered Discrete Decisions. AIChE Journal 2023, 69 (5), e18008. https://doi.org/10.1002/aic.18008.
Original model has 283 constraints (10 nonlinear) and 3 disjunctions, with 552 variables, of which 5 are binary, 0 are integer, and 547 are continuous.
Reformulation Summary:
  Index | Ext Var | LB | UB | Associated Boolean Vars
=====================================================================================================
Iteration |   Search Type   |  External Variables  | Lower Bound | Upper Bound |   Gap    | Time(s)

        0     Initial point              (1, 1, 1)          -inf    -293.85237       inf%      0.75  *
        1    Skipped Anchor              (1, 1, 1)          -inf    -293.85237       inf%      0.75  
        1          Neighbor              (1, 1, 2)          -inf    -294.75115       inf%      1.69  *
        1            Master              (1, 1, 2)    -294.75115    -294.75115      0.00%      1.74  
        1         UB update              (1, 1, 2)    -294.75115    -294.75115      0.00%      1.74  
        1   Anchor (promoted)              (1, 1, 2)    -294.75115    -294.75115      0.00%      1.74  
LDBD bounds converged: UB=-294.75115378634655, LB=-294.7511538020649
Search path: (1, 1, 1) -> (1, 1, 2)
Anchor points: (1, 1, 1) -> (1, 1, 2)

Solved in 1 iterations and 1.74009 seconds
Optimal objective value -294.7511537863
Relative optimality gap 0.00000%

Problem: 
- Name: unknown
  Lower bound: -294.7511538020649
  Upper bound: -294.75115378634655
  Number of objectives: 1
  Number of constraints: 283
  Number of variables: 552
  Number of binary variables: 5
  Number of integer variables: 0
  Number of continuous variables: 547
  Number of nonzeros: None
  Sense: minimize
  Number of disjunctions: 3
Solver: 
- Name: GDPopt (22, 5, 13) - LDBD
  Status: ok
  User time: 1.7400483582168818
  Wallclock time: 1.7400483582168818
  Termination condition: optimal
  Iterations: 1
  Timing: main_timer_start_time: 4943688.30818856
total: 1.7400483582168818

